SQL> 
SQL> SELECT * FROM DEPARTMENTS;

DEPARTMENT_ID                 
-------------                 
DEPARTMENT_NAME               
------------------------------
MANAGER_ID LOCATION_ID        
---------- -----------        
           10                 
Administration                
       200        1700        
                              
           20                 
Marketing                     
       201        1800        
                              
           50                 
Shiping                       
       124        1500        
                              
           60                 
IT                            
       103        1400        
                              
           80                 

DEPARTMENT_ID                 
-------------                 
DEPARTMENT_NAME               
------------------------------
MANAGER_ID LOCATION_ID        
---------- -----------        
Sales                         
       149        2600        
                              
           90                 
Executive                     
       100        1700        
                              
          110                 
Accounting                    
       205        1700        
                              
          190                 
Contracting                   
                  1700        
                              

8 rows selected.

SQL> SET LINES 240 PAGES 24
SQL> 
SQL> R
  1* SELECT * FROM DEPARTMENTS

DEPARTMENT_ID DEPARTMENT_NAME                MANAGER_ID LOCATION_ID                                                                                                                                                                             
------------- ------------------------------ ---------- -----------                                                                                                                                                                             
           10 Administration                        200        1700                                                                                                                                                                             
           20 Marketing                             201        1800                                                                                                                                                                             
           50 Shiping                               124        1500                                                                                                                                                                             
           60 IT                                    103        1400                                                                                                                                                                             
           80 Sales                                 149        2600                                                                                                                                                                             
           90 Executive                             100        1700                                                                                                                                                                             
          110 Accounting                            205        1700                                                                                                                                                                             
          190 Contracting                                      1700                                                                                                                                                                             

8 rows selected.

SQL> SELECT DEPARTMENT_ID , MANAGER_ID FROM DEPARTMENTS;

DEPARTMENT_ID MANAGER_ID                                                                                                                                                                                                                        
------------- ----------                                                                                                                                                                                                                        
           10        200                                                                                                                                                                                                                        
           20        201                                                                                                                                                                                                                        
           50        124                                                                                                                                                                                                                        
           60        103                                                                                                                                                                                                                        
           80        149                                                                                                                                                                                                                        
           90        100                                                                                                                                                                                                                        
          110        205                                                                                                                                                                                                                        
          190                                                                                                                                                                                                                                   

8 rows selected.

SQL> SELECT DEPARTMENT_ID FROM DEPARTMENTS;

DEPARTMENT_ID                                                                                                                                                                                                                                   
-------------                                                                                                                                                                                                                                   
           10                                                                                                                                                                                                                                   
           20                                                                                                                                                                                                                                   
           50                                                                                                                                                                                                                                   
           60                                                                                                                                                                                                                                   
           80                                                                                                                                                                                                                                   
           90                                                                                                                                                                                                                                   
          110                                                                                                                                                                                                                                   
          190                                                                                                                                                                                                                                   

8 rows selected.

SQL> REM PROJECTION : TO DISPLAY SELECTED COLUMNS OF OUR CHOICE.
SQL> 
SQL> SELECT * FROM REGIONS;

 REGION_ID REGION_NAME                                                                                                                                                                                                                          
---------- -------------------------                                                                                                                                                                                                            
         1 Europe                                                                                                                                                                                                                               
         2 Americas                                                                                                                                                                                                                             
         3 Asia                                                                                                                                                                                                                                 
         4 Middle East and Africa                                                                                                                                                                                                               

SQL> SELECT REGION_ID , REGION_NAME FROM REGIONS;

 REGION_ID REGION_NAME                                                                                                                                                                                                                          
---------- -------------------------                                                                                                                                                                                                            
         1 Europe                                                                                                                                                                                                                               
         2 Americas                                                                                                                                                                                                                             
         3 Asia                                                                                                                                                                                                                                 
         4 Middle East and Africa                                                                                                                                                                                                               

SQL> REM  D M A S ----> PRECEDENCE
SQL> 
SQL> 
SQL> REM B E D M A S : BRACKET -> EXPONENT -> DIVISION -> MULTIPLICATION -> ADDITION -> SUBTRACTION
SQL> 
SQL> SELECT FIRST_NAME , LAST_NAME FROM EMPLOYEES;

FIRST_NAME           LAST_NAME                                                                                                                                                                                                                  
-------------------- -------------------------                                                                                                                                                                                                  
Steven               King                                                                                                                                                                                                                       
Neena                Kochhar                                                                                                                                                                                                                    
Lex                  De Haan                                                                                                                                                                                                                    
Alexander            Hunold                                                                                                                                                                                                                     
Bruce                Ernst                                                                                                                                                                                                                      
Diana                Lorentz                                                                                                                                                                                                                    
Kevin                Mourgos                                                                                                                                                                                                                    
Trenna               Rajs                                                                                                                                                                                                                       
Curtis               Davies                                                                                                                                                                                                                     
Randall              Matos                                                                                                                                                                                                                      
Peter                Vargas                                                                                                                                                                                                                     
Eleni                Zlotkey                                                                                                                                                                                                                    
Ellen                Abel                                                                                                                                                                                                                       
Jonathon             Taylor                                                                                                                                                                                                                     
Kimerely             Grant                                                                                                                                                                                                                      
Jennifer             Whalen                                                                                                                                                                                                                     
Michael              Hartstein                                                                                                                                                                                                                  
Pat                  Fay                                                                                                                                                                                                                        
Shelley              Higgins                                                                                                                                                                                                                    
William              Gietz                                                                                                                                                                                                                      

20 rows selected.

SQL> SELECT FIRST_NAME , SALARY FROM EMPLOYEES;

FIRST_NAME               SALARY                                                                                                                                                                                                                 
-------------------- ----------                                                                                                                                                                                                                 
Steven                    24000                                                                                                                                                                                                                 
Neena                     17000                                                                                                                                                                                                                 
Lex                       17000                                                                                                                                                                                                                 
Alexander                  9000                                                                                                                                                                                                                 
Bruce                      6000                                                                                                                                                                                                                 
Diana                      4200                                                                                                                                                                                                                 
Kevin                      5800                                                                                                                                                                                                                 
Trenna                     3500                                                                                                                                                                                                                 
Curtis                     3100                                                                                                                                                                                                                 
Randall                    2600                                                                                                                                                                                                                 
Peter                      2500                                                                                                                                                                                                                 
Eleni                     10500                                                                                                                                                                                                                 
Ellen                     11000                                                                                                                                                                                                                 
Jonathon                   8600                                                                                                                                                                                                                 
Kimerely                   7000                                                                                                                                                                                                                 
Jennifer                   4400                                                                                                                                                                                                                 
Michael                   13000                                                                                                                                                                                                                 
Pat                        6000                                                                                                                                                                                                                 
Shelley                   12000                                                                                                                                                                                                                 
William                    8300                                                                                                                                                                                                                 

20 rows selected.

SQL> SELECT FIRST_NAME , SALARY , SALARY + 3000 FROM EMPLOYEES;

FIRST_NAME               SALARY SALARY+3000                                                                                                                                                                                                     
-------------------- ---------- -----------                                                                                                                                                                                                     
Steven                    24000       27000                                                                                                                                                                                                     
Neena                     17000       20000                                                                                                                                                                                                     
Lex                       17000       20000                                                                                                                                                                                                     
Alexander                  9000       12000                                                                                                                                                                                                     
Bruce                      6000        9000                                                                                                                                                                                                     
Diana                      4200        7200                                                                                                                                                                                                     
Kevin                      5800        8800                                                                                                                                                                                                     
Trenna                     3500        6500                                                                                                                                                                                                     
Curtis                     3100        6100                                                                                                                                                                                                     
Randall                    2600        5600                                                                                                                                                                                                     
Peter                      2500        5500                                                                                                                                                                                                     
Eleni                     10500       13500                                                                                                                                                                                                     
Ellen                     11000       14000                                                                                                                                                                                                     
Jonathon                   8600       11600                                                                                                                                                                                                     
Kimerely                   7000       10000                                                                                                                                                                                                     
Jennifer                   4400        7400                                                                                                                                                                                                     
Michael                   13000       16000                                                                                                                                                                                                     
Pat                        6000        9000                                                                                                                                                                                                     
Shelley                   12000       15000                                                                                                                                                                                                     
William                    8300       11300                                                                                                                                                                                                     

20 rows selected.

SQL> SELECT FIRST_NAME , SALARY , salary + 3000 FROM EMPLOYEES;

FIRST_NAME               SALARY SALARY+3000                                                                                                                                                                                                     
-------------------- ---------- -----------                                                                                                                                                                                                     
Steven                    24000       27000                                                                                                                                                                                                     
Neena                     17000       20000                                                                                                                                                                                                     
Lex                       17000       20000                                                                                                                                                                                                     
Alexander                  9000       12000                                                                                                                                                                                                     
Bruce                      6000        9000                                                                                                                                                                                                     
Diana                      4200        7200                                                                                                                                                                                                     
Kevin                      5800        8800                                                                                                                                                                                                     
Trenna                     3500        6500                                                                                                                                                                                                     
Curtis                     3100        6100                                                                                                                                                                                                     
Randall                    2600        5600                                                                                                                                                                                                     
Peter                      2500        5500                                                                                                                                                                                                     
Eleni                     10500       13500                                                                                                                                                                                                     
Ellen                     11000       14000                                                                                                                                                                                                     
Jonathon                   8600       11600                                                                                                                                                                                                     
Kimerely                   7000       10000                                                                                                                                                                                                     
Jennifer                   4400        7400                                                                                                                                                                                                     
Michael                   13000       16000                                                                                                                                                                                                     
Pat                        6000        9000                                                                                                                                                                                                     
Shelley                   12000       15000                                                                                                                                                                                                     
William                    8300       11300                                                                                                                                                                                                     

20 rows selected.

SQL> SELECT FIRST_NAME , SALARY , salary + 3000  NEWSALARY FROM EMPLOYEES;

FIRST_NAME               SALARY  NEWSALARY                                                                                                                                                                                                      
-------------------- ---------- ----------                                                                                                                                                                                                      
Steven                    24000      27000                                                                                                                                                                                                      
Neena                     17000      20000                                                                                                                                                                                                      
Lex                       17000      20000                                                                                                                                                                                                      
Alexander                  9000      12000                                                                                                                                                                                                      
Bruce                      6000       9000                                                                                                                                                                                                      
Diana                      4200       7200                                                                                                                                                                                                      
Kevin                      5800       8800                                                                                                                                                                                                      
Trenna                     3500       6500                                                                                                                                                                                                      
Curtis                     3100       6100                                                                                                                                                                                                      
Randall                    2600       5600                                                                                                                                                                                                      
Peter                      2500       5500                                                                                                                                                                                                      
Eleni                     10500      13500                                                                                                                                                                                                      
Ellen                     11000      14000                                                                                                                                                                                                      
Jonathon                   8600      11600                                                                                                                                                                                                      
Kimerely                   7000      10000                                                                                                                                                                                                      
Jennifer                   4400       7400                                                                                                                                                                                                      
Michael                   13000      16000                                                                                                                                                                                                      
Pat                        6000       9000                                                                                                                                                                                                      
Shelley                   12000      15000                                                                                                                                                                                                      
William                    8300      11300                                                                                                                                                                                                      

20 rows selected.

SQL> SELECT FIRST_NAME , SALARY CURRENTSALARY, salary + 3000  NEWSALARY FROM EMPLOYEES;

FIRST_NAME           CURRENTSALARY  NEWSALARY                                                                                                                                                                                                   
-------------------- ------------- ----------                                                                                                                                                                                                   
Steven                       24000      27000                                                                                                                                                                                                   
Neena                        17000      20000                                                                                                                                                                                                   
Lex                          17000      20000                                                                                                                                                                                                   
Alexander                     9000      12000                                                                                                                                                                                                   
Bruce                         6000       9000                                                                                                                                                                                                   
Diana                         4200       7200                                                                                                                                                                                                   
Kevin                         5800       8800                                                                                                                                                                                                   
Trenna                        3500       6500                                                                                                                                                                                                   
Curtis                        3100       6100                                                                                                                                                                                                   
Randall                       2600       5600                                                                                                                                                                                                   
Peter                         2500       5500                                                                                                                                                                                                   
Eleni                        10500      13500                                                                                                                                                                                                   
Ellen                        11000      14000                                                                                                                                                                                                   
Jonathon                      8600      11600                                                                                                                                                                                                   
Kimerely                      7000      10000                                                                                                                                                                                                   
Jennifer                      4400       7400                                                                                                                                                                                                   
Michael                      13000      16000                                                                                                                                                                                                   
Pat                           6000       9000                                                                                                                                                                                                   
Shelley                      12000      15000                                                                                                                                                                                                   
William                       8300      11300                                                                                                                                                                                                   

20 rows selected.

SQL> SELECT FIRST_NAME , SALARY CURRENT SALARY, salary + 3000  NEWSALARY FROM EMPLOYEES;
SELECT FIRST_NAME , SALARY CURRENT SALARY, salary + 3000  NEWSALARY FROM EMPLOYEES
                           *
ERROR at line 1:
ORA-00923: FROM keyword not found where expected 


SQL> SELECT FIRST_NAME , SALARY CURRENT_SALARY, salary + 3000  NEWSALARY FROM EMPLOYEES;

FIRST_NAME           CURRENT_SALARY  NEWSALARY                                                                                                                                                                                                  
-------------------- -------------- ----------                                                                                                                                                                                                  
Steven                        24000      27000                                                                                                                                                                                                  
Neena                         17000      20000                                                                                                                                                                                                  
Lex                           17000      20000                                                                                                                                                                                                  
Alexander                      9000      12000                                                                                                                                                                                                  
Bruce                          6000       9000                                                                                                                                                                                                  
Diana                          4200       7200                                                                                                                                                                                                  
Kevin                          5800       8800                                                                                                                                                                                                  
Trenna                         3500       6500                                                                                                                                                                                                  
Curtis                         3100       6100                                                                                                                                                                                                  
Randall                        2600       5600                                                                                                                                                                                                  
Peter                          2500       5500                                                                                                                                                                                                  
Eleni                         10500      13500                                                                                                                                                                                                  
Ellen                         11000      14000                                                                                                                                                                                                  
Jonathon                       8600      11600                                                                                                                                                                                                  
Kimerely                       7000      10000                                                                                                                                                                                                  
Jennifer                       4400       7400                                                                                                                                                                                                  
Michael                       13000      16000                                                                                                                                                                                                  
Pat                            6000       9000                                                                                                                                                                                                  
Shelley                       12000      15000                                                                                                                                                                                                  
William                        8300      11300                                                                                                                                                                                                  

20 rows selected.

SQL> SELECT FIRST_NAME , SALARY CURRENT_#$SALARY, salary + 3000  NEWSALARY FROM EMPLOYEES;

FIRST_NAME           CURRENT_#$SALARY  NEWSALARY                                                                                                                                                                                                
-------------------- ---------------- ----------                                                                                                                                                                                                
Steven                          24000      27000                                                                                                                                                                                                
Neena                           17000      20000                                                                                                                                                                                                
Lex                             17000      20000                                                                                                                                                                                                
Alexander                        9000      12000                                                                                                                                                                                                
Bruce                            6000       9000                                                                                                                                                                                                
Diana                            4200       7200                                                                                                                                                                                                
Kevin                            5800       8800                                                                                                                                                                                                
Trenna                           3500       6500                                                                                                                                                                                                
Curtis                           3100       6100                                                                                                                                                                                                
Randall                          2600       5600                                                                                                                                                                                                
Peter                            2500       5500                                                                                                                                                                                                
Eleni                           10500      13500                                                                                                                                                                                                
Ellen                           11000      14000                                                                                                                                                                                                
Jonathon                         8600      11600                                                                                                                                                                                                
Kimerely                         7000      10000                                                                                                                                                                                                
Jennifer                         4400       7400                                                                                                                                                                                                
Michael                         13000      16000                                                                                                                                                                                                
Pat                              6000       9000                                                                                                                                                                                                
Shelley                         12000      15000                                                                                                                                                                                                
William                          8300      11300                                                                                                                                                                                                

20 rows selected.

SQL> SELECT FIRST_NAME , SALARY CURRENT_#$^SALARY, salary + 3000  NEWSALARY FROM EMPLOYEES;
SELECT FIRST_NAME , SALARY CURRENT_#$^SALARY, salary + 3000  NEWSALARY FROM EMPLOYEES
                                     *
ERROR at line 1:
ORA-00923: FROM keyword not found where expected 


SQL> SELECT FIRST_NAME , SALARY "CURRENT_#$^SALARY", salary + 3000  NEWSALARY FROM EMPLOYEES;

FIRST_NAME           CURRENT_#$^SALARY  NEWSALARY                                                                                                                                                                                               
-------------------- ----------------- ----------                                                                                                                                                                                               
Steven                           24000      27000                                                                                                                                                                                               
Neena                            17000      20000                                                                                                                                                                                               
Lex                              17000      20000                                                                                                                                                                                               
Alexander                         9000      12000                                                                                                                                                                                               
Bruce                             6000       9000                                                                                                                                                                                               
Diana                             4200       7200                                                                                                                                                                                               
Kevin                             5800       8800                                                                                                                                                                                               
Trenna                            3500       6500                                                                                                                                                                                               
Curtis                            3100       6100                                                                                                                                                                                               
Randall                           2600       5600                                                                                                                                                                                               
Peter                             2500       5500                                                                                                                                                                                               
Eleni                            10500      13500                                                                                                                                                                                               
Ellen                            11000      14000                                                                                                                                                                                               
Jonathon                          8600      11600                                                                                                                                                                                               
Kimerely                          7000      10000                                                                                                                                                                                               
Jennifer                          4400       7400                                                                                                                                                                                               
Michael                          13000      16000                                                                                                                                                                                               
Pat                               6000       9000                                                                                                                                                                                               
Shelley                          12000      15000                                                                                                                                                                                               
William                           8300      11300                                                                                                                                                                                               

20 rows selected.

SQL> SELECT FIRST_NAME , SALARY CURRENT SALARY, salary + 3000  NEWSALARY FROM EMPLOYEES;
SELECT FIRST_NAME , SALARY CURRENT SALARY, salary + 3000  NEWSALARY FROM EMPLOYEES
                           *
ERROR at line 1:
ORA-00923: FROM keyword not found where expected 


SQL> SELECT FIRST_NAME , SALARY "CURRENT SALARY", salary + 3000  NEWSALARY FROM EMPLOYEES;

FIRST_NAME           CURRENT SALARY  NEWSALARY                                                                                                                                                                                                  
-------------------- -------------- ----------                                                                                                                                                                                                  
Steven                        24000      27000                                                                                                                                                                                                  
Neena                         17000      20000                                                                                                                                                                                                  
Lex                           17000      20000                                                                                                                                                                                                  
Alexander                      9000      12000                                                                                                                                                                                                  
Bruce                          6000       9000                                                                                                                                                                                                  
Diana                          4200       7200                                                                                                                                                                                                  
Kevin                          5800       8800                                                                                                                                                                                                  
Trenna                         3500       6500                                                                                                                                                                                                  
Curtis                         3100       6100                                                                                                                                                                                                  
Randall                        2600       5600                                                                                                                                                                                                  
Peter                          2500       5500                                                                                                                                                                                                  
Eleni                         10500      13500                                                                                                                                                                                                  
Ellen                         11000      14000                                                                                                                                                                                                  
Jonathon                       8600      11600                                                                                                                                                                                                  
Kimerely                       7000      10000                                                                                                                                                                                                  
Jennifer                       4400       7400                                                                                                                                                                                                  
Michael                       13000      16000                                                                                                                                                                                                  
Pat                            6000       9000                                                                                                                                                                                                  
Shelley                       12000      15000                                                                                                                                                                                                  
William                        8300      11300                                                                                                                                                                                                  

20 rows selected.

SQL> SELECT FIRST_NAME , SALARY CurrentSalary, salary + 3000  NEWSALARY FROM EMPLOYEES;

FIRST_NAME           CURRENTSALARY  NEWSALARY                                                                                                                                                                                                   
-------------------- ------------- ----------                                                                                                                                                                                                   
Steven                       24000      27000                                                                                                                                                                                                   
Neena                        17000      20000                                                                                                                                                                                                   
Lex                          17000      20000                                                                                                                                                                                                   
Alexander                     9000      12000                                                                                                                                                                                                   
Bruce                         6000       9000                                                                                                                                                                                                   
Diana                         4200       7200                                                                                                                                                                                                   
Kevin                         5800       8800                                                                                                                                                                                                   
Trenna                        3500       6500                                                                                                                                                                                                   
Curtis                        3100       6100                                                                                                                                                                                                   
Randall                       2600       5600                                                                                                                                                                                                   
Peter                         2500       5500                                                                                                                                                                                                   
Eleni                        10500      13500                                                                                                                                                                                                   
Ellen                        11000      14000                                                                                                                                                                                                   
Jonathon                      8600      11600                                                                                                                                                                                                   
Kimerely                      7000      10000                                                                                                                                                                                                   
Jennifer                      4400       7400                                                                                                                                                                                                   
Michael                      13000      16000                                                                                                                                                                                                   
Pat                           6000       9000                                                                                                                                                                                                   
Shelley                      12000      15000                                                                                                                                                                                                   
William                       8300      11300                                                                                                                                                                                                   

20 rows selected.

SQL> SELECT FIRST_NAME , SALARY "CurrentSalary", salary + 3000  NEWSALARY FROM EMPLOYEES;

FIRST_NAME           CurrentSalary  NEWSALARY                                                                                                                                                                                                   
-------------------- ------------- ----------                                                                                                                                                                                                   
Steven                       24000      27000                                                                                                                                                                                                   
Neena                        17000      20000                                                                                                                                                                                                   
Lex                          17000      20000                                                                                                                                                                                                   
Alexander                     9000      12000                                                                                                                                                                                                   
Bruce                         6000       9000                                                                                                                                                                                                   
Diana                         4200       7200                                                                                                                                                                                                   
Kevin                         5800       8800                                                                                                                                                                                                   
Trenna                        3500       6500                                                                                                                                                                                                   
Curtis                        3100       6100                                                                                                                                                                                                   
Randall                       2600       5600                                                                                                                                                                                                   
Peter                         2500       5500                                                                                                                                                                                                   
Eleni                        10500      13500                                                                                                                                                                                                   
Ellen                        11000      14000                                                                                                                                                                                                   
Jonathon                      8600      11600                                                                                                                                                                                                   
Kimerely                      7000      10000                                                                                                                                                                                                   
Jennifer                      4400       7400                                                                                                                                                                                                   
Michael                      13000      16000                                                                                                                                                                                                   
Pat                           6000       9000                                                                                                                                                                                                   
Shelley                      12000      15000                                                                                                                                                                                                   
William                       8300      11300                                                                                                                                                                                                   

20 rows selected.

SQL> SELECT FIRST_NAME , SALARY select, salary + 3000  NEWSALARY FROM EMPLOYEES;
SELECT FIRST_NAME , SALARY select, salary + 3000  NEWSALARY FROM EMPLOYEES
                           *
ERROR at line 1:
ORA-00923: FROM keyword not found where expected 


SQL> SELECT FIRST_NAME , SALARY "select", salary + 3000  NEWSALARY FROM EMPLOYEES;

FIRST_NAME               select  NEWSALARY                                                                                                                                                                                                      
-------------------- ---------- ----------                                                                                                                                                                                                      
Steven                    24000      27000                                                                                                                                                                                                      
Neena                     17000      20000                                                                                                                                                                                                      
Lex                       17000      20000                                                                                                                                                                                                      
Alexander                  9000      12000                                                                                                                                                                                                      
Bruce                      6000       9000                                                                                                                                                                                                      
Diana                      4200       7200                                                                                                                                                                                                      
Kevin                      5800       8800                                                                                                                                                                                                      
Trenna                     3500       6500                                                                                                                                                                                                      
Curtis                     3100       6100                                                                                                                                                                                                      
Randall                    2600       5600                                                                                                                                                                                                      
Peter                      2500       5500                                                                                                                                                                                                      
Eleni                     10500      13500                                                                                                                                                                                                      
Ellen                     11000      14000                                                                                                                                                                                                      
Jonathon                   8600      11600                                                                                                                                                                                                      
Kimerely                   7000      10000                                                                                                                                                                                                      
Jennifer                   4400       7400                                                                                                                                                                                                      
Michael                   13000      16000                                                                                                                                                                                                      
Pat                        6000       9000                                                                                                                                                                                                      
Shelley                   12000      15000                                                                                                                                                                                                      
William                    8300      11300                                                                                                                                                                                                      

20 rows selected.

SQL> REM COLUMN ALIAS MAY REQUIRE DELIMITERS
SQL> 
SQL> REM 1 IF WE WANT TO USE MULTIPLE WORDS AS COLUMN ALIAS
SQL> 
SQL> REM 2 IF WE WANT TO USE SPECIAL CHARACTER INSIDE COLUMN ALIAS (OTHER THAN _ # $)
SQL> 
SQL> REM 3 IF WE WANT TO DISPLAY CASE SENSITIVE COLUMN ALIAS
SQL> 
SQL> REM 4 IF WE WANT TO USE KEY/RESERVE WORD AS COLUMN ALIAS
SQL> 
SQL> 
SQL> 
SQL> SELECT FIRST_NAME , SALARY "select", salary + 3000 AS NEWSALARY FROM EMPLOYEES;

FIRST_NAME               select  NEWSALARY                                                                                                                                                                                                      
-------------------- ---------- ----------                                                                                                                                                                                                      
Steven                    24000      27000                                                                                                                                                                                                      
Neena                     17000      20000                                                                                                                                                                                                      
Lex                       17000      20000                                                                                                                                                                                                      
Alexander                  9000      12000                                                                                                                                                                                                      
Bruce                      6000       9000                                                                                                                                                                                                      
Diana                      4200       7200                                                                                                                                                                                                      
Kevin                      5800       8800                                                                                                                                                                                                      
Trenna                     3500       6500                                                                                                                                                                                                      
Curtis                     3100       6100                                                                                                                                                                                                      
Randall                    2600       5600                                                                                                                                                                                                      
Peter                      2500       5500                                                                                                                                                                                                      
Eleni                     10500      13500                                                                                                                                                                                                      
Ellen                     11000      14000                                                                                                                                                                                                      
Jonathon                   8600      11600                                                                                                                                                                                                      
Kimerely                   7000      10000                                                                                                                                                                                                      
Jennifer                   4400       7400                                                                                                                                                                                                      
Michael                   13000      16000                                                                                                                                                                                                      
Pat                        6000       9000                                                                                                                                                                                                      
Shelley                   12000      15000                                                                                                                                                                                                      
William                    8300      11300                                                                                                                                                                                                      

20 rows selected.

SQL> REM AS KEY WORD BEFORE COLUMN ALIAS IS OPTIONAL
SQL> 
SQL> 
SQL> SELECT FIRST_NAME , SALARY , SALARY * 12 AS "ANNUAL SALARY" FROM EMPLOYEES;

FIRST_NAME               SALARY ANNUAL SALARY                                                                                                                                                                                                   
-------------------- ---------- -------------                                                                                                                                                                                                   
Steven                    24000        288000                                                                                                                                                                                                   
Neena                     17000        204000                                                                                                                                                                                                   
Lex                       17000        204000                                                                                                                                                                                                   
Alexander                  9000        108000                                                                                                                                                                                                   
Bruce                      6000         72000                                                                                                                                                                                                   
Diana                      4200         50400                                                                                                                                                                                                   
Kevin                      5800         69600                                                                                                                                                                                                   
Trenna                     3500         42000                                                                                                                                                                                                   
Curtis                     3100         37200                                                                                                                                                                                                   
Randall                    2600         31200                                                                                                                                                                                                   
Peter                      2500         30000                                                                                                                                                                                                   
Eleni                     10500        126000                                                                                                                                                                                                   
Ellen                     11000        132000                                                                                                                                                                                                   
Jonathon                   8600        103200                                                                                                                                                                                                   
Kimerely                   7000         84000                                                                                                                                                                                                   
Jennifer                   4400         52800                                                                                                                                                                                                   
Michael                   13000        156000                                                                                                                                                                                                   
Pat                        6000         72000                                                                                                                                                                                                   
Shelley                   12000        144000                                                                                                                                                                                                   
William                    8300         99600                                                                                                                                                                                                   

20 rows selected.

SQL> SELECT FIRST_NAME , SALARY , SALARY + 3000 NEWSALARY , SALARY * 12 ANNUALSALARY , SALARY + 3000 * 12 NEWANNUALSALARY FROM EMPLOYEES;

FIRST_NAME               SALARY  NEWSALARY ANNUALSALARY NEWANNUALSALARY                                                                                                                                                                         
-------------------- ---------- ---------- ------------ ---------------                                                                                                                                                                         
Steven                    24000      27000       288000           60000                                                                                                                                                                         
Neena                     17000      20000       204000           53000                                                                                                                                                                         
Lex                       17000      20000       204000           53000                                                                                                                                                                         
Alexander                  9000      12000       108000           45000                                                                                                                                                                         
Bruce                      6000       9000        72000           42000                                                                                                                                                                         
Diana                      4200       7200        50400           40200                                                                                                                                                                         
Kevin                      5800       8800        69600           41800                                                                                                                                                                         
Trenna                     3500       6500        42000           39500                                                                                                                                                                         
Curtis                     3100       6100        37200           39100                                                                                                                                                                         
Randall                    2600       5600        31200           38600                                                                                                                                                                         
Peter                      2500       5500        30000           38500                                                                                                                                                                         
Eleni                     10500      13500       126000           46500                                                                                                                                                                         
Ellen                     11000      14000       132000           47000                                                                                                                                                                         
Jonathon                   8600      11600       103200           44600                                                                                                                                                                         
Kimerely                   7000      10000        84000           43000                                                                                                                                                                         
Jennifer                   4400       7400        52800           40400                                                                                                                                                                         
Michael                   13000      16000       156000           49000                                                                                                                                                                         
Pat                        6000       9000        72000           42000                                                                                                                                                                         
Shelley                   12000      15000       144000           48000                                                                                                                                                                         
William                    8300      11300        99600           44300                                                                                                                                                                         

20 rows selected.

SQL> REM B E D M A S
SQL> 
SQL> SELECT FIRST_NAME , SALARY , SALARY + 3000 NEWSALARY , SALARY * 12 ANNUALSALARY , (SALARY + 3000) * 12 NEWANNUALSALARY FROM EMPLOYEES;

FIRST_NAME               SALARY  NEWSALARY ANNUALSALARY NEWANNUALSALARY                                                                                                                                                                         
-------------------- ---------- ---------- ------------ ---------------                                                                                                                                                                         
Steven                    24000      27000       288000          324000                                                                                                                                                                         
Neena                     17000      20000       204000          240000                                                                                                                                                                         
Lex                       17000      20000       204000          240000                                                                                                                                                                         
Alexander                  9000      12000       108000          144000                                                                                                                                                                         
Bruce                      6000       9000        72000          108000                                                                                                                                                                         
Diana                      4200       7200        50400           86400                                                                                                                                                                         
Kevin                      5800       8800        69600          105600                                                                                                                                                                         
Trenna                     3500       6500        42000           78000                                                                                                                                                                         
Curtis                     3100       6100        37200           73200                                                                                                                                                                         
Randall                    2600       5600        31200           67200                                                                                                                                                                         
Peter                      2500       5500        30000           66000                                                                                                                                                                         
Eleni                     10500      13500       126000          162000                                                                                                                                                                         
Ellen                     11000      14000       132000          168000                                                                                                                                                                         
Jonathon                   8600      11600       103200          139200                                                                                                                                                                         
Kimerely                   7000      10000        84000          120000                                                                                                                                                                         
Jennifer                   4400       7400        52800           88800                                                                                                                                                                         
Michael                   13000      16000       156000          192000                                                                                                                                                                         
Pat                        6000       9000        72000          108000                                                                                                                                                                         
Shelley                   12000      15000       144000          180000                                                                                                                                                                         
William                    8300      11300        99600          135600                                                                                                                                                                         

20 rows selected.

SQL> REM CONCATENATION OPERATOR : ||
SQL> 
SQL> REM TO CLUB/JOIN TWO ITEMS
SQL> 
SQL> SELECT FIRST_NAME , LAST_NAME FROM EMPLOYEES;

FIRST_NAME           LAST_NAME                                                                                                                                                                                                                  
-------------------- -------------------------                                                                                                                                                                                                  
Steven               King                                                                                                                                                                                                                       
Neena                Kochhar                                                                                                                                                                                                                    
Lex                  De Haan                                                                                                                                                                                                                    
Alexander            Hunold                                                                                                                                                                                                                     
Bruce                Ernst                                                                                                                                                                                                                      
Diana                Lorentz                                                                                                                                                                                                                    
Kevin                Mourgos                                                                                                                                                                                                                    
Trenna               Rajs                                                                                                                                                                                                                       
Curtis               Davies                                                                                                                                                                                                                     
Randall              Matos                                                                                                                                                                                                                      
Peter                Vargas                                                                                                                                                                                                                     
Eleni                Zlotkey                                                                                                                                                                                                                    
Ellen                Abel                                                                                                                                                                                                                       
Jonathon             Taylor                                                                                                                                                                                                                     
Kimerely             Grant                                                                                                                                                                                                                      
Jennifer             Whalen                                                                                                                                                                                                                     
Michael              Hartstein                                                                                                                                                                                                                  
Pat                  Fay                                                                                                                                                                                                                        
Shelley              Higgins                                                                                                                                                                                                                    
William              Gietz                                                                                                                                                                                                                      

20 rows selected.

SQL> SELECT FIRST_NAME || LAST_NAME FROM EMPLOYEES;

FIRST_NAME||LAST_NAME                                                                                                                                                                                                                           
---------------------------------------------                                                                                                                                                                                                   
StevenKing                                                                                                                                                                                                                                      
NeenaKochhar                                                                                                                                                                                                                                    
LexDe Haan                                                                                                                                                                                                                                      
AlexanderHunold                                                                                                                                                                                                                                 
BruceErnst                                                                                                                                                                                                                                      
DianaLorentz                                                                                                                                                                                                                                    
KevinMourgos                                                                                                                                                                                                                                    
TrennaRajs                                                                                                                                                                                                                                      
CurtisDavies                                                                                                                                                                                                                                    
RandallMatos                                                                                                                                                                                                                                    
PeterVargas                                                                                                                                                                                                                                     
EleniZlotkey                                                                                                                                                                                                                                    
EllenAbel                                                                                                                                                                                                                                       
JonathonTaylor                                                                                                                                                                                                                                  
KimerelyGrant                                                                                                                                                                                                                                   
JenniferWhalen                                                                                                                                                                                                                                  
MichaelHartstein                                                                                                                                                                                                                                
PatFay                                                                                                                                                                                                                                          
ShelleyHiggins                                                                                                                                                                                                                                  
WilliamGietz                                                                                                                                                                                                                                    

20 rows selected.

SQL> SELECT FIRST_NAME || ' ' || LAST_NAME FROM EMPLOYEES;

FIRST_NAME||''||LAST_NAME                                                                                                                                                                                                                       
----------------------------------------------                                                                                                                                                                                                  
Steven King                                                                                                                                                                                                                                     
Neena Kochhar                                                                                                                                                                                                                                   
Lex De Haan                                                                                                                                                                                                                                     
Alexander Hunold                                                                                                                                                                                                                                
Bruce Ernst                                                                                                                                                                                                                                     
Diana Lorentz                                                                                                                                                                                                                                   
Kevin Mourgos                                                                                                                                                                                                                                   
Trenna Rajs                                                                                                                                                                                                                                     
Curtis Davies                                                                                                                                                                                                                                   
Randall Matos                                                                                                                                                                                                                                   
Peter Vargas                                                                                                                                                                                                                                    
Eleni Zlotkey                                                                                                                                                                                                                                   
Ellen Abel                                                                                                                                                                                                                                      
Jonathon Taylor                                                                                                                                                                                                                                 
Kimerely Grant                                                                                                                                                                                                                                  
Jennifer Whalen                                                                                                                                                                                                                                 
Michael Hartstein                                                                                                                                                                                                                               
Pat Fay                                                                                                                                                                                                                                         
Shelley Higgins                                                                                                                                                                                                                                 
William Gietz                                                                                                                                                                                                                                   

20 rows selected.

SQL> SELECT FIRST_NAME || ' ' || LAST_NAME FULLNAME FROM EMPLOYEES;

FULLNAME                                                                                                                                                                                                                                        
----------------------------------------------                                                                                                                                                                                                  
Steven King                                                                                                                                                                                                                                     
Neena Kochhar                                                                                                                                                                                                                                   
Lex De Haan                                                                                                                                                                                                                                     
Alexander Hunold                                                                                                                                                                                                                                
Bruce Ernst                                                                                                                                                                                                                                     
Diana Lorentz                                                                                                                                                                                                                                   
Kevin Mourgos                                                                                                                                                                                                                                   
Trenna Rajs                                                                                                                                                                                                                                     
Curtis Davies                                                                                                                                                                                                                                   
Randall Matos                                                                                                                                                                                                                                   
Peter Vargas                                                                                                                                                                                                                                    
Eleni Zlotkey                                                                                                                                                                                                                                   
Ellen Abel                                                                                                                                                                                                                                      
Jonathon Taylor                                                                                                                                                                                                                                 
Kimerely Grant                                                                                                                                                                                                                                  
Jennifer Whalen                                                                                                                                                                                                                                 
Michael Hartstein                                                                                                                                                                                                                               
Pat Fay                                                                                                                                                                                                                                         
Shelley Higgins                                                                                                                                                                                                                                 
William Gietz                                                                                                                                                                                                                                   

20 rows selected.

SQL> SELECT LAST_NAME , SALARY FROM EMPLOYEES;

LAST_NAME                     SALARY                                                                                                                                                                                                            
------------------------- ----------                                                                                                                                                                                                            
King                           24000                                                                                                                                                                                                            
Kochhar                        17000                                                                                                                                                                                                            
De Haan                        17000                                                                                                                                                                                                            
Hunold                          9000                                                                                                                                                                                                            
Ernst                           6000                                                                                                                                                                                                            
Lorentz                         4200                                                                                                                                                                                                            
Mourgos                         5800                                                                                                                                                                                                            
Rajs                            3500                                                                                                                                                                                                            
Davies                          3100                                                                                                                                                                                                            
Matos                           2600                                                                                                                                                                                                            
Vargas                          2500                                                                                                                                                                                                            
Zlotkey                        10500                                                                                                                                                                                                            
Abel                           11000                                                                                                                                                                                                            
Taylor                          8600                                                                                                                                                                                                            
Grant                           7000                                                                                                                                                                                                            
Whalen                          4400                                                                                                                                                                                                            
Hartstein                      13000                                                                                                                                                                                                            
Fay                             6000                                                                                                                                                                                                            
Higgins                        12000                                                                                                                                                                                                            
Gietz                           8300                                                                                                                                                                                                            

20 rows selected.

SQL> REM King gets 24000 as monthly salary.
SQL> REM Gietz gets 8300 as monthly salary.
SQL> 
SQL> SELECT LAST_NAME || ' gets ' || salary || ' as monthly salary.' FROM EMPLOYEES;

LAST_NAME||'GETS'||SALARY||'ASMONTHLYSALARY.'                                                                                                                                                                                                   
------------------------------------------------------------------------------------------                                                                                                                                                      
King gets 24000 as monthly salary.                                                                                                                                                                                                              
Kochhar gets 17000 as monthly salary.                                                                                                                                                                                                           
De Haan gets 17000 as monthly salary.                                                                                                                                                                                                           
Hunold gets 9000 as monthly salary.                                                                                                                                                                                                             
Ernst gets 6000 as monthly salary.                                                                                                                                                                                                              
Lorentz gets 4200 as monthly salary.                                                                                                                                                                                                            
Mourgos gets 5800 as monthly salary.                                                                                                                                                                                                            
Rajs gets 3500 as monthly salary.                                                                                                                                                                                                               
Davies gets 3100 as monthly salary.                                                                                                                                                                                                             
Matos gets 2600 as monthly salary.                                                                                                                                                                                                              
Vargas gets 2500 as monthly salary.                                                                                                                                                                                                             
Zlotkey gets 10500 as monthly salary.                                                                                                                                                                                                           
Abel gets 11000 as monthly salary.                                                                                                                                                                                                              
Taylor gets 8600 as monthly salary.                                                                                                                                                                                                             
Grant gets 7000 as monthly salary.                                                                                                                                                                                                              
Whalen gets 4400 as monthly salary.                                                                                                                                                                                                             
Hartstein gets 13000 as monthly salary.                                                                                                                                                                                                         
Fay gets 6000 as monthly salary.                                                                                                                                                                                                                
Higgins gets 12000 as monthly salary.                                                                                                                                                                                                           
Gietz gets 8300 as monthly salary.                                                                                                                                                                                                              

20 rows selected.

SQL> SELECT LAST_NAME || ' gets ' || salary || ' as monthly salary.' "EMPLOYEE INFO." FROM EMPLOYEES;

EMPLOYEE INFO.                                                                                                                                                                                                                                  
------------------------------------------------------------------------------------------                                                                                                                                                      
King gets 24000 as monthly salary.                                                                                                                                                                                                              
Kochhar gets 17000 as monthly salary.                                                                                                                                                                                                           
De Haan gets 17000 as monthly salary.                                                                                                                                                                                                           
Hunold gets 9000 as monthly salary.                                                                                                                                                                                                             
Ernst gets 6000 as monthly salary.                                                                                                                                                                                                              
Lorentz gets 4200 as monthly salary.                                                                                                                                                                                                            
Mourgos gets 5800 as monthly salary.                                                                                                                                                                                                            
Rajs gets 3500 as monthly salary.                                                                                                                                                                                                               
Davies gets 3100 as monthly salary.                                                                                                                                                                                                             
Matos gets 2600 as monthly salary.                                                                                                                                                                                                              
Vargas gets 2500 as monthly salary.                                                                                                                                                                                                             
Zlotkey gets 10500 as monthly salary.                                                                                                                                                                                                           
Abel gets 11000 as monthly salary.                                                                                                                                                                                                              
Taylor gets 8600 as monthly salary.                                                                                                                                                                                                             
Grant gets 7000 as monthly salary.                                                                                                                                                                                                              
Whalen gets 4400 as monthly salary.                                                                                                                                                                                                             
Hartstein gets 13000 as monthly salary.                                                                                                                                                                                                         
Fay gets 6000 as monthly salary.                                                                                                                                                                                                                
Higgins gets 12000 as monthly salary.                                                                                                                                                                                                           
Gietz gets 8300 as monthly salary.                                                                                                                                                                                                              

20 rows selected.

SQL> REM ' SINGLE QUOTE IS USED FOR DELIMITING LITERAL
SQL> 
SQL> REM " DOUBLE QUOTE IS USED FOR DELIMITING COLUMN ALIAS
SQL> 
SQL> REM King's monthly salary is Rs.24000
SQL> REM Gietz's monthly salary is Rs.8300
SQL> 
SQL> SELECT LAST_NAME || $'s$ 'monthly salary is Rs.' || SALARY FROM EMPLOYEES;
ERROR:
ORA-01756: quoted string not properly terminated 


SQL> SELECT LAST_NAME || 's monthly salary is Rs.' || SALARY FROM EMPLOYEES;

LAST_NAME||'SMONTHLYSALARYISRS.'||SALARY                                                                                                                                                                                                        
----------------------------------------------------------------------------------------                                                                                                                                                        
Kings monthly salary is Rs.24000                                                                                                                                                                                                                
Kochhars monthly salary is Rs.17000                                                                                                                                                                                                             
De Haans monthly salary is Rs.17000                                                                                                                                                                                                             
Hunolds monthly salary is Rs.9000                                                                                                                                                                                                               
Ernsts monthly salary is Rs.6000                                                                                                                                                                                                                
Lorentzs monthly salary is Rs.4200                                                                                                                                                                                                              
Mourgoss monthly salary is Rs.5800                                                                                                                                                                                                              
Rajss monthly salary is Rs.3500                                                                                                                                                                                                                 
Daviess monthly salary is Rs.3100                                                                                                                                                                                                               
Matoss monthly salary is Rs.2600                                                                                                                                                                                                                
Vargass monthly salary is Rs.2500                                                                                                                                                                                                               
Zlotkeys monthly salary is Rs.10500                                                                                                                                                                                                             
Abels monthly salary is Rs.11000                                                                                                                                                                                                                
Taylors monthly salary is Rs.8600                                                                                                                                                                                                               
Grants monthly salary is Rs.7000                                                                                                                                                                                                                
Whalens monthly salary is Rs.4400                                                                                                                                                                                                               
Hartsteins monthly salary is Rs.13000                                                                                                                                                                                                           
Fays monthly salary is Rs.6000                                                                                                                                                                                                                  
Higginss monthly salary is Rs.12000                                                                                                                                                                                                             
Gietzs monthly salary is Rs.8300                                                                                                                                                                                                                

20 rows selected.

SQL> SELECT LAST_NAME || ''s monthly salary is Rs.' || SALARY FROM EMPLOYEES;
ERROR:
ORA-01756: quoted string not properly terminated 


SQL> SELECT LAST_NAME || '''s monthly salary is Rs.' || SALARY FROM EMPLOYEES;

LAST_NAME||'''SMONTHLYSALARYISRS.'||SALARY                                                                                                                                                                                                      
-----------------------------------------------------------------------------------------                                                                                                                                                       
King's monthly salary is Rs.24000                                                                                                                                                                                                               
Kochhar's monthly salary is Rs.17000                                                                                                                                                                                                            
De Haan's monthly salary is Rs.17000                                                                                                                                                                                                            
Hunold's monthly salary is Rs.9000                                                                                                                                                                                                              
Ernst's monthly salary is Rs.6000                                                                                                                                                                                                               
Lorentz's monthly salary is Rs.4200                                                                                                                                                                                                             
Mourgos's monthly salary is Rs.5800                                                                                                                                                                                                             
Rajs's monthly salary is Rs.3500                                                                                                                                                                                                                
Davies's monthly salary is Rs.3100                                                                                                                                                                                                              
Matos's monthly salary is Rs.2600                                                                                                                                                                                                               
Vargas's monthly salary is Rs.2500                                                                                                                                                                                                              
Zlotkey's monthly salary is Rs.10500                                                                                                                                                                                                            
Abel's monthly salary is Rs.11000                                                                                                                                                                                                               
Taylor's monthly salary is Rs.8600                                                                                                                                                                                                              
Grant's monthly salary is Rs.7000                                                                                                                                                                                                               
Whalen's monthly salary is Rs.4400                                                                                                                                                                                                              
Hartstein's monthly salary is Rs.13000                                                                                                                                                                                                          
Fay's monthly salary is Rs.6000                                                                                                                                                                                                                 
Higgins's monthly salary is Rs.12000                                                                                                                                                                                                            
Gietz's monthly salary is Rs.8300                                                                                                                                                                                                               

20 rows selected.

SQL> SELECT LAST_NAME || Q'$'s monthly salary is Rs.$' || SALARY FROM EMPLOYEES;

LAST_NAME||Q'$'SMONTHLYSALARYISRS.$'||SALARY                                                                                                                                                                                                    
-----------------------------------------------------------------------------------------                                                                                                                                                       
King's monthly salary is Rs.24000                                                                                                                                                                                                               
Kochhar's monthly salary is Rs.17000                                                                                                                                                                                                            
De Haan's monthly salary is Rs.17000                                                                                                                                                                                                            
Hunold's monthly salary is Rs.9000                                                                                                                                                                                                              
Ernst's monthly salary is Rs.6000                                                                                                                                                                                                               
Lorentz's monthly salary is Rs.4200                                                                                                                                                                                                             
Mourgos's monthly salary is Rs.5800                                                                                                                                                                                                             
Rajs's monthly salary is Rs.3500                                                                                                                                                                                                                
Davies's monthly salary is Rs.3100                                                                                                                                                                                                              
Matos's monthly salary is Rs.2600                                                                                                                                                                                                               
Vargas's monthly salary is Rs.2500                                                                                                                                                                                                              
Zlotkey's monthly salary is Rs.10500                                                                                                                                                                                                            
Abel's monthly salary is Rs.11000                                                                                                                                                                                                               
Taylor's monthly salary is Rs.8600                                                                                                                                                                                                              
Grant's monthly salary is Rs.7000                                                                                                                                                                                                               
Whalen's monthly salary is Rs.4400                                                                                                                                                                                                              
Hartstein's monthly salary is Rs.13000                                                                                                                                                                                                          
Fay's monthly salary is Rs.6000                                                                                                                                                                                                                 
Higgins's monthly salary is Rs.12000                                                                                                                                                                                                            
Gietz's monthly salary is Rs.8300                                                                                                                                                                                                               

20 rows selected.

SQL> SELECT LAST_NAME || Q'"'s monthly salary is Rs."' || SALARY FROM EMPLOYEES;

LAST_NAME||Q'"'SMONTHLYSALARYISRS."'||SALARY                                                                                                                                                                                                    
-----------------------------------------------------------------------------------------                                                                                                                                                       
King's monthly salary is Rs.24000                                                                                                                                                                                                               
Kochhar's monthly salary is Rs.17000                                                                                                                                                                                                            
De Haan's monthly salary is Rs.17000                                                                                                                                                                                                            
Hunold's monthly salary is Rs.9000                                                                                                                                                                                                              
Ernst's monthly salary is Rs.6000                                                                                                                                                                                                               
Lorentz's monthly salary is Rs.4200                                                                                                                                                                                                             
Mourgos's monthly salary is Rs.5800                                                                                                                                                                                                             
Rajs's monthly salary is Rs.3500                                                                                                                                                                                                                
Davies's monthly salary is Rs.3100                                                                                                                                                                                                              
Matos's monthly salary is Rs.2600                                                                                                                                                                                                               
Vargas's monthly salary is Rs.2500                                                                                                                                                                                                              
Zlotkey's monthly salary is Rs.10500                                                                                                                                                                                                            
Abel's monthly salary is Rs.11000                                                                                                                                                                                                               
Taylor's monthly salary is Rs.8600                                                                                                                                                                                                              
Grant's monthly salary is Rs.7000                                                                                                                                                                                                               
Whalen's monthly salary is Rs.4400                                                                                                                                                                                                              
Hartstein's monthly salary is Rs.13000                                                                                                                                                                                                          
Fay's monthly salary is Rs.6000                                                                                                                                                                                                                 
Higgins's monthly salary is Rs.12000                                                                                                                                                                                                            
Gietz's monthly salary is Rs.8300                                                                                                                                                                                                               

20 rows selected.

SQL> SELECT LAST_NAME || Q'A's monthly salary is Rs.A' || SALARY FROM EMPLOYEES;

LAST_NAME||Q'A'SMONTHLYSALARYISRS.A'||SALARY                                                                                                                                                                                                    
-----------------------------------------------------------------------------------------                                                                                                                                                       
King's monthly salary is Rs.24000                                                                                                                                                                                                               
Kochhar's monthly salary is Rs.17000                                                                                                                                                                                                            
De Haan's monthly salary is Rs.17000                                                                                                                                                                                                            
Hunold's monthly salary is Rs.9000                                                                                                                                                                                                              
Ernst's monthly salary is Rs.6000                                                                                                                                                                                                               
Lorentz's monthly salary is Rs.4200                                                                                                                                                                                                             
Mourgos's monthly salary is Rs.5800                                                                                                                                                                                                             
Rajs's monthly salary is Rs.3500                                                                                                                                                                                                                
Davies's monthly salary is Rs.3100                                                                                                                                                                                                              
Matos's monthly salary is Rs.2600                                                                                                                                                                                                               
Vargas's monthly salary is Rs.2500                                                                                                                                                                                                              
Zlotkey's monthly salary is Rs.10500                                                                                                                                                                                                            
Abel's monthly salary is Rs.11000                                                                                                                                                                                                               
Taylor's monthly salary is Rs.8600                                                                                                                                                                                                              
Grant's monthly salary is Rs.7000                                                                                                                                                                                                               
Whalen's monthly salary is Rs.4400                                                                                                                                                                                                              
Hartstein's monthly salary is Rs.13000                                                                                                                                                                                                          
Fay's monthly salary is Rs.6000                                                                                                                                                                                                                 
Higgins's monthly salary is Rs.12000                                                                                                                                                                                                            
Gietz's monthly salary is Rs.8300                                                                                                                                                                                                               

20 rows selected.

SQL> SELECT LAST_NAME || Q'8's monthly salary is Rs.8' || SALARY FROM EMPLOYEES;

LAST_NAME||Q'8'SMONTHLYSALARYISRS.8'||SALARY                                                                                                                                                                                                    
-----------------------------------------------------------------------------------------                                                                                                                                                       
King's monthly salary is Rs.24000                                                                                                                                                                                                               
Kochhar's monthly salary is Rs.17000                                                                                                                                                                                                            
De Haan's monthly salary is Rs.17000                                                                                                                                                                                                            
Hunold's monthly salary is Rs.9000                                                                                                                                                                                                              
Ernst's monthly salary is Rs.6000                                                                                                                                                                                                               
Lorentz's monthly salary is Rs.4200                                                                                                                                                                                                             
Mourgos's monthly salary is Rs.5800                                                                                                                                                                                                             
Rajs's monthly salary is Rs.3500                                                                                                                                                                                                                
Davies's monthly salary is Rs.3100                                                                                                                                                                                                              
Matos's monthly salary is Rs.2600                                                                                                                                                                                                               
Vargas's monthly salary is Rs.2500                                                                                                                                                                                                              
Zlotkey's monthly salary is Rs.10500                                                                                                                                                                                                            
Abel's monthly salary is Rs.11000                                                                                                                                                                                                               
Taylor's monthly salary is Rs.8600                                                                                                                                                                                                              
Grant's monthly salary is Rs.7000                                                                                                                                                                                                               
Whalen's monthly salary is Rs.4400                                                                                                                                                                                                              
Hartstein's monthly salary is Rs.13000                                                                                                                                                                                                          
Fay's monthly salary is Rs.6000                                                                                                                                                                                                                 
Higgins's monthly salary is Rs.12000                                                                                                                                                                                                            
Gietz's monthly salary is Rs.8300                                                                                                                                                                                                               

20 rows selected.

SQL> SELECT LAST_NAME || Q' 's monthly salary is Rs. ' || SALARY FROM EMPLOYEES;
SELECT LAST_NAME || Q' 's monthly salary is Rs. ' || SALARY FROM EMPLOYEES
                    *
ERROR at line 1:
ORA-00911: invalid character 


SQL> REM B E D M C A S ---------> PRECEDENCE
SQL> 
SQL> 
SQL> SELECT 'SHRI' || 210 + 210 FROM DUAL;
SELECT 'SHRI' || 210 + 210 FROM DUAL
               *
ERROR at line 1:
ORA-01722: invalid number 


SQL> SELECT 'SHRI' || (210 + 210) FROM DUAL;

'SHRI'|                                                                                                                                                                                                                                         
-------                                                                                                                                                                                                                                         
SHRI420                                                                                                                                                                                                                                         

SQL> SELECT 4 * 5 FROM DUAL;

       4*5                                                                                                                                                                                                                                      
----------                                                                                                                                                                                                                                      
        20                                                                                                                                                                                                                                      

SQL> SELECT 4 * 5 FROM REGIONS;

       4*5                                                                                                                                                                                                                                      
----------                                                                                                                                                                                                                                      
        20                                                                                                                                                                                                                                      
        20                                                                                                                                                                                                                                      
        20                                                                                                                                                                                                                                      
        20                                                                                                                                                                                                                                      

SQL> SELECT * FROM DUAL;

D                                                                                                                                                                                                                                               
-                                                                                                                                                                                                                                               
X                                                                                                                                                                                                                                               

SQL> SELECT DISTINCT 4 * 5 FROM REGIONS;

       4*5                                                                                                                                                                                                                                      
----------                                                                                                                                                                                                                                      
        20                                                                                                                                                                                                                                      

SQL> SELECT UNIQUE 4 * 5 FROM REGIONS;

       4*5                                                                                                                                                                                                                                      
----------                                                                                                                                                                                                                                      
        20                                                                                                                                                                                                                                      

SQL> SELECT 5 + 4 * 3 / 2 FROM DUAL;

   5+4*3/2                                                                                                                                                                                                                                      
----------                                                                                                                                                                                                                                      
        11                                                                                                                                                                                                                                      

SQL> SELECT (5 + 4) * 3 / 2 FROM DUAL;

 (5+4)*3/2                                                                                                                                                                                                                                      
----------                                                                                                                                                                                                                                      
      13.5                                                                                                                                                                                                                                      

SQL> SELECT 'SHRI' || 210 * 2 FROM DUAL;

'SHRI'|                                                                                                                                                                                                                                         
-------                                                                                                                                                                                                                                         
SHRI420                                                                                                                                                                                                                                         

SQL> SELECT POWER(3,2) FROM DUAL;

POWER(3,2)                                                                                                                                                                                                                                      
----------                                                                                                                                                                                                                                      
         9                                                                                                                                                                                                                                      

SQL> SELECT POWER(2,3) FROM DUAL;

POWER(2,3)                                                                                                                                                                                                                                      
----------                                                                                                                                                                                                                                      
         8                                                                                                                                                                                                                                      

SQL> 
SQL> SELECT JOB_ID FROM EMPLOYEES;

JOB_ID                                                                                                                                                                                                                                          
----------                                                                                                                                                                                                                                      
AD_PRES                                                                                                                                                                                                                                         
AD_VP                                                                                                                                                                                                                                           
AD_VP                                                                                                                                                                                                                                           
IT_PROG                                                                                                                                                                                                                                         
IT_PROG                                                                                                                                                                                                                                         
IT_PROG                                                                                                                                                                                                                                         
ST_MAN                                                                                                                                                                                                                                          
ST_CLERK                                                                                                                                                                                                                                        
ST_CLERK                                                                                                                                                                                                                                        
ST_CLERK                                                                                                                                                                                                                                        
ST_CLERK                                                                                                                                                                                                                                        
SA_MAN                                                                                                                                                                                                                                          
SA_REP                                                                                                                                                                                                                                          
SA_REP                                                                                                                                                                                                                                          
SA_REP                                                                                                                                                                                                                                          
AD_ASST                                                                                                                                                                                                                                         
MK_MAN                                                                                                                                                                                                                                          
MK_REP                                                                                                                                                                                                                                          
AC_MGR                                                                                                                                                                                                                                          
AC_ACCOUNT                                                                                                                                                                                                                                      

20 rows selected.

SQL> SELECT DISTINCT JOB_ID FROM EMPLOYEES;

JOB_ID                                                                                                                                                                                                                                          
----------                                                                                                                                                                                                                                      
IT_PROG                                                                                                                                                                                                                                         
AC_MGR                                                                                                                                                                                                                                          
AC_ACCOUNT                                                                                                                                                                                                                                      
ST_MAN                                                                                                                                                                                                                                          
AD_ASST                                                                                                                                                                                                                                         
AD_VP                                                                                                                                                                                                                                           
SA_MAN                                                                                                                                                                                                                                          
MK_MAN                                                                                                                                                                                                                                          
AD_PRES                                                                                                                                                                                                                                         
SA_REP                                                                                                                                                                                                                                          
MK_REP                                                                                                                                                                                                                                          
ST_CLERK                                                                                                                                                                                                                                        

12 rows selected.

SQL> SELECT DEPARTMENT_ID , JOB_ID FROM EMPLOYEES;

DEPARTMENT_ID JOB_ID                                                                                                                                                                                                                            
------------- ----------                                                                                                                                                                                                                        
           90 AD_PRES                                                                                                                                                                                                                           
           90 AD_VP                                                                                                                                                                                                                             
           90 AD_VP                                                                                                                                                                                                                             
           60 IT_PROG                                                                                                                                                                                                                           
           60 IT_PROG                                                                                                                                                                                                                           
           60 IT_PROG                                                                                                                                                                                                                           
           50 ST_MAN                                                                                                                                                                                                                            
           50 ST_CLERK                                                                                                                                                                                                                          
           50 ST_CLERK                                                                                                                                                                                                                          
           50 ST_CLERK                                                                                                                                                                                                                          
           50 ST_CLERK                                                                                                                                                                                                                          
           80 SA_MAN                                                                                                                                                                                                                            
           80 SA_REP                                                                                                                                                                                                                            
           80 SA_REP                                                                                                                                                                                                                            
              SA_REP                                                                                                                                                                                                                            
           10 AD_ASST                                                                                                                                                                                                                           
           20 MK_MAN                                                                                                                                                                                                                            
           20 MK_REP                                                                                                                                                                                                                            
          110 AC_MGR                                                                                                                                                                                                                            
          110 AC_ACCOUNT                                                                                                                                                                                                                        

20 rows selected.

SQL> SELECT UNIQUE DEPARTMENT_ID , JOB_ID FROM EMPLOYEES;

DEPARTMENT_ID JOB_ID                                                                                                                                                                                                                            
------------- ----------                                                                                                                                                                                                                        
          110 AC_ACCOUNT                                                                                                                                                                                                                        
           90 AD_VP                                                                                                                                                                                                                             
           50 ST_CLERK                                                                                                                                                                                                                          
           80 SA_REP                                                                                                                                                                                                                            
           50 ST_MAN                                                                                                                                                                                                                            
           80 SA_MAN                                                                                                                                                                                                                            
          110 AC_MGR                                                                                                                                                                                                                            
           90 AD_PRES                                                                                                                                                                                                                           
           60 IT_PROG                                                                                                                                                                                                                           
           20 MK_MAN                                                                                                                                                                                                                            
              SA_REP                                                                                                                                                                                                                            
           10 AD_ASST                                                                                                                                                                                                                           
           20 MK_REP                                                                                                                                                                                                                            

13 rows selected.

SQL> SELECT DEPARTMENT_ID , JOB_ID , MANAGER_ID FROM EMPLOYEES;

DEPARTMENT_ID JOB_ID     MANAGER_ID                                                                                                                                                                                                             
------------- ---------- ----------                                                                                                                                                                                                             
           90 AD_PRES                                                                                                                                                                                                                           
           90 AD_VP             100                                                                                                                                                                                                             
           90 AD_VP             100                                                                                                                                                                                                             
           60 IT_PROG           102                                                                                                                                                                                                             
           60 IT_PROG           103                                                                                                                                                                                                             
           60 IT_PROG           103                                                                                                                                                                                                             
           50 ST_MAN            100                                                                                                                                                                                                             
           50 ST_CLERK          124                                                                                                                                                                                                             
           50 ST_CLERK          124                                                                                                                                                                                                             
           50 ST_CLERK          124                                                                                                                                                                                                             
           50 ST_CLERK          124                                                                                                                                                                                                             
           80 SA_MAN            100                                                                                                                                                                                                             
           80 SA_REP            149                                                                                                                                                                                                             
           80 SA_REP            149                                                                                                                                                                                                             
              SA_REP            149                                                                                                                                                                                                             
           10 AD_ASST           101                                                                                                                                                                                                             
           20 MK_MAN            100                                                                                                                                                                                                             
           20 MK_REP            201                                                                                                                                                                                                             
          110 AC_MGR            101                                                                                                                                                                                                             
          110 AC_ACCOUNT        205                                                                                                                                                                                                             

20 rows selected.

SQL> SELECT DISTINCT DEPARTMENT_ID , JOB_ID , MANAGER_ID FROM EMPLOYEES;

DEPARTMENT_ID JOB_ID     MANAGER_ID                                                                                                                                                                                                             
------------- ---------- ----------                                                                                                                                                                                                             
           90 AD_VP             100                                                                                                                                                                                                             
           90 AD_PRES                                                                                                                                                                                                                           
           60 IT_PROG           102                                                                                                                                                                                                             
           50 ST_MAN            100                                                                                                                                                                                                             
           50 ST_CLERK          124                                                                                                                                                                                                             
           20 MK_REP            201                                                                                                                                                                                                             
           60 IT_PROG           103                                                                                                                                                                                                             
              SA_REP            149                                                                                                                                                                                                             
           20 MK_MAN            100                                                                                                                                                                                                             
          110 AC_MGR            101                                                                                                                                                                                                             
           80 SA_MAN            100                                                                                                                                                                                                             
           80 SA_REP            149                                                                                                                                                                                                             
           10 AD_ASST           101                                                                                                                                                                                                             
          110 AC_ACCOUNT        205                                                                                                                                                                                                             

14 rows selected.

SQL> SELECT DEPARTMENT_ID , DISTINCT JOB_ID , MANAGER_ID FROM EMPLOYEES;
SELECT DEPARTMENT_ID , DISTINCT JOB_ID , MANAGER_ID FROM EMPLOYEES
                       *
ERROR at line 1:
ORA-00936: missing expression 


SQL> SELECT JOB_ID FROM EMPLOYEES;

JOB_ID                                                                                                                                                                                                                                          
----------                                                                                                                                                                                                                                      
AD_PRES                                                                                                                                                                                                                                         
AD_VP                                                                                                                                                                                                                                           
AD_VP                                                                                                                                                                                                                                           
IT_PROG                                                                                                                                                                                                                                         
IT_PROG                                                                                                                                                                                                                                         
IT_PROG                                                                                                                                                                                                                                         
ST_MAN                                                                                                                                                                                                                                          
ST_CLERK                                                                                                                                                                                                                                        
ST_CLERK                                                                                                                                                                                                                                        
ST_CLERK                                                                                                                                                                                                                                        
ST_CLERK                                                                                                                                                                                                                                        
SA_MAN                                                                                                                                                                                                                                          
SA_REP                                                                                                                                                                                                                                          
SA_REP                                                                                                                                                                                                                                          
SA_REP                                                                                                                                                                                                                                          
AD_ASST                                                                                                                                                                                                                                         
MK_MAN                                                                                                                                                                                                                                          
MK_REP                                                                                                                                                                                                                                          
AC_MGR                                                                                                                                                                                                                                          
AC_ACCOUNT                                                                                                                                                                                                                                      

20 rows selected.

SQL> SELECT DISTINCT JOB_ID FROM EMPLOYEES;

JOB_ID                                                                                                                                                                                                                                          
----------                                                                                                                                                                                                                                      
IT_PROG                                                                                                                                                                                                                                         
AC_MGR                                                                                                                                                                                                                                          
AC_ACCOUNT                                                                                                                                                                                                                                      
ST_MAN                                                                                                                                                                                                                                          
AD_ASST                                                                                                                                                                                                                                         
AD_VP                                                                                                                                                                                                                                           
SA_MAN                                                                                                                                                                                                                                          
MK_MAN                                                                                                                                                                                                                                          
AD_PRES                                                                                                                                                                                                                                         
SA_REP                                                                                                                                                                                                                                          
MK_REP                                                                                                                                                                                                                                          
ST_CLERK                                                                                                                                                                                                                                        

12 rows selected.

SQL> SELECT 'OM NAMAH SHIVAYA!' FROM DUAL;

'OMNAMAHSHIVAYA!'                                                                                                                                                                                                                               
-----------------                                                                                                                                                                                                                               
OM NAMAH SHIVAYA!                                                                                                                                                                                                                               

SQL> SELECT 45 FROM DUAL;

        45                                                                                                                                                                                                                                      
----------                                                                                                                                                                                                                                      
        45                                                                                                                                                                                                                                      

SQL> SPOOL OFF
