SQL> 
SQL> REM 1 ALTER TABLE 2 EXERNAL TABLE 3 TEMPORARY TABLE
SQL> 
SQL> REM ALTER TABLE : 1 ALTERATION IN COLUMN DEFINITION 2 ALTERATION IN CONSTRAINT DEFINITION
SQL> 
SQL> REM ALTER TABLE FOR COLUMN : ADD , SET UNUSED(LOGICAL DROP) , DROP (PHYSICAL) , RENAME , MODIFY (DATA TYPE, SIZE) , DEFAULT , CONSTRAINT ADD
SQL> 
SQL> REM ALTER TABLE FOR CONSTRAINT : ADD/MODIFY , DROP , RENAME , DISABLE/ENABLE , VALIDATE/NO VALIDATE , IMMEDIATE/DEFERRED , DEFERRABLE/NOT DEFERRABLE
SQL> 
SQL> 
SQL> REM TEMPORARY TABLE : 1 UNTIL COMMIT COMMAND EXECUTION 2 UNTIL END OF CURRENT USER SESSION
SQL> 
SQL> 
SQL> CREATE GLOBAL TEMPORARY TABLE GTT1(NO NUMBER,NM VARCHAR2(10),HD DATE);

Table created.

SQL> SELECT * FROM GTT1;

no rows selected

SQL> INSERT INTO GTT1 VALUES (10,'GANESH',SYSDATE-10);

1 row created.

SQL> INSERT INTO GTT1 VALUES (20,'RIDDHI',SYSDATE-7);

1 row created.

SQL> INSERT INTO GTT1 VALUES (30,'SIDDHI',SYSDATE-3);

1 row created.

SQL> 
SQL> SELECT * FROM GTT1;

        NO NM         HD                                                                                                                                                                                                                        
---------- ---------- ---------                                                                                                                                                                                                                 
        10 GANESH     24-JUN-21                                                                                                                                                                                                                 
        20 RIDDHI     27-JUN-21                                                                                                                                                                                                                 
        30 SIDDHI     01-JUL-21                                                                                                                                                                                                                 

SQL> REM UNTIL COMMIT : ON COMMIT DELETE ROWS
SQL> 
SQL> REM UNTIL END OF SESSION : ON COMMIT PRESERVE ROWS
SQL> 
SQL> 
SQL> REM UNTIL COMMIT : ON COMMIT DELETE ROWS (DEFAULT)
SQL> 
SQL> 
SQL> SHOW USER
USER is "SCOTT"
SQL> SELECT * FROM GTT1;

        NO NM         HD                                                                                                                                                                                                                        
---------- ---------- ---------                                                                                                                                                                                                                 
        10 GANESH     24-JUN-21                                                                                                                                                                                                                 
        20 RIDDHI     27-JUN-21                                                                                                                                                                                                                 
        30 SIDDHI     01-JUL-21                                                                                                                                                                                                                 

SQL> REM TEMPORARY TABLE'S DATA IS NOT AVAILABLE FROM OUTSIDE CURRENT SESSION
SQL> 
SQL> COMMIT;

Commit complete.

SQL> SELECT * FROM GTT1;

no rows selected

SQL> CREATE TABLE GTT2 AS SELECT * FROM EMPLOYEES;

Table created.

SQL> SELECT COUNT(*) FROM GTT2;

  COUNT(*)                                                                                                                                                                                                                                      
----------                                                                                                                                                                                                                                      
        20                                                                                                                                                                                                                                      

SQL> DROP TABLE GTT2;

Table dropped.

SQL> CREATE GLOBAL TEMPORARY TABLE GTT2 AS SELECT * FROM EMPLOYEES;

Table created.

SQL> SELECT COUNT(*) FROM GTT2;

  COUNT(*)                                                                                                                                                                                                                                      
----------                                                                                                                                                                                                                                      
         0                                                                                                                                                                                                                                      

SQL> CREATE GLOBAL TEMPORARY TABLE GTT2 ON COMMIT DELETE ROWS AS SELECT * FROM EMPLOYEES;
CREATE GLOBAL TEMPORARY TABLE GTT2 ON COMMIT DELETE ROWS AS SELECT * FROM EMPLOYEES
                              *
ERROR at line 1:
ORA-00955: name is already used by an existing object 


SQL> DROP TABLE GTT2;

Table dropped.

SQL> CREATE GLOBAL TEMPORARY TABLE GTT2 ON COMMIT DELETE ROWS AS SELECT * FROM EMPLOYEES;

Table created.

SQL> SELECT COUNT(*) FROM GTT2;

  COUNT(*)                                                                                                                                                                                                                                      
----------                                                                                                                                                                                                                                      
         0                                                                                                                                                                                                                                      

SQL> CREATE GLOBAL TEMPORARY TABLE GTT3 ON COMMIT PRESERVE ROWS AS SELECT * FROM EMPLOYEES;

Table created.

SQL> SELECT COUNT(*) FROM GTT3;

  COUNT(*)                                                                                                                                                                                                                                      
----------                                                                                                                                                                                                                                      
        20                                                                                                                                                                                                                                      

SQL> SELECT * FROM GTT3;

EMPLOYEE_ID FIRST_NAME      LAST_NAME       EMAIL      PHONE_NUMBER         HIRE_DATE JOB_ID         SALARY COMMISSION_PCT MANAGER_ID DEPARTMENT_ID                                                                                             
----------- --------------- --------------- ---------- -------------------- --------- ---------- ---------- -------------- ---------- -------------                                                                                             
        100 Steven          King            SKING      515.123.4567         17-JUL-87 AD_PRES         24000                                      90                                                                                             
        101 Neena           Kochhar         NKOCHHAR   515.123.4568         21-SEP-89 AD_VP           17000                       100            90                                                                                             
        102 Lex             De Haan         LDEHAAN    515.123.4569         13-JAN-93 AD_VP           17000                       100            90                                                                                             
        103 Alexander       Hunold          AHUNOLD    590.423.4567         03-JAN-90 IT_PROG          9000                       102            60                                                                                             
        104 Bruce           Ernst           BERNST     590.423.4568         21-MAY-91 IT_PROG          6000                       103            60                                                                                             
        107 Diana           Lorentz         DLORENTZ   590.423.5567         07-FEB-99 IT_PROG          4200                       103            60                                                                                             
        124 Kevin           Mourgos         KMOURGOS   650.123.5234         16-NOV-99 ST_MAN           5800                       100            50                                                                                             
        141 Trenna          Rajs            TRAJS      650.121.8009         17-OCT-95 ST_CLERK         3500                       124            50                                                                                             
        142 Curtis          Davies          CDAVIES    650.121.2994         29-JAN-97 ST_CLERK         3100                       124            50                                                                                             
        143 Randall         Matos           RMATOS     650.121.2874         15-MAR-98 ST_CLERK         2600                       124            50                                                                                             
        144 Peter           Vargas          PVARGAS    650.121.2004         09-JUL-98 ST_CLERK         2500                       124            50                                                                                             
        149 Eleni           Zlotkey         EZLOTKEY   011.44.1344.429018   29-JAN-00 SA_MAN          10500             .2        100            80                                                                                             
        174 Ellen           Abel            EABEL      011.44.1644.429267   11-MAY-96 SA_REP          11000             .3        149            80                                                                                             
        176 Jonathon        Taylor          JTAYLOR    011.44.1644.429265   24-MAR-98 SA_REP           8600             .3        149            80                                                                                             
        178 Kimerely        Grant           KGRANT     011.44.1644.429263   24-MAY-99 SA_REP           7000            .15        149                                                                                                           
        200 Jennifer        Whalen          JWHALEN    515.123.4444         17-SEP-87 AD_ASST          4400                       101            10                                                                                             
        201 Michael         Hartstein       MHARTSTE   515.123.5555         17-FEB-96 MK_MAN          13000                       100            20                                                                                             
        202 Pat             Fay             PFAY       603.123.6666         17-AUG-97 MK_REP           6000                       201            20                                                                                             
        205 Shelley         Higgins         SHIGGINS   515.123.8080         07-JUN-94 AC_MGR          12000                       101           110                                                                                             
        206 William         Gietz           WGIETZ     515.123.8181         07-JUN-94 AC_ACCOUNT       8300                       205           110                                                                                             

20 rows selected.

SQL> COMMIT;

Commit complete.

SQL> SELECT * FROM GTT3;

EMPLOYEE_ID FIRST_NAME      LAST_NAME       EMAIL      PHONE_NUMBER         HIRE_DATE JOB_ID         SALARY COMMISSION_PCT MANAGER_ID DEPARTMENT_ID                                                                                             
----------- --------------- --------------- ---------- -------------------- --------- ---------- ---------- -------------- ---------- -------------                                                                                             
        100 Steven          King            SKING      515.123.4567         17-JUL-87 AD_PRES         24000                                      90                                                                                             
        101 Neena           Kochhar         NKOCHHAR   515.123.4568         21-SEP-89 AD_VP           17000                       100            90                                                                                             
        102 Lex             De Haan         LDEHAAN    515.123.4569         13-JAN-93 AD_VP           17000                       100            90                                                                                             
        103 Alexander       Hunold          AHUNOLD    590.423.4567         03-JAN-90 IT_PROG          9000                       102            60                                                                                             
        104 Bruce           Ernst           BERNST     590.423.4568         21-MAY-91 IT_PROG          6000                       103            60                                                                                             
        107 Diana           Lorentz         DLORENTZ   590.423.5567         07-FEB-99 IT_PROG          4200                       103            60                                                                                             
        124 Kevin           Mourgos         KMOURGOS   650.123.5234         16-NOV-99 ST_MAN           5800                       100            50                                                                                             
        141 Trenna          Rajs            TRAJS      650.121.8009         17-OCT-95 ST_CLERK         3500                       124            50                                                                                             
        142 Curtis          Davies          CDAVIES    650.121.2994         29-JAN-97 ST_CLERK         3100                       124            50                                                                                             
        143 Randall         Matos           RMATOS     650.121.2874         15-MAR-98 ST_CLERK         2600                       124            50                                                                                             
        144 Peter           Vargas          PVARGAS    650.121.2004         09-JUL-98 ST_CLERK         2500                       124            50                                                                                             
        149 Eleni           Zlotkey         EZLOTKEY   011.44.1344.429018   29-JAN-00 SA_MAN          10500             .2        100            80                                                                                             
        174 Ellen           Abel            EABEL      011.44.1644.429267   11-MAY-96 SA_REP          11000             .3        149            80                                                                                             
        176 Jonathon        Taylor          JTAYLOR    011.44.1644.429265   24-MAR-98 SA_REP           8600             .3        149            80                                                                                             
        178 Kimerely        Grant           KGRANT     011.44.1644.429263   24-MAY-99 SA_REP           7000            .15        149                                                                                                           
        200 Jennifer        Whalen          JWHALEN    515.123.4444         17-SEP-87 AD_ASST          4400                       101            10                                                                                             
        201 Michael         Hartstein       MHARTSTE   515.123.5555         17-FEB-96 MK_MAN          13000                       100            20                                                                                             
        202 Pat             Fay             PFAY       603.123.6666         17-AUG-97 MK_REP           6000                       201            20                                                                                             
        205 Shelley         Higgins         SHIGGINS   515.123.8080         07-JUN-94 AC_MGR          12000                       101           110                                                                                             
        206 William         Gietz           WGIETZ     515.123.8181         07-JUN-94 AC_ACCOUNT       8300                       205           110                                                                                             

20 rows selected.

SQL> CONN SCOTT/TIGER
Connected.
SQL> SELECT * FROM GTT3;

no rows selected

SQL> REM EXTERNAL TABLE : WHEN WE NEED TO PROCESS DATA WHICH ARE STORED OUT SIDE ORACLE I.E. IN TEXT FILE OR CSV FILE ...
SQL> 
SQL> 
SQL> REM DIRECTORY : THIS OBJECT CAN STORE OS PATH AND ALLOWS THE DATABASE USER TO ACCESS IT.
SQL> 
SQL> CREATE DIRECTORY MPSEMP AS 'C:\FLAT_FILES';
CREATE DIRECTORY MPSEMP AS 'C:\FLAT_FILES'
*
ERROR at line 1:
ORA-01031: insufficient privileges 


SQL> CONN / AS SYSDBA
Connected.
SQL> GRANT CREATE DIRECTORY TO SCOTT;
GRANT CREATE DIRECTORY TO SCOTT
      *
ERROR at line 1:
ORA-00990: missing or invalid privilege 


SQL> GRANT CREATE ANY DIRECTORY TO SCOTT;

Grant succeeded.

SQL> CONN SCOTT/TIGER
Connected.
SQL> CREATE DIRECTORY MPSEMP AS 'C:\FLAT_FILES';

Directory created.

SQL> SELECT * FROM USER_DIRECTORIES;
SELECT * FROM USER_DIRECTORIES
              *
ERROR at line 1:
ORA-00942: table or view does not exist 


SQL> SELECT * FROM ALL_DIRECTORIES;

OWNER                                                                                                                                                                                                                                           
--------------------------------------------------------------------------------------------------------------------------------                                                                                                                
DIRECTORY_NAME                                                                                                                                                                                                                                  
--------------------------------------------------------------------------------------------------------------------------------                                                                                                                
DIRECTORY_PATH                                                                                                                                                                                                                                  
------------------------------------------------------------------------------------------------------------------------------------------------------------------------------------------------------------------------------------------------
ORIGIN_CON_ID                                                                                                                                                                                                                                   
-------------                                                                                                                                                                                                                                   
SYS                                                                                                                                                                                                                                             
MPSEMP                                                                                                                                                                                                                                          
C:\FLAT_FILES                                                                                                                                                                                                                                   
            0                                                                                                                                                                                                                                   
                                                                                                                                                                                                                                                
SYS                                                                                                                                                                                                                                             
BMP                                                                                                                                                                                                                                             
C:\BMP                                                                                                                                                                                                                                          
            0                                                                                                                                                                                                                                   
                                                                                                                                                                                                                                                
SYS                                                                                                                                                                                                                                             
MPSEMP_DIR                                                                                                                                                                                                                                      
C:\FLAT_FILES                                                                                                                                                                                                                                   
            0                                                                                                                                                                                                                                   
                                                                                                                                                                                                                                                

OWNER                                                                                                                                                                                                                                           
--------------------------------------------------------------------------------------------------------------------------------                                                                                                                
DIRECTORY_NAME                                                                                                                                                                                                                                  
--------------------------------------------------------------------------------------------------------------------------------                                                                                                                
DIRECTORY_PATH                                                                                                                                                                                                                                  
------------------------------------------------------------------------------------------------------------------------------------------------------------------------------------------------------------------------------------------------
ORIGIN_CON_ID                                                                                                                                                                                                                                   
-------------                                                                                                                                                                                                                                   
SYS                                                                                                                                                                                                                                             
D2                                                                                                                                                                                                                                              
C:\F2                                                                                                                                                                                                                                           
            0                                                                                                                                                                                                                                   
                                                                                                                                                                                                                                                
SYS                                                                                                                                                                                                                                             
D1                                                                                                                                                                                                                                              
C:\F1                                                                                                                                                                                                                                           
            0                                                                                                                                                                                                                                   
                                                                                                                                                                                                                                                
SYS                                                                                                                                                                                                                                             
TEMP                                                                                                                                                                                                                                            
C:\TEMP                                                                                                                                                                                                                                         
            0                                                                                                                                                                                                                                   
                                                                                                                                                                                                                                                

OWNER                                                                                                                                                                                                                                           
--------------------------------------------------------------------------------------------------------------------------------                                                                                                                
DIRECTORY_NAME                                                                                                                                                                                                                                  
--------------------------------------------------------------------------------------------------------------------------------                                                                                                                
DIRECTORY_PATH                                                                                                                                                                                                                                  
------------------------------------------------------------------------------------------------------------------------------------------------------------------------------------------------------------------------------------------------
ORIGIN_CON_ID                                                                                                                                                                                                                                   
-------------                                                                                                                                                                                                                                   
SYS                                                                                                                                                                                                                                             
TXT                                                                                                                                                                                                                                             
C:\UTLFILE                                                                                                                                                                                                                                      
            0                                                                                                                                                                                                                                   
                                                                                                                                                                                                                                                
SYS                                                                                                                                                                                                                                             
NANDINI                                                                                                                                                                                                                                         
E:\NANDINI                                                                                                                                                                                                                                      
            0                                                                                                                                                                                                                                   
                                                                                                                                                                                                                                                
SYS                                                                                                                                                                                                                                             
ISE                                                                                                                                                                                                                                             
G:\                                                                                                                                                                                                                                             
            0                                                                                                                                                                                                                                   
                                                                                                                                                                                                                                                

OWNER                                                                                                                                                                                                                                           
--------------------------------------------------------------------------------------------------------------------------------                                                                                                                
DIRECTORY_NAME                                                                                                                                                                                                                                  
--------------------------------------------------------------------------------------------------------------------------------                                                                                                                
DIRECTORY_PATH                                                                                                                                                                                                                                  
------------------------------------------------------------------------------------------------------------------------------------------------------------------------------------------------------------------------------------------------
ORIGIN_CON_ID                                                                                                                                                                                                                                   
-------------                                                                                                                                                                                                                                   
SYS                                                                                                                                                                                                                                             
ORACLECLRDIR                                                                                                                                                                                                                                    
G:\app\DELL\product\12.1.0\dbhome_1\bin\clr                                                                                                                                                                                                     
            0                                                                                                                                                                                                                                   
                                                                                                                                                                                                                                                
SYS                                                                                                                                                                                                                                             
XMLDIR                                                                                                                                                                                                                                          
G:\app\DELL\product\12.1.0\dbhome_1\rdbms\xml                                                                                                                                                                                                   
            0                                                                                                                                                                                                                                   
                                                                                                                                                                                                                                                
SYS                                                                                                                                                                                                                                             
XSDDIR                                                                                                                                                                                                                                          
G:\app\DELL\product\12.1.0\dbhome_1\rdbms\xml\schema                                                                                                                                                                                            
            0                                                                                                                                                                                                                                   
                                                                                                                                                                                                                                                

OWNER                                                                                                                                                                                                                                           
--------------------------------------------------------------------------------------------------------------------------------                                                                                                                
DIRECTORY_NAME                                                                                                                                                                                                                                  
--------------------------------------------------------------------------------------------------------------------------------                                                                                                                
DIRECTORY_PATH                                                                                                                                                                                                                                  
------------------------------------------------------------------------------------------------------------------------------------------------------------------------------------------------------------------------------------------------
ORIGIN_CON_ID                                                                                                                                                                                                                                   
-------------                                                                                                                                                                                                                                   
SYS                                                                                                                                                                                                                                             
ORA_DBMS_FCP_LOGDIR                                                                                                                                                                                                                             
G:\app\DELL\product\12.1.0\dbhome_1\cfgtoollogs                                                                                                                                                                                                 
            0                                                                                                                                                                                                                                   
                                                                                                                                                                                                                                                
SYS                                                                                                                                                                                                                                             
ORA_DBMS_FCP_ADMINDIR                                                                                                                                                                                                                           
G:\app\DELL\product\12.1.0\dbhome_1\rdbms\admin                                                                                                                                                                                                 
            0                                                                                                                                                                                                                                   
                                                                                                                                                                                                                                                
SYS                                                                                                                                                                                                                                             
OPATCH_INST_DIR                                                                                                                                                                                                                                 
G:\app\DELL\product\12.1.0\dbhome_1\OPatch                                                                                                                                                                                                      
            0                                                                                                                                                                                                                                   
                                                                                                                                                                                                                                                

OWNER                                                                                                                                                                                                                                           
--------------------------------------------------------------------------------------------------------------------------------                                                                                                                
DIRECTORY_NAME                                                                                                                                                                                                                                  
--------------------------------------------------------------------------------------------------------------------------------                                                                                                                
DIRECTORY_PATH                                                                                                                                                                                                                                  
------------------------------------------------------------------------------------------------------------------------------------------------------------------------------------------------------------------------------------------------
ORIGIN_CON_ID                                                                                                                                                                                                                                   
-------------                                                                                                                                                                                                                                   
SYS                                                                                                                                                                                                                                             
ORACLE_OCM_CONFIG_DIR                                                                                                                                                                                                                           
G:\app\DELL\product\12.1.0\dbhome_1\ccr\state                                                                                                                                                                                                   
            0                                                                                                                                                                                                                                   
                                                                                                                                                                                                                                                
SYS                                                                                                                                                                                                                                             
DATA_PUMP_DIR                                                                                                                                                                                                                                   
G:\app\DELL\admin\orcl\dpdump\                                                                                                                                                                                                                  
            0                                                                                                                                                                                                                                   
                                                                                                                                                                                                                                                
SYS                                                                                                                                                                                                                                             
ORACLE_OCM_CONFIG_DIR2                                                                                                                                                                                                                          
G:\app\DELL\product\12.1.0\dbhome_1\ccr\state                                                                                                                                                                                                   
            0                                                                                                                                                                                                                                   
                                                                                                                                                                                                                                                

OWNER                                                                                                                                                                                                                                           
--------------------------------------------------------------------------------------------------------------------------------                                                                                                                
DIRECTORY_NAME                                                                                                                                                                                                                                  
--------------------------------------------------------------------------------------------------------------------------------                                                                                                                
DIRECTORY_PATH                                                                                                                                                                                                                                  
------------------------------------------------------------------------------------------------------------------------------------------------------------------------------------------------------------------------------------------------
ORIGIN_CON_ID                                                                                                                                                                                                                                   
-------------                                                                                                                                                                                                                                   
SYS                                                                                                                                                                                                                                             
OPATCH_SCRIPT_DIR                                                                                                                                                                                                                               
G:\app\DELL\product\12.1.0\dbhome_1\QOpatch                                                                                                                                                                                                     
            0                                                                                                                                                                                                                                   
                                                                                                                                                                                                                                                
SYS                                                                                                                                                                                                                                             
OPATCH_LOG_DIR                                                                                                                                                                                                                                  
G:\app\DELL\product\12.1.0\dbhome_1\rdbms\log                                                                                                                                                                                                   
            0                                                                                                                                                                                                                                   
                                                                                                                                                                                                                                                
SYS                                                                                                                                                                                                                                             
ORACLE_BASE                                                                                                                                                                                                                                     
G:\app\DELL                                                                                                                                                                                                                                     
            0                                                                                                                                                                                                                                   
                                                                                                                                                                                                                                                

OWNER                                                                                                                                                                                                                                           
--------------------------------------------------------------------------------------------------------------------------------                                                                                                                
DIRECTORY_NAME                                                                                                                                                                                                                                  
--------------------------------------------------------------------------------------------------------------------------------                                                                                                                
DIRECTORY_PATH                                                                                                                                                                                                                                  
------------------------------------------------------------------------------------------------------------------------------------------------------------------------------------------------------------------------------------------------
ORIGIN_CON_ID                                                                                                                                                                                                                                   
-------------                                                                                                                                                                                                                                   
SYS                                                                                                                                                                                                                                             
ORACLE_HOME                                                                                                                                                                                                                                     
G:\app\DELL\product\12.1.0\dbhome_1                                                                                                                                                                                                             
            0                                                                                                                                                                                                                                   
                                                                                                                                                                                                                                                

22 rows selected.

SQL> CREATE TABLE OLDMPSEMP
  2  (EMPNO NUMBER, EMPNAME VARCHAR(20), BIRTHDATE DATE)
  3  ORGANIZATION EXTERNAL
  4  (TYPE ORACLE_LOADER
  5  DEFAULT DIRECTORY MPSEMP_DIR
  6  ACCESS PARAMETERS
  7  (RECORDS DELIMITED BY NEWLINE
  8  BADFILE 'BAD_MPSEMP.BAD'
  9  LOGFILE 'LOG_MPSEMP.LOG'
 10  FIELDS TERMINATED BY ','
 11  OPTIONALLY ENCLOSED BY '"'
 12  (EMPNO CHAR,
 13  EMPNAME CHAR,
 14  BIRTHDATE CHAR DATE_FORMAT DATE MASK "DD-MON-RRRR"))
 15  LOCATION ('MPSEMP1.TXT','MPSEMP2.TXT'))
 16  PARALLEL 5
 17  REJECT LIMIT UNLIMITED;
CREATE TABLE OLDMPSEMP
             *
ERROR at line 1:
ORA-00955: name is already used by an existing object 


SQL> DROP TABLE OLDMPSEMP;

Table dropped.

SQL> 
SQL> CREATE TABLE OLDMPSEMP
  2  (EMPNO NUMBER, EMPNAME VARCHAR(20), BIRTHDATE DATE)
  3  ORGANIZATION EXTERNAL
  4  (TYPE ORACLE_LOADER
  5  DEFAULT DIRECTORY MPSEMP_DIR
  6  ACCESS PARAMETERS
  7  (RECORDS DELIMITED BY NEWLINE
  8  BADFILE 'BAD_MPSEMP.BAD'
  9  LOGFILE 'LOG_MPSEMP.LOG'
 10  FIELDS TERMINATED BY ','
 11  OPTIONALLY ENCLOSED BY '"'
 12  (EMPNO CHAR,
 13  EMPNAME CHAR,
 14  BIRTHDATE CHAR DATE_FORMAT DATE MASK "DD-MON-RRRR"))
 15  LOCATION ('MPSEMP1.TXT','MPSEMP2.TXT'))
 16  PARALLEL 5
 17  REJECT LIMIT UNLIMITED;

Table created.

SQL> DROP TABLE OLDMPSEMP;

Table dropped.

SQL> CREATE TABLE OLDMPSEMP
  2  (EMPNO NUMBER, EMPNAME VARCHAR(20), BIRTHDATE DATE)
  3  ORGANIZATION EXTERNAL
  4  (TYPE ORACLE_LOADER
  5  DEFAULT DIRECTORY MPSDIR
  6  ACCESS PARAMETERS
  7  (RECORDS DELIMITED BY NEWLINE
  8  BADFILE 'BAD_MPSEMP.BAD'
  9  LOGFILE 'LOG_MPSEMP.LOG'
 10  FIELDS TERMINATED BY ','
 11  OPTIONALLY ENCLOSED BY '"'
 12  (EMPNO CHAR,
 13  EMPNAME CHAR,
 14  BIRTHDATE CHAR DATE_FORMAT DATE MASK "DD-MON-RRRR"))
 15  LOCATION ('MPSEMP1.TXT','MPSEMP2.TXT'))
 16  PARALLEL 5
 17  REJECT LIMIT UNLIMITED;
DEFAULT DIRECTORY MPSDIR
                  *
ERROR at line 5:
ORA-06564: object MPSDIR does not exist 


SQL> DROP DIRECTORY MPSEMP;
DROP DIRECTORY MPSEMP
*
ERROR at line 1:
ORA-01031: insufficient privileges 


SQL> CONN / AS SYSDBA
Connected.
SQL> DROP DIRECTORY MPSEMP;

Directory dropped.

SQL> CREATE DIRECTORY MPSDIR AS 'C:\FLAT_FILES';

Directory created.

SQL> 
SQL> CREATE TABLE OLDMPSEMP
  2  (EMPNO NUMBER, EMPNAME VARCHAR(20), BIRTHDATE DATE)
  3  ORGANIZATION EXTERNAL
  4  (TYPE ORACLE_LOADER
  5  DEFAULT DIRECTORY MPSDIR
  6  ACCESS PARAMETERS
  7  (RECORDS DELIMITED BY NEWLINE
  8  BADFILE 'BAD_MPSEMP.BAD'
  9  LOGFILE 'LOG_MPSEMP.LOG'
 10  FIELDS TERMINATED BY ','
 11  OPTIONALLY ENCLOSED BY '"'
 12  (EMPNO CHAR,
 13  EMPNAME CHAR,
 14  BIRTHDATE CHAR DATE_FORMAT DATE MASK "DD-MON-RRRR"))
 15  LOCATION ('MPSEMP1.TXT','MPSEMP2.TXT'))
 16  PARALLEL 5
 17  REJECT LIMIT UNLIMITED;

Table created.

SQL> SELECT * FROM OLDMPSEMP;

     EMPNO EMPNAME              BIRTHDATE                                                                                                                                                                                                       
---------- -------------------- ---------                                                                                                                                                                                                       
      7839 CHETAN RAVAL         07-JUL-77                                                                                                                                                                                                       
      8899 Ganesh               14-JUN-14                                                                                                                                                                                                       
      7758 amita                12-JUN-98                                                                                                                                                                                                       
      7839 RAJESH KHANNA        07-JUL-77                                                                                                                                                                                                       

SQL> SELECT * FROM OLDMPSEMP;

     EMPNO EMPNAME              BIRTHDATE                                                                                                                                                                                                       
---------- -------------------- ---------                                                                                                                                                                                                       
      7839 CHETAN RAVAL         07-JUL-77                                                                                                                                                                                                       
      8899 Ganesh               14-JUN-14                                                                                                                                                                                                       
      7758 amita                12-JUN-98                                                                                                                                                                                                       
      7839 RAJESH KHANNA        07-JUL-77                                                                                                                                                                                                       

SQL> DELETE OLDMPSEMP;
DELETE OLDMPSEMP
       *
ERROR at line 1:
ORA-30657: operation not supported on external organized table 


SQL> CREATE TABLE NEWMPSEMP AS SELECT * FROM OLDMPSEMP;

Table created.

SQL> SELECT * FROM NEWMPSEMP;

     EMPNO EMPNAME              BIRTHDATE                                                                                                                                                                                                       
---------- -------------------- ---------                                                                                                                                                                                                       
      7839 CHETAN RAVAL         07-JUL-77                                                                                                                                                                                                       
      8899 Ganesh               14-JUN-14                                                                                                                                                                                                       
      7758 amita                12-JUN-98                                                                                                                                                                                                       
      7839 RAJESH KHANNA        07-JUL-77                                                                                                                                                                                                       

SQL> DELETE NEWMPSEMP;

4 rows deleted.

SQL> SELECT * FROM NEWMPSEMP;

no rows selected

SQL> ROLLBACK;

Rollback complete.

SQL> SELECT * FROM NEWMPSEMP;

     EMPNO EMPNAME              BIRTHDATE                                                                                                                                                                                                       
---------- -------------------- ---------                                                                                                                                                                                                       
      7839 CHETAN RAVAL         07-JUL-77                                                                                                                                                                                                       
      8899 Ganesh               14-JUN-14                                                                                                                                                                                                       
      7758 amita                12-JUN-98                                                                                                                                                                                                       
      7839 RAJESH KHANNA        07-JUL-77                                                                                                                                                                                                       

SQL> DELETE NEWMPSEMP;

4 rows deleted.

SQL> COMMIT;

Commit complete.

SQL> INSERT INTO NEWMPSEMP SELECT * FROM OLDMPSEMP;

4 rows created.

SQL> SELECT * FROM NEWMPSEMP;

     EMPNO EMPNAME              BIRTHDATE                                                                                                                                                                                                       
---------- -------------------- ---------                                                                                                                                                                                                       
      7758 amita                12-JUN-98                                                                                                                                                                                                       
      7839 RAJESH KHANNA        07-JUL-77                                                                                                                                                                                                       
      7839 CHETAN RAVAL         07-JUL-77                                                                                                                                                                                                       
      8899 Ganesh               14-JUN-14                                                                                                                                                                                                       

SQL> COMMIT;

Commit complete.

SQL> SPOOL OFF
