SQL> REM WHERE CLAUSE : FOR RESTRICTION OR SELECTION
SQL> 
SQL> SHOW LINES
linesize 24
SQL> SET LINES 240
SQL> SHOW PAGES
pagesize 14
SQL> SET PAGES 24
SQL> 
SQL> SELECT * FROM EMPLOYEES;

EMPLOYEE_ID FIRST_NAME           LAST_NAME                 EMAIL                     PHONE_NUMBER         HIRE_DATE JOB_ID         SALARY COMMISSION_PCT MANAGER_ID DEPARTMENT_ID                                                               
----------- -------------------- ------------------------- ------------------------- -------------------- --------- ---------- ---------- -------------- ---------- -------------                                                               
        100 Steven               King                      SKING                     515.123.4567         17-JUL-87 AD_PRES         24000                                      90                                                               
        101 Neena                Kochhar                   NKOCHHAR                  515.123.4568         21-SEP-89 AD_VP           17000                       100            90                                                               
        102 Lex                  De Haan                   LDEHAAN                   515.123.4569         13-JAN-93 AD_VP           17000                       100            90                                                               
        103 Alexander            Hunold                    AHUNOLD                   590.423.4567         03-JAN-90 IT_PROG          9000                       102            60                                                               
        104 Bruce                Ernst                     BERNST                    590.423.4568         21-MAY-91 IT_PROG          6000                       103            60                                                               
        107 Diana                Lorentz                   DLORENTZ                  590.423.5567         07-FEB-99 IT_PROG          4200                       103            60                                                               
        124 Kevin                Mourgos                   KMOURGOS                  650.123.5234         16-NOV-99 ST_MAN           5800                       100            50                                                               
        141 Trenna               Rajs                      TRAJS                     650.121.8009         17-OCT-95 ST_CLERK         3500                       124            50                                                               
        142 Curtis               Davies                    CDAVIES                   650.121.2994         29-JAN-97 ST_CLERK         3100                       124            50                                                               
        143 Randall              Matos                     RMATOS                    650.121.2874         15-MAR-98 ST_CLERK         2600                       124            50                                                               
        144 Peter                Vargas                    PVARGAS                   650.121.2004         09-JUL-98 ST_CLERK         2500                       124            50                                                               
        149 Eleni                Zlotkey                   EZLOTKEY                  011.44.1344.429018   29-JAN-00 SA_MAN          10500             .2        100            80                                                               
        174 Ellen                Abel                      EABEL                     011.44.1644.429267   11-MAY-96 SA_REP          11000             .3        149            80                                                               
        176 Jonathon             Taylor                    JTAYLOR                   011.44.1644.429265   24-MAR-98 SA_REP           8600             .3        149            80                                                               
        178 Kimerely             Grant                     KGRANT                    011.44.1644.429263   24-MAY-99 SA_REP           7000            .15        149                                                                             
        200 Jennifer             Whalen                    JWAHLEN                   515.123.4444         17-SEP-87 AD_ASST          4400                       101            10                                                               
        201 Michael              Hartstein                 MHARTSTE                  515.123.5555         17-FEB-96 MK_MAN          13000                       100            20                                                               
        202 Pat                  Fay                       PFAY                      603.123.6666         17-AUG-97 MK_REP           6000                       201            20                                                               
        205 Shelley              Higgins                   SHIGGINS                  515.123.8080         07-JUN-94 AC_MGR          12000                       101           110                                                               
        206 William              Gietz                     WGIETZ                    515.123.8181         07-JUN-94 AC_ACCOUNT       8300                       205           110                                                               

20 rows selected.

SQL> SELECT FIRST_NAME , LAST_NAME FROM EMPLOYEES;

FIRST_NAME           LAST_NAME                                                                                                                                                                                                                  
-------------------- -------------------------                                                                                                                                                                                                  
Steven               King                                                                                                                                                                                                                       
Neena                Kochhar                                                                                                                                                                                                                    
Lex                  De Haan                                                                                                                                                                                                                    
Alexander            Hunold                                                                                                                                                                                                                     
Bruce                Ernst                                                                                                                                                                                                                      
Diana                Lorentz                                                                                                                                                                                                                    
Kevin                Mourgos                                                                                                                                                                                                                    
Trenna               Rajs                                                                                                                                                                                                                       
Curtis               Davies                                                                                                                                                                                                                     
Randall              Matos                                                                                                                                                                                                                      
Peter                Vargas                                                                                                                                                                                                                     
Eleni                Zlotkey                                                                                                                                                                                                                    
Ellen                Abel                                                                                                                                                                                                                       
Jonathon             Taylor                                                                                                                                                                                                                     
Kimerely             Grant                                                                                                                                                                                                                      
Jennifer             Whalen                                                                                                                                                                                                                     
Michael              Hartstein                                                                                                                                                                                                                  
Pat                  Fay                                                                                                                                                                                                                        
Shelley              Higgins                                                                                                                                                                                                                    
William              Gietz                                                                                                                                                                                                                      

20 rows selected.

SQL> REM WHERE CLAUSE IS USED TO PERFORM RESTRICTION OR SELECTION
SQL> 
SQL> REM SYNTAX SELECT : SELECT .... FROM .... WHERE .... GROUP BY / HAVING .... ORDER .... OFFSET .... FETCH .....
SQL> 
SQL> 
SQL> REM WHERE CLAUSE : WHERE CONDITION
SQL> 
SQL> REM CONDITION : OPERAND1 COMPARISON OPERATOR OPERAND2
SQL> 
SQL> REM EXAMPLE : SALARY > 10000
SQL> 
SQL> REM SALARY IS OPERAND1
SQL> 
SQL> REM > IS COMPARISON OPERATOR
SQL> 
SQL> REM 10000 IS OPERAND2
SQL> 
SQL> REM DATA TYPES OF BOTH OPERANDS SHOULD MATCH
SQL> 
SQL> SELECT * FROM EMPLOYEES;

EMPLOYEE_ID FIRST_NAME           LAST_NAME                 EMAIL                     PHONE_NUMBER         HIRE_DATE JOB_ID         SALARY COMMISSION_PCT MANAGER_ID DEPARTMENT_ID                                                               
----------- -------------------- ------------------------- ------------------------- -------------------- --------- ---------- ---------- -------------- ---------- -------------                                                               
        100 Steven               King                      SKING                     515.123.4567         17-JUL-87 AD_PRES         24000                                      90                                                               
        101 Neena                Kochhar                   NKOCHHAR                  515.123.4568         21-SEP-89 AD_VP           17000                       100            90                                                               
        102 Lex                  De Haan                   LDEHAAN                   515.123.4569         13-JAN-93 AD_VP           17000                       100            90                                                               
        103 Alexander            Hunold                    AHUNOLD                   590.423.4567         03-JAN-90 IT_PROG          9000                       102            60                                                               
        104 Bruce                Ernst                     BERNST                    590.423.4568         21-MAY-91 IT_PROG          6000                       103            60                                                               
        107 Diana                Lorentz                   DLORENTZ                  590.423.5567         07-FEB-99 IT_PROG          4200                       103            60                                                               
        124 Kevin                Mourgos                   KMOURGOS                  650.123.5234         16-NOV-99 ST_MAN           5800                       100            50                                                               
        141 Trenna               Rajs                      TRAJS                     650.121.8009         17-OCT-95 ST_CLERK         3500                       124            50                                                               
        142 Curtis               Davies                    CDAVIES                   650.121.2994         29-JAN-97 ST_CLERK         3100                       124            50                                                               
        143 Randall              Matos                     RMATOS                    650.121.2874         15-MAR-98 ST_CLERK         2600                       124            50                                                               
        144 Peter                Vargas                    PVARGAS                   650.121.2004         09-JUL-98 ST_CLERK         2500                       124            50                                                               
        149 Eleni                Zlotkey                   EZLOTKEY                  011.44.1344.429018   29-JAN-00 SA_MAN          10500             .2        100            80                                                               
        174 Ellen                Abel                      EABEL                     011.44.1644.429267   11-MAY-96 SA_REP          11000             .3        149            80                                                               
        176 Jonathon             Taylor                    JTAYLOR                   011.44.1644.429265   24-MAR-98 SA_REP           8600             .3        149            80                                                               
        178 Kimerely             Grant                     KGRANT                    011.44.1644.429263   24-MAY-99 SA_REP           7000            .15        149                                                                             
        200 Jennifer             Whalen                    JWAHLEN                   515.123.4444         17-SEP-87 AD_ASST          4400                       101            10                                                               
        201 Michael              Hartstein                 MHARTSTE                  515.123.5555         17-FEB-96 MK_MAN          13000                       100            20                                                               
        202 Pat                  Fay                       PFAY                      603.123.6666         17-AUG-97 MK_REP           6000                       201            20                                                               
        205 Shelley              Higgins                   SHIGGINS                  515.123.8080         07-JUN-94 AC_MGR          12000                       101           110                                                               
        206 William              Gietz                     WGIETZ                    515.123.8181         07-JUN-94 AC_ACCOUNT       8300                       205           110                                                               

20 rows selected.

SQL> SELECT * FROM EMPLOYEES WHERE SALARY > 10000;

EMPLOYEE_ID FIRST_NAME           LAST_NAME                 EMAIL                     PHONE_NUMBER         HIRE_DATE JOB_ID         SALARY COMMISSION_PCT MANAGER_ID DEPARTMENT_ID                                                               
----------- -------------------- ------------------------- ------------------------- -------------------- --------- ---------- ---------- -------------- ---------- -------------                                                               
        100 Steven               King                      SKING                     515.123.4567         17-JUL-87 AD_PRES         24000                                      90                                                               
        101 Neena                Kochhar                   NKOCHHAR                  515.123.4568         21-SEP-89 AD_VP           17000                       100            90                                                               
        102 Lex                  De Haan                   LDEHAAN                   515.123.4569         13-JAN-93 AD_VP           17000                       100            90                                                               
        149 Eleni                Zlotkey                   EZLOTKEY                  011.44.1344.429018   29-JAN-00 SA_MAN          10500             .2        100            80                                                               
        174 Ellen                Abel                      EABEL                     011.44.1644.429267   11-MAY-96 SA_REP          11000             .3        149            80                                                               
        201 Michael              Hartstein                 MHARTSTE                  515.123.5555         17-FEB-96 MK_MAN          13000                       100            20                                                               
        205 Shelley              Higgins                   SHIGGINS                  515.123.8080         07-JUN-94 AC_MGR          12000                       101           110                                                               

7 rows selected.

SQL> REM TYPES OF COMPARISON OPERATORS : 1 SCALAR COMPARISON OPERATOR 2 MULTI ROW COMPARISON OPERATOR 3 SPECIAL OPERATORS
SQL> 
SQL> REM LIST OF SCALAR COMPARISON OPERATOR/SINGLE ROW COMPARISON OPERATOR : = < > <= >=    <> != ^=
SQL> 
SQL> SELECT * FROM EMPLOYEES WHERE SALARY > 10000;

EMPLOYEE_ID FIRST_NAME           LAST_NAME                 EMAIL                     PHONE_NUMBER         HIRE_DATE JOB_ID         SALARY COMMISSION_PCT MANAGER_ID DEPARTMENT_ID                                                               
----------- -------------------- ------------------------- ------------------------- -------------------- --------- ---------- ---------- -------------- ---------- -------------                                                               
        100 Steven               King                      SKING                     515.123.4567         17-JUL-87 AD_PRES         24000                                      90                                                               
        101 Neena                Kochhar                   NKOCHHAR                  515.123.4568         21-SEP-89 AD_VP           17000                       100            90                                                               
        102 Lex                  De Haan                   LDEHAAN                   515.123.4569         13-JAN-93 AD_VP           17000                       100            90                                                               
        149 Eleni                Zlotkey                   EZLOTKEY                  011.44.1344.429018   29-JAN-00 SA_MAN          10500             .2        100            80                                                               
        174 Ellen                Abel                      EABEL                     011.44.1644.429267   11-MAY-96 SA_REP          11000             .3        149            80                                                               
        201 Michael              Hartstein                 MHARTSTE                  515.123.5555         17-FEB-96 MK_MAN          13000                       100            20                                                               
        205 Shelley              Higgins                   SHIGGINS                  515.123.8080         07-JUN-94 AC_MGR          12000                       101           110                                                               

7 rows selected.

SQL> SELECT * FROM EMPLOYEES WHERE SALARY > '10000';

EMPLOYEE_ID FIRST_NAME           LAST_NAME                 EMAIL                     PHONE_NUMBER         HIRE_DATE JOB_ID         SALARY COMMISSION_PCT MANAGER_ID DEPARTMENT_ID                                                               
----------- -------------------- ------------------------- ------------------------- -------------------- --------- ---------- ---------- -------------- ---------- -------------                                                               
        100 Steven               King                      SKING                     515.123.4567         17-JUL-87 AD_PRES         24000                                      90                                                               
        101 Neena                Kochhar                   NKOCHHAR                  515.123.4568         21-SEP-89 AD_VP           17000                       100            90                                                               
        102 Lex                  De Haan                   LDEHAAN                   515.123.4569         13-JAN-93 AD_VP           17000                       100            90                                                               
        149 Eleni                Zlotkey                   EZLOTKEY                  011.44.1344.429018   29-JAN-00 SA_MAN          10500             .2        100            80                                                               
        174 Ellen                Abel                      EABEL                     011.44.1644.429267   11-MAY-96 SA_REP          11000             .3        149            80                                                               
        201 Michael              Hartstein                 MHARTSTE                  515.123.5555         17-FEB-96 MK_MAN          13000                       100            20                                                               
        205 Shelley              Higgins                   SHIGGINS                  515.123.8080         07-JUN-94 AC_MGR          12000                       101           110                                                               

7 rows selected.

SQL> SELECT * FROM EMPLOYEES WHERE SALARY > '1000O';
SELECT * FROM EMPLOYEES WHERE SALARY > '1000O'
                                       *
ERROR at line 1:
ORA-01722: invalid number 


SQL> SELECT * FROM EMPLOYEES WHERE SALARY = 1700O;
SELECT * FROM EMPLOYEES WHERE SALARY = 1700O
                                           *
ERROR at line 1:
ORA-00933: SQL command not properly ended 


SQL> SELECT * FROM EMPLOYEES WHERE SALARY = 17000;

EMPLOYEE_ID FIRST_NAME           LAST_NAME                 EMAIL                     PHONE_NUMBER         HIRE_DATE JOB_ID         SALARY COMMISSION_PCT MANAGER_ID DEPARTMENT_ID                                                               
----------- -------------------- ------------------------- ------------------------- -------------------- --------- ---------- ---------- -------------- ---------- -------------                                                               
        101 Neena                Kochhar                   NKOCHHAR                  515.123.4568         21-SEP-89 AD_VP           17000                       100            90                                                               
        102 Lex                  De Haan                   LDEHAAN                   515.123.4569         13-JAN-93 AD_VP           17000                       100            90                                                               

SQL> SELECT * FROM EMPLOYEES WHERE JOB_ID = 'IT_PROG';

EMPLOYEE_ID FIRST_NAME           LAST_NAME                 EMAIL                     PHONE_NUMBER         HIRE_DATE JOB_ID         SALARY COMMISSION_PCT MANAGER_ID DEPARTMENT_ID                                                               
----------- -------------------- ------------------------- ------------------------- -------------------- --------- ---------- ---------- -------------- ---------- -------------                                                               
        103 Alexander            Hunold                    AHUNOLD                   590.423.4567         03-JAN-90 IT_PROG          9000                       102            60                                                               
        104 Bruce                Ernst                     BERNST                    590.423.4568         21-MAY-91 IT_PROG          6000                       103            60                                                               
        107 Diana                Lorentz                   DLORENTZ                  590.423.5567         07-FEB-99 IT_PROG          4200                       103            60                                                               

SQL> SELECT * FROM EMPLOYEES WHERE JOB_ID = 'IT_prog';

no rows selected

SQL> REM WHILE COMPARING VALUES SQL IS CASE SENSITIVE
SQL> 
SQL> REM DATE DEFAULT FORMAT : DD-MON-RR (Rounding yeaR)
SQL> 
SQL> REM DATE COMPATIBLE FORMATS : DD-MONTH-RR DD-MON-RRRR DD-MONTH-RRRR DD/MON\RR DDMONTHRR
SQL> 
SQL> REM DATE INCOMPATIBLE FORMATS : DD-MM-RR MON-DD-RR  RR-DD-MON
SQL> 
SQL> REM SQL WILL GENERATE RESULTS FOR DEFAULT AND COMPATIBLE FORMATS
SQL> 
SQL> SELECT FIRST_NAME , SALARY , HIRE_DATE FROM EMPLOYEES WHERE HIRE_DATE > '1990';
SELECT FIRST_NAME , SALARY , HIRE_DATE FROM EMPLOYEES WHERE HIRE_DATE > '1990'
                                                                        *
ERROR at line 1:
ORA-01861: literal does not match format string 


SQL> SELECT FIRST_NAME , SALARY , HIRE_DATE FROM EMPLOYEES WHERE HIRE_DATE > '31-DEC-90';

FIRST_NAME               SALARY HIRE_DATE                                                                                                                                                                                                       
-------------------- ---------- ---------                                                                                                                                                                                                       
Lex                       17000 13-JAN-93                                                                                                                                                                                                       
Bruce                      6000 21-MAY-91                                                                                                                                                                                                       
Diana                      4200 07-FEB-99                                                                                                                                                                                                       
Kevin                      5800 16-NOV-99                                                                                                                                                                                                       
Trenna                     3500 17-OCT-95                                                                                                                                                                                                       
Curtis                     3100 29-JAN-97                                                                                                                                                                                                       
Randall                    2600 15-MAR-98                                                                                                                                                                                                       
Peter                      2500 09-JUL-98                                                                                                                                                                                                       
Eleni                     10500 29-JAN-00                                                                                                                                                                                                       
Ellen                     11000 11-MAY-96                                                                                                                                                                                                       
Jonathon                   8600 24-MAR-98                                                                                                                                                                                                       
Kimerely                   7000 24-MAY-99                                                                                                                                                                                                       
Michael                   13000 17-FEB-96                                                                                                                                                                                                       
Pat                        6000 17-AUG-97                                                                                                                                                                                                       
Shelley                   12000 07-JUN-94                                                                                                                                                                                                       
William                    8300 07-JUN-94                                                                                                                                                                                                       

16 rows selected.

SQL> SELECT FIRST_NAME , SALARY , HIRE_DATE FROM EMPLOYEES WHERE HIRE_DATE > '31-DECEMBER-90';

FIRST_NAME               SALARY HIRE_DATE                                                                                                                                                                                                       
-------------------- ---------- ---------                                                                                                                                                                                                       
Lex                       17000 13-JAN-93                                                                                                                                                                                                       
Bruce                      6000 21-MAY-91                                                                                                                                                                                                       
Diana                      4200 07-FEB-99                                                                                                                                                                                                       
Kevin                      5800 16-NOV-99                                                                                                                                                                                                       
Trenna                     3500 17-OCT-95                                                                                                                                                                                                       
Curtis                     3100 29-JAN-97                                                                                                                                                                                                       
Randall                    2600 15-MAR-98                                                                                                                                                                                                       
Peter                      2500 09-JUL-98                                                                                                                                                                                                       
Eleni                     10500 29-JAN-00                                                                                                                                                                                                       
Ellen                     11000 11-MAY-96                                                                                                                                                                                                       
Jonathon                   8600 24-MAR-98                                                                                                                                                                                                       
Kimerely                   7000 24-MAY-99                                                                                                                                                                                                       
Michael                   13000 17-FEB-96                                                                                                                                                                                                       
Pat                        6000 17-AUG-97                                                                                                                                                                                                       
Shelley                   12000 07-JUN-94                                                                                                                                                                                                       
William                    8300 07-JUN-94                                                                                                                                                                                                       

16 rows selected.

SQL> SELECT FIRST_NAME , SALARY , HIRE_DATE FROM EMPLOYEES WHERE HIRE_DATE > '31-DECEMBER-1990';

FIRST_NAME               SALARY HIRE_DATE                                                                                                                                                                                                       
-------------------- ---------- ---------                                                                                                                                                                                                       
Lex                       17000 13-JAN-93                                                                                                                                                                                                       
Bruce                      6000 21-MAY-91                                                                                                                                                                                                       
Diana                      4200 07-FEB-99                                                                                                                                                                                                       
Kevin                      5800 16-NOV-99                                                                                                                                                                                                       
Trenna                     3500 17-OCT-95                                                                                                                                                                                                       
Curtis                     3100 29-JAN-97                                                                                                                                                                                                       
Randall                    2600 15-MAR-98                                                                                                                                                                                                       
Peter                      2500 09-JUL-98                                                                                                                                                                                                       
Eleni                     10500 29-JAN-00                                                                                                                                                                                                       
Ellen                     11000 11-MAY-96                                                                                                                                                                                                       
Jonathon                   8600 24-MAR-98                                                                                                                                                                                                       
Kimerely                   7000 24-MAY-99                                                                                                                                                                                                       
Michael                   13000 17-FEB-96                                                                                                                                                                                                       
Pat                        6000 17-AUG-97                                                                                                                                                                                                       
Shelley                   12000 07-JUN-94                                                                                                                                                                                                       
William                    8300 07-JUN-94                                                                                                                                                                                                       

16 rows selected.

SQL> SELECT FIRST_NAME , SALARY , HIRE_DATE FROM EMPLOYEES WHERE HIRE_DATE > '31\DECEMBER/1990';

FIRST_NAME               SALARY HIRE_DATE                                                                                                                                                                                                       
-------------------- ---------- ---------                                                                                                                                                                                                       
Lex                       17000 13-JAN-93                                                                                                                                                                                                       
Bruce                      6000 21-MAY-91                                                                                                                                                                                                       
Diana                      4200 07-FEB-99                                                                                                                                                                                                       
Kevin                      5800 16-NOV-99                                                                                                                                                                                                       
Trenna                     3500 17-OCT-95                                                                                                                                                                                                       
Curtis                     3100 29-JAN-97                                                                                                                                                                                                       
Randall                    2600 15-MAR-98                                                                                                                                                                                                       
Peter                      2500 09-JUL-98                                                                                                                                                                                                       
Eleni                     10500 29-JAN-00                                                                                                                                                                                                       
Ellen                     11000 11-MAY-96                                                                                                                                                                                                       
Jonathon                   8600 24-MAR-98                                                                                                                                                                                                       
Kimerely                   7000 24-MAY-99                                                                                                                                                                                                       
Michael                   13000 17-FEB-96                                                                                                                                                                                                       
Pat                        6000 17-AUG-97                                                                                                                                                                                                       
Shelley                   12000 07-JUN-94                                                                                                                                                                                                       
William                    8300 07-JUN-94                                                                                                                                                                                                       

16 rows selected.

SQL> SELECT FIRST_NAME , SALARY , HIRE_DATE FROM EMPLOYEES WHERE HIRE_DATE > '31DECEMBER1990';

FIRST_NAME               SALARY HIRE_DATE                                                                                                                                                                                                       
-------------------- ---------- ---------                                                                                                                                                                                                       
Lex                       17000 13-JAN-93                                                                                                                                                                                                       
Bruce                      6000 21-MAY-91                                                                                                                                                                                                       
Diana                      4200 07-FEB-99                                                                                                                                                                                                       
Kevin                      5800 16-NOV-99                                                                                                                                                                                                       
Trenna                     3500 17-OCT-95                                                                                                                                                                                                       
Curtis                     3100 29-JAN-97                                                                                                                                                                                                       
Randall                    2600 15-MAR-98                                                                                                                                                                                                       
Peter                      2500 09-JUL-98                                                                                                                                                                                                       
Eleni                     10500 29-JAN-00                                                                                                                                                                                                       
Ellen                     11000 11-MAY-96                                                                                                                                                                                                       
Jonathon                   8600 24-MAR-98                                                                                                                                                                                                       
Kimerely                   7000 24-MAY-99                                                                                                                                                                                                       
Michael                   13000 17-FEB-96                                                                                                                                                                                                       
Pat                        6000 17-AUG-97                                                                                                                                                                                                       
Shelley                   12000 07-JUN-94                                                                                                                                                                                                       
William                    8300 07-JUN-94                                                                                                                                                                                                       

16 rows selected.

SQL> SELECT FIRST_NAME , SALARY , HIRE_DATE FROM EMPLOYEES WHERE HIRE_DATE > '31dec1990';

FIRST_NAME               SALARY HIRE_DATE                                                                                                                                                                                                       
-------------------- ---------- ---------                                                                                                                                                                                                       
Lex                       17000 13-JAN-93                                                                                                                                                                                                       
Bruce                      6000 21-MAY-91                                                                                                                                                                                                       
Diana                      4200 07-FEB-99                                                                                                                                                                                                       
Kevin                      5800 16-NOV-99                                                                                                                                                                                                       
Trenna                     3500 17-OCT-95                                                                                                                                                                                                       
Curtis                     3100 29-JAN-97                                                                                                                                                                                                       
Randall                    2600 15-MAR-98                                                                                                                                                                                                       
Peter                      2500 09-JUL-98                                                                                                                                                                                                       
Eleni                     10500 29-JAN-00                                                                                                                                                                                                       
Ellen                     11000 11-MAY-96                                                                                                                                                                                                       
Jonathon                   8600 24-MAR-98                                                                                                                                                                                                       
Kimerely                   7000 24-MAY-99                                                                                                                                                                                                       
Michael                   13000 17-FEB-96                                                                                                                                                                                                       
Pat                        6000 17-AUG-97                                                                                                                                                                                                       
Shelley                   12000 07-JUN-94                                                                                                                                                                                                       
William                    8300 07-JUN-94                                                                                                                                                                                                       

16 rows selected.

SQL> REM DATE IS FORMAT SENSITIVE BUT NOT CASE SENSITIVE
SQL> 
SQL> SELECT FIRST_NAME , SALARY , HIRE_DATE FROM EMPLOYEES WHERE HIRE_DATE > '31decE1990';
SELECT FIRST_NAME , SALARY , HIRE_DATE FROM EMPLOYEES WHERE HIRE_DATE > '31decE1990'
                                                                        *
ERROR at line 1:
ORA-01861: literal does not match format string 


SQL> SELECT FIRST_NAME , SALARY , HIRE_DATE FROM EMPLOYEES WHERE HIRE_DATE > 'DEC311990';
SELECT FIRST_NAME , SALARY , HIRE_DATE FROM EMPLOYEES WHERE HIRE_DATE > 'DEC311990'
                                                                        *
ERROR at line 1:
ORA-01858: a non-numeric character was found where a numeric was expected 


SQL> SELECT FIRST_NAME , SALARY , HIRE_DATE FROM EMPLOYEES WHERE HIRE_DATE > '31-12-1990';
SELECT FIRST_NAME , SALARY , HIRE_DATE FROM EMPLOYEES WHERE HIRE_DATE > '31-12-1990'
                                                                        *
ERROR at line 1:
ORA-01843: not a valid month 


SQL> SELECT FIRST_NAME , SALARY , HIRE_DATE FROM EMPLOYEES WHERE HIRE_DATE > '31-JANU-1990';
SELECT FIRST_NAME , SALARY , HIRE_DATE FROM EMPLOYEES WHERE HIRE_DATE > '31-JANU-1990'
                                                                        *
ERROR at line 1:
ORA-01861: literal does not match format string 


SQL> SELECT FIRST_NAME , SALARY , HIRE_DATE FROM EMPLOYEES WHERE HIRE_DATE > '31-Jan-1990';

FIRST_NAME               SALARY HIRE_DATE                                                                                                                                                                                                       
-------------------- ---------- ---------                                                                                                                                                                                                       
Lex                       17000 13-JAN-93                                                                                                                                                                                                       
Bruce                      6000 21-MAY-91                                                                                                                                                                                                       
Diana                      4200 07-FEB-99                                                                                                                                                                                                       
Kevin                      5800 16-NOV-99                                                                                                                                                                                                       
Trenna                     3500 17-OCT-95                                                                                                                                                                                                       
Curtis                     3100 29-JAN-97                                                                                                                                                                                                       
Randall                    2600 15-MAR-98                                                                                                                                                                                                       
Peter                      2500 09-JUL-98                                                                                                                                                                                                       
Eleni                     10500 29-JAN-00                                                                                                                                                                                                       
Ellen                     11000 11-MAY-96                                                                                                                                                                                                       
Jonathon                   8600 24-MAR-98                                                                                                                                                                                                       
Kimerely                   7000 24-MAY-99                                                                                                                                                                                                       
Michael                   13000 17-FEB-96                                                                                                                                                                                                       
Pat                        6000 17-AUG-97                                                                                                                                                                                                       
Shelley                   12000 07-JUN-94                                                                                                                                                                                                       
William                    8300 07-JUN-94                                                                                                                                                                                                       

16 rows selected.

SQL> SELECT * FROM EMPLOYEES WHERE DEPARTMENT_ID != 50;

EMPLOYEE_ID FIRST_NAME           LAST_NAME                 EMAIL                     PHONE_NUMBER         HIRE_DATE JOB_ID         SALARY COMMISSION_PCT MANAGER_ID DEPARTMENT_ID                                                               
----------- -------------------- ------------------------- ------------------------- -------------------- --------- ---------- ---------- -------------- ---------- -------------                                                               
        100 Steven               King                      SKING                     515.123.4567         17-JUL-87 AD_PRES         24000                                      90                                                               
        101 Neena                Kochhar                   NKOCHHAR                  515.123.4568         21-SEP-89 AD_VP           17000                       100            90                                                               
        102 Lex                  De Haan                   LDEHAAN                   515.123.4569         13-JAN-93 AD_VP           17000                       100            90                                                               
        103 Alexander            Hunold                    AHUNOLD                   590.423.4567         03-JAN-90 IT_PROG          9000                       102            60                                                               
        104 Bruce                Ernst                     BERNST                    590.423.4568         21-MAY-91 IT_PROG          6000                       103            60                                                               
        107 Diana                Lorentz                   DLORENTZ                  590.423.5567         07-FEB-99 IT_PROG          4200                       103            60                                                               
        149 Eleni                Zlotkey                   EZLOTKEY                  011.44.1344.429018   29-JAN-00 SA_MAN          10500             .2        100            80                                                               
        174 Ellen                Abel                      EABEL                     011.44.1644.429267   11-MAY-96 SA_REP          11000             .3        149            80                                                               
        176 Jonathon             Taylor                    JTAYLOR                   011.44.1644.429265   24-MAR-98 SA_REP           8600             .3        149            80                                                               
        200 Jennifer             Whalen                    JWAHLEN                   515.123.4444         17-SEP-87 AD_ASST          4400                       101            10                                                               
        201 Michael              Hartstein                 MHARTSTE                  515.123.5555         17-FEB-96 MK_MAN          13000                       100            20                                                               
        202 Pat                  Fay                       PFAY                      603.123.6666         17-AUG-97 MK_REP           6000                       201            20                                                               
        205 Shelley              Higgins                   SHIGGINS                  515.123.8080         07-JUN-94 AC_MGR          12000                       101           110                                                               
        206 William              Gietz                     WGIETZ                    515.123.8181         07-JUN-94 AC_ACCOUNT       8300                       205           110                                                               

14 rows selected.

SQL> SELECT * FROM EMPLOYEES WHERE DEPARTMENT_ID <> 50;

EMPLOYEE_ID FIRST_NAME           LAST_NAME                 EMAIL                     PHONE_NUMBER         HIRE_DATE JOB_ID         SALARY COMMISSION_PCT MANAGER_ID DEPARTMENT_ID                                                               
----------- -------------------- ------------------------- ------------------------- -------------------- --------- ---------- ---------- -------------- ---------- -------------                                                               
        100 Steven               King                      SKING                     515.123.4567         17-JUL-87 AD_PRES         24000                                      90                                                               
        101 Neena                Kochhar                   NKOCHHAR                  515.123.4568         21-SEP-89 AD_VP           17000                       100            90                                                               
        102 Lex                  De Haan                   LDEHAAN                   515.123.4569         13-JAN-93 AD_VP           17000                       100            90                                                               
        103 Alexander            Hunold                    AHUNOLD                   590.423.4567         03-JAN-90 IT_PROG          9000                       102            60                                                               
        104 Bruce                Ernst                     BERNST                    590.423.4568         21-MAY-91 IT_PROG          6000                       103            60                                                               
        107 Diana                Lorentz                   DLORENTZ                  590.423.5567         07-FEB-99 IT_PROG          4200                       103            60                                                               
        149 Eleni                Zlotkey                   EZLOTKEY                  011.44.1344.429018   29-JAN-00 SA_MAN          10500             .2        100            80                                                               
        174 Ellen                Abel                      EABEL                     011.44.1644.429267   11-MAY-96 SA_REP          11000             .3        149            80                                                               
        176 Jonathon             Taylor                    JTAYLOR                   011.44.1644.429265   24-MAR-98 SA_REP           8600             .3        149            80                                                               
        200 Jennifer             Whalen                    JWAHLEN                   515.123.4444         17-SEP-87 AD_ASST          4400                       101            10                                                               
        201 Michael              Hartstein                 MHARTSTE                  515.123.5555         17-FEB-96 MK_MAN          13000                       100            20                                                               
        202 Pat                  Fay                       PFAY                      603.123.6666         17-AUG-97 MK_REP           6000                       201            20                                                               
        205 Shelley              Higgins                   SHIGGINS                  515.123.8080         07-JUN-94 AC_MGR          12000                       101           110                                                               
        206 William              Gietz                     WGIETZ                    515.123.8181         07-JUN-94 AC_ACCOUNT       8300                       205           110                                                               

14 rows selected.

SQL> SELECT * FROM EMPLOYEES WHERE DEPARTMENT_ID ^= 50;

EMPLOYEE_ID FIRST_NAME           LAST_NAME                 EMAIL                     PHONE_NUMBER         HIRE_DATE JOB_ID         SALARY COMMISSION_PCT MANAGER_ID DEPARTMENT_ID                                                               
----------- -------------------- ------------------------- ------------------------- -------------------- --------- ---------- ---------- -------------- ---------- -------------                                                               
        100 Steven               King                      SKING                     515.123.4567         17-JUL-87 AD_PRES         24000                                      90                                                               
        101 Neena                Kochhar                   NKOCHHAR                  515.123.4568         21-SEP-89 AD_VP           17000                       100            90                                                               
        102 Lex                  De Haan                   LDEHAAN                   515.123.4569         13-JAN-93 AD_VP           17000                       100            90                                                               
        103 Alexander            Hunold                    AHUNOLD                   590.423.4567         03-JAN-90 IT_PROG          9000                       102            60                                                               
        104 Bruce                Ernst                     BERNST                    590.423.4568         21-MAY-91 IT_PROG          6000                       103            60                                                               
        107 Diana                Lorentz                   DLORENTZ                  590.423.5567         07-FEB-99 IT_PROG          4200                       103            60                                                               
        149 Eleni                Zlotkey                   EZLOTKEY                  011.44.1344.429018   29-JAN-00 SA_MAN          10500             .2        100            80                                                               
        174 Ellen                Abel                      EABEL                     011.44.1644.429267   11-MAY-96 SA_REP          11000             .3        149            80                                                               
        176 Jonathon             Taylor                    JTAYLOR                   011.44.1644.429265   24-MAR-98 SA_REP           8600             .3        149            80                                                               
        200 Jennifer             Whalen                    JWAHLEN                   515.123.4444         17-SEP-87 AD_ASST          4400                       101            10                                                               
        201 Michael              Hartstein                 MHARTSTE                  515.123.5555         17-FEB-96 MK_MAN          13000                       100            20                                                               
        202 Pat                  Fay                       PFAY                      603.123.6666         17-AUG-97 MK_REP           6000                       201            20                                                               
        205 Shelley              Higgins                   SHIGGINS                  515.123.8080         07-JUN-94 AC_MGR          12000                       101           110                                                               
        206 William              Gietz                     WGIETZ                    515.123.8181         07-JUN-94 AC_ACCOUNT       8300                       205           110                                                               

14 rows selected.

SQL> SELECT * FROM EMPLOYEES WHERE DEPARTMENT_ID = 50;

EMPLOYEE_ID FIRST_NAME           LAST_NAME                 EMAIL                     PHONE_NUMBER         HIRE_DATE JOB_ID         SALARY COMMISSION_PCT MANAGER_ID DEPARTMENT_ID                                                               
----------- -------------------- ------------------------- ------------------------- -------------------- --------- ---------- ---------- -------------- ---------- -------------                                                               
        124 Kevin                Mourgos                   KMOURGOS                  650.123.5234         16-NOV-99 ST_MAN           5800                       100            50                                                               
        141 Trenna               Rajs                      TRAJS                     650.121.8009         17-OCT-95 ST_CLERK         3500                       124            50                                                               
        142 Curtis               Davies                    CDAVIES                   650.121.2994         29-JAN-97 ST_CLERK         3100                       124            50                                                               
        143 Randall              Matos                     RMATOS                    650.121.2874         15-MAR-98 ST_CLERK         2600                       124            50                                                               
        144 Peter                Vargas                    PVARGAS                   650.121.2004         09-JUL-98 ST_CLERK         2500                       124            50                                                               

SQL> SELECT * FROM EMPLOYEES WHERE DEPARTMENT_ID = 110;

EMPLOYEE_ID FIRST_NAME           LAST_NAME                 EMAIL                     PHONE_NUMBER         HIRE_DATE JOB_ID         SALARY COMMISSION_PCT MANAGER_ID DEPARTMENT_ID                                                               
----------- -------------------- ------------------------- ------------------------- -------------------- --------- ---------- ---------- -------------- ---------- -------------                                                               
        205 Shelley              Higgins                   SHIGGINS                  515.123.8080         07-JUN-94 AC_MGR          12000                       101           110                                                               
        206 William              Gietz                     WGIETZ                    515.123.8181         07-JUN-94 AC_ACCOUNT       8300                       205           110                                                               

SQL> SELECT * FROM EMPLOYEES WHERE DEPARTMENT_ID = 50 110;
SELECT * FROM EMPLOYEES WHERE DEPARTMENT_ID = 50 110
                                                 *
ERROR at line 1:
ORA-00933: SQL command not properly ended 


SQL> SELECT * FROM EMPLOYEES WHERE DEPARTMENT_ID = 50, 110;
SELECT * FROM EMPLOYEES WHERE DEPARTMENT_ID = 50, 110
                                                *
ERROR at line 1:
ORA-00933: SQL command not properly ended 


SQL> SELECT * FROM EMPLOYEES WHERE DEPARTMENT_ID = (50, 110);
SELECT * FROM EMPLOYEES WHERE DEPARTMENT_ID = (50, 110)
                                            *
ERROR at line 1:
ORA-01797: this operator must be followed by ANY or ALL 


SQL> REM MULTI ROW OPERATORS : ANY/SOME , ALL
SQL> 
SQL> SELECT * FROM EMPLOYEES WHERE DEPARTMENT_ID = ANY (50, 110);

EMPLOYEE_ID FIRST_NAME           LAST_NAME                 EMAIL                     PHONE_NUMBER         HIRE_DATE JOB_ID         SALARY COMMISSION_PCT MANAGER_ID DEPARTMENT_ID                                                               
----------- -------------------- ------------------------- ------------------------- -------------------- --------- ---------- ---------- -------------- ---------- -------------                                                               
        124 Kevin                Mourgos                   KMOURGOS                  650.123.5234         16-NOV-99 ST_MAN           5800                       100            50                                                               
        141 Trenna               Rajs                      TRAJS                     650.121.8009         17-OCT-95 ST_CLERK         3500                       124            50                                                               
        142 Curtis               Davies                    CDAVIES                   650.121.2994         29-JAN-97 ST_CLERK         3100                       124            50                                                               
        143 Randall              Matos                     RMATOS                    650.121.2874         15-MAR-98 ST_CLERK         2600                       124            50                                                               
        144 Peter                Vargas                    PVARGAS                   650.121.2004         09-JUL-98 ST_CLERK         2500                       124            50                                                               
        205 Shelley              Higgins                   SHIGGINS                  515.123.8080         07-JUN-94 AC_MGR          12000                       101           110                                                               
        206 William              Gietz                     WGIETZ                    515.123.8181         07-JUN-94 AC_ACCOUNT       8300                       205           110                                                               

7 rows selected.

SQL> SELECT * FROM EMPLOYEES WHERE DEPARTMENT_ID = SOME (50, 110);

EMPLOYEE_ID FIRST_NAME           LAST_NAME                 EMAIL                     PHONE_NUMBER         HIRE_DATE JOB_ID         SALARY COMMISSION_PCT MANAGER_ID DEPARTMENT_ID                                                               
----------- -------------------- ------------------------- ------------------------- -------------------- --------- ---------- ---------- -------------- ---------- -------------                                                               
        124 Kevin                Mourgos                   KMOURGOS                  650.123.5234         16-NOV-99 ST_MAN           5800                       100            50                                                               
        141 Trenna               Rajs                      TRAJS                     650.121.8009         17-OCT-95 ST_CLERK         3500                       124            50                                                               
        142 Curtis               Davies                    CDAVIES                   650.121.2994         29-JAN-97 ST_CLERK         3100                       124            50                                                               
        143 Randall              Matos                     RMATOS                    650.121.2874         15-MAR-98 ST_CLERK         2600                       124            50                                                               
        144 Peter                Vargas                    PVARGAS                   650.121.2004         09-JUL-98 ST_CLERK         2500                       124            50                                                               
        205 Shelley              Higgins                   SHIGGINS                  515.123.8080         07-JUN-94 AC_MGR          12000                       101           110                                                               
        206 William              Gietz                     WGIETZ                    515.123.8181         07-JUN-94 AC_ACCOUNT       8300                       205           110                                                               

7 rows selected.

SQL> SELECT * FROM EMPLOYEES WHERE DEPARTMENT_ID <> ALL (50, 110);

EMPLOYEE_ID FIRST_NAME           LAST_NAME                 EMAIL                     PHONE_NUMBER         HIRE_DATE JOB_ID         SALARY COMMISSION_PCT MANAGER_ID DEPARTMENT_ID                                                               
----------- -------------------- ------------------------- ------------------------- -------------------- --------- ---------- ---------- -------------- ---------- -------------                                                               
        100 Steven               King                      SKING                     515.123.4567         17-JUL-87 AD_PRES         24000                                      90                                                               
        101 Neena                Kochhar                   NKOCHHAR                  515.123.4568         21-SEP-89 AD_VP           17000                       100            90                                                               
        102 Lex                  De Haan                   LDEHAAN                   515.123.4569         13-JAN-93 AD_VP           17000                       100            90                                                               
        103 Alexander            Hunold                    AHUNOLD                   590.423.4567         03-JAN-90 IT_PROG          9000                       102            60                                                               
        104 Bruce                Ernst                     BERNST                    590.423.4568         21-MAY-91 IT_PROG          6000                       103            60                                                               
        107 Diana                Lorentz                   DLORENTZ                  590.423.5567         07-FEB-99 IT_PROG          4200                       103            60                                                               
        149 Eleni                Zlotkey                   EZLOTKEY                  011.44.1344.429018   29-JAN-00 SA_MAN          10500             .2        100            80                                                               
        174 Ellen                Abel                      EABEL                     011.44.1644.429267   11-MAY-96 SA_REP          11000             .3        149            80                                                               
        176 Jonathon             Taylor                    JTAYLOR                   011.44.1644.429265   24-MAR-98 SA_REP           8600             .3        149            80                                                               
        200 Jennifer             Whalen                    JWAHLEN                   515.123.4444         17-SEP-87 AD_ASST          4400                       101            10                                                               
        201 Michael              Hartstein                 MHARTSTE                  515.123.5555         17-FEB-96 MK_MAN          13000                       100            20                                                               
        202 Pat                  Fay                       PFAY                      603.123.6666         17-AUG-97 MK_REP           6000                       201            20                                                               

12 rows selected.

SQL> REM = ANY OR = SOME WILL GENERATE LOGICAL RESULT
SQL> 
SQL> REM <> ALL OR != ALL OR ^= ALL WILL GENERATE LOGICAL RESULT
SQL> 
SQL> SELECT * FROM EMPLOYEES WHERE DEPARTMENT_ID = ALL (50, 110);

no rows selected

SQL> SELECT * FROM EMPLOYEES WHERE DEPARTMENT_ID <> ANY (50, 110);

EMPLOYEE_ID FIRST_NAME           LAST_NAME                 EMAIL                     PHONE_NUMBER         HIRE_DATE JOB_ID         SALARY COMMISSION_PCT MANAGER_ID DEPARTMENT_ID                                                               
----------- -------------------- ------------------------- ------------------------- -------------------- --------- ---------- ---------- -------------- ---------- -------------                                                               
        100 Steven               King                      SKING                     515.123.4567         17-JUL-87 AD_PRES         24000                                      90                                                               
        101 Neena                Kochhar                   NKOCHHAR                  515.123.4568         21-SEP-89 AD_VP           17000                       100            90                                                               
        102 Lex                  De Haan                   LDEHAAN                   515.123.4569         13-JAN-93 AD_VP           17000                       100            90                                                               
        103 Alexander            Hunold                    AHUNOLD                   590.423.4567         03-JAN-90 IT_PROG          9000                       102            60                                                               
        104 Bruce                Ernst                     BERNST                    590.423.4568         21-MAY-91 IT_PROG          6000                       103            60                                                               
        107 Diana                Lorentz                   DLORENTZ                  590.423.5567         07-FEB-99 IT_PROG          4200                       103            60                                                               
        124 Kevin                Mourgos                   KMOURGOS                  650.123.5234         16-NOV-99 ST_MAN           5800                       100            50                                                               
        141 Trenna               Rajs                      TRAJS                     650.121.8009         17-OCT-95 ST_CLERK         3500                       124            50                                                               
        142 Curtis               Davies                    CDAVIES                   650.121.2994         29-JAN-97 ST_CLERK         3100                       124            50                                                               
        143 Randall              Matos                     RMATOS                    650.121.2874         15-MAR-98 ST_CLERK         2600                       124            50                                                               
        144 Peter                Vargas                    PVARGAS                   650.121.2004         09-JUL-98 ST_CLERK         2500                       124            50                                                               
        149 Eleni                Zlotkey                   EZLOTKEY                  011.44.1344.429018   29-JAN-00 SA_MAN          10500             .2        100            80                                                               
        174 Ellen                Abel                      EABEL                     011.44.1644.429267   11-MAY-96 SA_REP          11000             .3        149            80                                                               
        176 Jonathon             Taylor                    JTAYLOR                   011.44.1644.429265   24-MAR-98 SA_REP           8600             .3        149            80                                                               
        200 Jennifer             Whalen                    JWAHLEN                   515.123.4444         17-SEP-87 AD_ASST          4400                       101            10                                                               
        201 Michael              Hartstein                 MHARTSTE                  515.123.5555         17-FEB-96 MK_MAN          13000                       100            20                                                               
        202 Pat                  Fay                       PFAY                      603.123.6666         17-AUG-97 MK_REP           6000                       201            20                                                               
        205 Shelley              Higgins                   SHIGGINS                  515.123.8080         07-JUN-94 AC_MGR          12000                       101           110                                                               
        206 William              Gietz                     WGIETZ                    515.123.8181         07-JUN-94 AC_ACCOUNT       8300                       205           110                                                               

19 rows selected.

SQL> REM PAIR WISE COMPARISON
SQL> 
SQL> SELECT DEPARTMENT_ID , JOB_ID , FIRST_NAME FROM EMPLOYEES ORDER BY 1,2;

DEPARTMENT_ID JOB_ID     FIRST_NAME                                                                                                                                                                                                             
------------- ---------- --------------------                                                                                                                                                                                                   
           10 AD_ASST    Jennifer                                                                                                                                                                                                               
           20 MK_MAN     Michael                                                                                                                                                                                                                
           20 MK_REP     Pat                                                                                                                                                                                                                    
           50 ST_CLERK   Trenna                                                                                                                                                                                                                 
           50 ST_CLERK   Peter                                                                                                                                                                                                                  
           50 ST_CLERK   Randall                                                                                                                                                                                                                
           50 ST_CLERK   Curtis                                                                                                                                                                                                                 
           50 ST_MAN     Kevin                                                                                                                                                                                                                  
           60 IT_PROG    Diana                                                                                                                                                                                                                  
           60 IT_PROG    Bruce                                                                                                                                                                                                                  
           60 IT_PROG    Alexander                                                                                                                                                                                                              
           80 SA_MAN     Eleni                                                                                                                                                                                                                  
           80 SA_REP     Ellen                                                                                                                                                                                                                  
           80 SA_REP     Jonathon                                                                                                                                                                                                               
           90 AD_PRES    Steven                                                                                                                                                                                                                 
           90 AD_VP      Lex                                                                                                                                                                                                                    
           90 AD_VP      Neena                                                                                                                                                                                                                  
          110 AC_ACCOUNT William                                                                                                                                                                                                                
          110 AC_MGR     Shelley                                                                                                                                                                                                                
              SA_REP     Kimerely                                                                                                                                                                                                               

20 rows selected.

SQL> REM 50 ST_CLERK , 80 SA_REP
SQL> 
SQL> SELECT DEPARTMENT_ID , JOB_ID , FIRST_NAME FROM EMPLOYEES WHERE (DEPARTMENT_ID,JOB_ID) = ANY ((50,'ST_CLERK'),(80,'SA_REP'));

DEPARTMENT_ID JOB_ID     FIRST_NAME                                                                                                                                                                                                             
------------- ---------- --------------------                                                                                                                                                                                                   
           50 ST_CLERK   Trenna                                                                                                                                                                                                                 
           50 ST_CLERK   Curtis                                                                                                                                                                                                                 
           50 ST_CLERK   Randall                                                                                                                                                                                                                
           50 ST_CLERK   Peter                                                                                                                                                                                                                  
           80 SA_REP     Ellen                                                                                                                                                                                                                  
           80 SA_REP     Jonathon                                                                                                                                                                                                               

6 rows selected.

SQL> SELECT DEPARTMENT_ID , JOB_ID , FIRST_NAME FROM EMPLOYEES WHERE (DEPARTMENT_ID,JOB_ID) = ANY (50,'ST_CLERK',(80,'SA_REP'));
SELECT DEPARTMENT_ID , JOB_ID , FIRST_NAME FROM EMPLOYEES WHERE (DEPARTMENT_ID,JOB_ID) = ANY (50,'ST_CLERK',(80,'SA_REP'))
                                                                                             *
ERROR at line 1:
ORA-00920: invalid relational operator 


SQL> SELECT DEPARTMENT_ID , JOB_ID , FIRST_NAME FROM EMPLOYEES WHERE DEPARTMENT_ID,JOB_ID = ANY ((50,'ST_CLERK'),(80,'SA_REP'));
SELECT DEPARTMENT_ID , JOB_ID , FIRST_NAME FROM EMPLOYEES WHERE DEPARTMENT_ID,JOB_ID = ANY ((50,'ST_CLERK'),(80,'SA_REP'))
                                                                             *
ERROR at line 1:
ORA-00920: invalid relational operator 


SQL> SELECT DEPARTMENT_ID , JOB_ID , FIRST_NAME FROM EMPLOYEES WHERE (DEPARTMENT_ID,JOB_ID) = ANY ((50),(80,'SA_REP'));
SELECT DEPARTMENT_ID , JOB_ID , FIRST_NAME FROM EMPLOYEES WHERE (DEPARTMENT_ID,JOB_ID) = ANY ((50),(80,'SA_REP'))
                                                                                             *
ERROR at line 1:
ORA-00920: invalid relational operator 


SQL> SELECT DEPARTMENT_ID , JOB_ID , FIRST_NAME FROM EMPLOYEES WHERE (DEPARTMENT_ID,JOB_ID) = SOME ((50,'ST_CLERK'),(80,'SA_REP'));

DEPARTMENT_ID JOB_ID     FIRST_NAME                                                                                                                                                                                                             
------------- ---------- --------------------                                                                                                                                                                                                   
           50 ST_CLERK   Trenna                                                                                                                                                                                                                 
           50 ST_CLERK   Curtis                                                                                                                                                                                                                 
           50 ST_CLERK   Randall                                                                                                                                                                                                                
           50 ST_CLERK   Peter                                                                                                                                                                                                                  
           80 SA_REP     Ellen                                                                                                                                                                                                                  
           80 SA_REP     Jonathon                                                                                                                                                                                                               

6 rows selected.

SQL> SELECT DEPARTMENT_ID , JOB_ID , FIRST_NAME FROM EMPLOYEES WHERE (DEPARTMENT_ID,JOB_ID) <> ALL ((50,'ST_CLERK'),(80,'SA_REP'));

DEPARTMENT_ID JOB_ID     FIRST_NAME                                                                                                                                                                                                             
------------- ---------- --------------------                                                                                                                                                                                                   
           90 AD_PRES    Steven                                                                                                                                                                                                                 
           90 AD_VP      Neena                                                                                                                                                                                                                  
           90 AD_VP      Lex                                                                                                                                                                                                                    
           60 IT_PROG    Alexander                                                                                                                                                                                                              
           60 IT_PROG    Bruce                                                                                                                                                                                                                  
           60 IT_PROG    Diana                                                                                                                                                                                                                  
           50 ST_MAN     Kevin                                                                                                                                                                                                                  
           80 SA_MAN     Eleni                                                                                                                                                                                                                  
           10 AD_ASST    Jennifer                                                                                                                                                                                                               
           20 MK_MAN     Michael                                                                                                                                                                                                                
           20 MK_REP     Pat                                                                                                                                                                                                                    
          110 AC_MGR     Shelley                                                                                                                                                                                                                
          110 AC_ACCOUNT William                                                                                                                                                                                                                

13 rows selected.

SQL> REM SPEICAL OPERATORS : 1 IN 2 BETWEEN 3 LIKE 4 IS NULL
SQL> 
SQL> REM IN IS EQUIVALENT TO = ANY OR = SOME
SQL> 
SQL> REM NOT IS EQUIVALENT TO <> ALL
SQL> 
SQL> SELECT * FROM EMPLOYEES WHERE DEPARTMENT_ID = ANY (50, 110);

EMPLOYEE_ID FIRST_NAME           LAST_NAME                 EMAIL                     PHONE_NUMBER         HIRE_DATE JOB_ID         SALARY COMMISSION_PCT MANAGER_ID DEPARTMENT_ID                                                               
----------- -------------------- ------------------------- ------------------------- -------------------- --------- ---------- ---------- -------------- ---------- -------------                                                               
        124 Kevin                Mourgos                   KMOURGOS                  650.123.5234         16-NOV-99 ST_MAN           5800                       100            50                                                               
        141 Trenna               Rajs                      TRAJS                     650.121.8009         17-OCT-95 ST_CLERK         3500                       124            50                                                               
        142 Curtis               Davies                    CDAVIES                   650.121.2994         29-JAN-97 ST_CLERK         3100                       124            50                                                               
        143 Randall              Matos                     RMATOS                    650.121.2874         15-MAR-98 ST_CLERK         2600                       124            50                                                               
        144 Peter                Vargas                    PVARGAS                   650.121.2004         09-JUL-98 ST_CLERK         2500                       124            50                                                               
        205 Shelley              Higgins                   SHIGGINS                  515.123.8080         07-JUN-94 AC_MGR          12000                       101           110                                                               
        206 William              Gietz                     WGIETZ                    515.123.8181         07-JUN-94 AC_ACCOUNT       8300                       205           110                                                               

7 rows selected.

SQL> SELECT * FROM EMPLOYEES WHERE DEPARTMENT_ID IN (50, 110);

EMPLOYEE_ID FIRST_NAME           LAST_NAME                 EMAIL                     PHONE_NUMBER         HIRE_DATE JOB_ID         SALARY COMMISSION_PCT MANAGER_ID DEPARTMENT_ID                                                               
----------- -------------------- ------------------------- ------------------------- -------------------- --------- ---------- ---------- -------------- ---------- -------------                                                               
        124 Kevin                Mourgos                   KMOURGOS                  650.123.5234         16-NOV-99 ST_MAN           5800                       100            50                                                               
        141 Trenna               Rajs                      TRAJS                     650.121.8009         17-OCT-95 ST_CLERK         3500                       124            50                                                               
        142 Curtis               Davies                    CDAVIES                   650.121.2994         29-JAN-97 ST_CLERK         3100                       124            50                                                               
        143 Randall              Matos                     RMATOS                    650.121.2874         15-MAR-98 ST_CLERK         2600                       124            50                                                               
        144 Peter                Vargas                    PVARGAS                   650.121.2004         09-JUL-98 ST_CLERK         2500                       124            50                                                               
        205 Shelley              Higgins                   SHIGGINS                  515.123.8080         07-JUN-94 AC_MGR          12000                       101           110                                                               
        206 William              Gietz                     WGIETZ                    515.123.8181         07-JUN-94 AC_ACCOUNT       8300                       205           110                                                               

7 rows selected.

SQL> SELECT * FROM EMPLOYEES WHERE DEPARTMENT_ID <> ALL (50, 110);

EMPLOYEE_ID FIRST_NAME           LAST_NAME                 EMAIL                     PHONE_NUMBER         HIRE_DATE JOB_ID         SALARY COMMISSION_PCT MANAGER_ID DEPARTMENT_ID                                                               
----------- -------------------- ------------------------- ------------------------- -------------------- --------- ---------- ---------- -------------- ---------- -------------                                                               
        100 Steven               King                      SKING                     515.123.4567         17-JUL-87 AD_PRES         24000                                      90                                                               
        101 Neena                Kochhar                   NKOCHHAR                  515.123.4568         21-SEP-89 AD_VP           17000                       100            90                                                               
        102 Lex                  De Haan                   LDEHAAN                   515.123.4569         13-JAN-93 AD_VP           17000                       100            90                                                               
        103 Alexander            Hunold                    AHUNOLD                   590.423.4567         03-JAN-90 IT_PROG          9000                       102            60                                                               
        104 Bruce                Ernst                     BERNST                    590.423.4568         21-MAY-91 IT_PROG          6000                       103            60                                                               
        107 Diana                Lorentz                   DLORENTZ                  590.423.5567         07-FEB-99 IT_PROG          4200                       103            60                                                               
        149 Eleni                Zlotkey                   EZLOTKEY                  011.44.1344.429018   29-JAN-00 SA_MAN          10500             .2        100            80                                                               
        174 Ellen                Abel                      EABEL                     011.44.1644.429267   11-MAY-96 SA_REP          11000             .3        149            80                                                               
        176 Jonathon             Taylor                    JTAYLOR                   011.44.1644.429265   24-MAR-98 SA_REP           8600             .3        149            80                                                               
        200 Jennifer             Whalen                    JWAHLEN                   515.123.4444         17-SEP-87 AD_ASST          4400                       101            10                                                               
        201 Michael              Hartstein                 MHARTSTE                  515.123.5555         17-FEB-96 MK_MAN          13000                       100            20                                                               
        202 Pat                  Fay                       PFAY                      603.123.6666         17-AUG-97 MK_REP           6000                       201            20                                                               

12 rows selected.

SQL> SELECT * FROM EMPLOYEES WHERE DEPARTMENT_ID NOT IN (50, 110);

EMPLOYEE_ID FIRST_NAME           LAST_NAME                 EMAIL                     PHONE_NUMBER         HIRE_DATE JOB_ID         SALARY COMMISSION_PCT MANAGER_ID DEPARTMENT_ID                                                               
----------- -------------------- ------------------------- ------------------------- -------------------- --------- ---------- ---------- -------------- ---------- -------------                                                               
        100 Steven               King                      SKING                     515.123.4567         17-JUL-87 AD_PRES         24000                                      90                                                               
        101 Neena                Kochhar                   NKOCHHAR                  515.123.4568         21-SEP-89 AD_VP           17000                       100            90                                                               
        102 Lex                  De Haan                   LDEHAAN                   515.123.4569         13-JAN-93 AD_VP           17000                       100            90                                                               
        103 Alexander            Hunold                    AHUNOLD                   590.423.4567         03-JAN-90 IT_PROG          9000                       102            60                                                               
        104 Bruce                Ernst                     BERNST                    590.423.4568         21-MAY-91 IT_PROG          6000                       103            60                                                               
        107 Diana                Lorentz                   DLORENTZ                  590.423.5567         07-FEB-99 IT_PROG          4200                       103            60                                                               
        149 Eleni                Zlotkey                   EZLOTKEY                  011.44.1344.429018   29-JAN-00 SA_MAN          10500             .2        100            80                                                               
        174 Ellen                Abel                      EABEL                     011.44.1644.429267   11-MAY-96 SA_REP          11000             .3        149            80                                                               
        176 Jonathon             Taylor                    JTAYLOR                   011.44.1644.429265   24-MAR-98 SA_REP           8600             .3        149            80                                                               
        200 Jennifer             Whalen                    JWAHLEN                   515.123.4444         17-SEP-87 AD_ASST          4400                       101            10                                                               
        201 Michael              Hartstein                 MHARTSTE                  515.123.5555         17-FEB-96 MK_MAN          13000                       100            20                                                               
        202 Pat                  Fay                       PFAY                      603.123.6666         17-AUG-97 MK_REP           6000                       201            20                                                               

12 rows selected.

SQL> SELECT DEPARTMENT_ID , JOB_ID , FIRST_NAME FROM EMPLOYEES WHERE (DEPARTMENT_ID,JOB_ID) = SOME ((50,'ST_CLERK'),(80,'SA_REP'));

DEPARTMENT_ID JOB_ID     FIRST_NAME                                                                                                                                                                                                             
------------- ---------- --------------------                                                                                                                                                                                                   
           50 ST_CLERK   Trenna                                                                                                                                                                                                                 
           50 ST_CLERK   Curtis                                                                                                                                                                                                                 
           50 ST_CLERK   Randall                                                                                                                                                                                                                
           50 ST_CLERK   Peter                                                                                                                                                                                                                  
           80 SA_REP     Ellen                                                                                                                                                                                                                  
           80 SA_REP     Jonathon                                                                                                                                                                                                               

6 rows selected.

SQL> SELECT DEPARTMENT_ID , JOB_ID , FIRST_NAME FROM EMPLOYEES WHERE (DEPARTMENT_ID,JOB_ID) IN ((50,'ST_CLERK'),(80,'SA_REP'));

DEPARTMENT_ID JOB_ID     FIRST_NAME                                                                                                                                                                                                             
------------- ---------- --------------------                                                                                                                                                                                                   
           50 ST_CLERK   Trenna                                                                                                                                                                                                                 
           50 ST_CLERK   Curtis                                                                                                                                                                                                                 
           50 ST_CLERK   Randall                                                                                                                                                                                                                
           50 ST_CLERK   Peter                                                                                                                                                                                                                  
           80 SA_REP     Ellen                                                                                                                                                                                                                  
           80 SA_REP     Jonathon                                                                                                                                                                                                               

6 rows selected.

SQL> SELECT DEPARTMENT_ID , JOB_ID , FIRST_NAME FROM EMPLOYEES WHERE (DEPARTMENT_ID,JOB_ID) != ALL ((50,'ST_CLERK'),(80,'SA_REP'));

DEPARTMENT_ID JOB_ID     FIRST_NAME                                                                                                                                                                                                             
------------- ---------- --------------------                                                                                                                                                                                                   
           90 AD_PRES    Steven                                                                                                                                                                                                                 
           90 AD_VP      Neena                                                                                                                                                                                                                  
           90 AD_VP      Lex                                                                                                                                                                                                                    
           60 IT_PROG    Alexander                                                                                                                                                                                                              
           60 IT_PROG    Bruce                                                                                                                                                                                                                  
           60 IT_PROG    Diana                                                                                                                                                                                                                  
           50 ST_MAN     Kevin                                                                                                                                                                                                                  
           80 SA_MAN     Eleni                                                                                                                                                                                                                  
           10 AD_ASST    Jennifer                                                                                                                                                                                                               
           20 MK_MAN     Michael                                                                                                                                                                                                                
           20 MK_REP     Pat                                                                                                                                                                                                                    
          110 AC_MGR     Shelley                                                                                                                                                                                                                
          110 AC_ACCOUNT William                                                                                                                                                                                                                

13 rows selected.

SQL> SELECT DEPARTMENT_ID , JOB_ID , FIRST_NAME FROM EMPLOYEES WHERE (DEPARTMENT_ID,JOB_ID) NOT IN ((50,'ST_CLERK'),(80,'SA_REP'));

DEPARTMENT_ID JOB_ID     FIRST_NAME                                                                                                                                                                                                             
------------- ---------- --------------------                                                                                                                                                                                                   
           90 AD_PRES    Steven                                                                                                                                                                                                                 
           90 AD_VP      Neena                                                                                                                                                                                                                  
           90 AD_VP      Lex                                                                                                                                                                                                                    
           60 IT_PROG    Alexander                                                                                                                                                                                                              
           60 IT_PROG    Bruce                                                                                                                                                                                                                  
           60 IT_PROG    Diana                                                                                                                                                                                                                  
           50 ST_MAN     Kevin                                                                                                                                                                                                                  
           80 SA_MAN     Eleni                                                                                                                                                                                                                  
           10 AD_ASST    Jennifer                                                                                                                                                                                                               
           20 MK_MAN     Michael                                                                                                                                                                                                                
           20 MK_REP     Pat                                                                                                                                                                                                                    
          110 AC_MGR     Shelley                                                                                                                                                                                                                
          110 AC_ACCOUNT William                                                                                                                                                                                                                

13 rows selected.

SQL> REM BETWEEN IS USED FOR RANGE CHECKING
SQL> 
SQL> SELECT FIRST_NAME , SALARY , HIRE_DATE FROM EMPLOYEES WHERE SALARY BETWEEN 11000 AND 17000 ORDER BY 2;

FIRST_NAME               SALARY HIRE_DATE                                                                                                                                                                                                       
-------------------- ---------- ---------                                                                                                                                                                                                       
Ellen                     11000 11-MAY-96                                                                                                                                                                                                       
Shelley                   12000 07-JUN-94                                                                                                                                                                                                       
Michael                   13000 17-FEB-96                                                                                                                                                                                                       
Lex                       17000 13-JAN-93                                                                                                                                                                                                       
Neena                     17000 21-SEP-89                                                                                                                                                                                                       

SQL> SELECT FIRST_NAME , SALARY , HIRE_DATE FROM EMPLOYEES WHERE HIRE_DATE BETWEEN '01-JAN-91' AND '31-DEC-95';

FIRST_NAME               SALARY HIRE_DATE                                                                                                                                                                                                       
-------------------- ---------- ---------                                                                                                                                                                                                       
Lex                       17000 13-JAN-93                                                                                                                                                                                                       
Bruce                      6000 21-MAY-91                                                                                                                                                                                                       
Trenna                     3500 17-OCT-95                                                                                                                                                                                                       
Shelley                   12000 07-JUN-94                                                                                                                                                                                                       
William                    8300 07-JUN-94                                                                                                                                                                                                       

SQL> SELECT FIRST_NAME , SALARY , HIRE_DATE FROM EMPLOYEES WHERE HIRE_DATE BETWEEN '01-JAN-91' AND '31-DEC-95' ORDER BY 3;

FIRST_NAME               SALARY HIRE_DATE                                                                                                                                                                                                       
-------------------- ---------- ---------                                                                                                                                                                                                       
Bruce                      6000 21-MAY-91                                                                                                                                                                                                       
Lex                       17000 13-JAN-93                                                                                                                                                                                                       
William                    8300 07-JUN-94                                                                                                                                                                                                       
Shelley                   12000 07-JUN-94                                                                                                                                                                                                       
Trenna                     3500 17-OCT-95                                                                                                                                                                                                       

SQL> REM BETWEEN IS USED FOR RANGE CHECKING
SQL> 
SQL> SELECT FIRST_NAME , SALARY , HIRE_DATE FROM EMPLOYEES ORDER BY 1;

FIRST_NAME               SALARY HIRE_DATE                                                                                                                                                                                                       
-------------------- ---------- ---------                                                                                                                                                                                                       
Alexander                  9000 03-JAN-90                                                                                                                                                                                                       
Bruce                      6000 21-MAY-91                                                                                                                                                                                                       
Curtis                     3100 29-JAN-97                                                                                                                                                                                                       
Diana                      4200 07-FEB-99                                                                                                                                                                                                       
Eleni                     10500 29-JAN-00                                                                                                                                                                                                       
Ellen                     11000 11-MAY-96                                                                                                                                                                                                       
Jennifer                   4400 17-SEP-87                                                                                                                                                                                                       
Jonathon                   8600 24-MAR-98                                                                                                                                                                                                       
Kevin                      5800 16-NOV-99                                                                                                                                                                                                       
Kimerely                   7000 24-MAY-99                                                                                                                                                                                                       
Lex                       17000 13-JAN-93                                                                                                                                                                                                       
Michael                   13000 17-FEB-96                                                                                                                                                                                                       
Neena                     17000 21-SEP-89                                                                                                                                                                                                       
Pat                        6000 17-AUG-97                                                                                                                                                                                                       
Peter                      2500 09-JUL-98                                                                                                                                                                                                       
Randall                    2600 15-MAR-98                                                                                                                                                                                                       
Shelley                   12000 07-JUN-94                                                                                                                                                                                                       
Steven                    24000 17-JUL-87                                                                                                                                                                                                       
Trenna                     3500 17-OCT-95                                                                                                                                                                                                       
William                    8300 07-JUN-94                                                                                                                                                                                                       

20 rows selected.

SQL> SELECT FIRST_NAME , SALARY , HIRE_DATE FROM EMPLOYEES WHERE FIRST_NAME BETWEEN 'Jo' AND 'Pe' ORDER BY 1;

FIRST_NAME               SALARY HIRE_DATE                                                                                                                                                                                                       
-------------------- ---------- ---------                                                                                                                                                                                                       
Jonathon                   8600 24-MAR-98                                                                                                                                                                                                       
Kevin                      5800 16-NOV-99                                                                                                                                                                                                       
Kimerely                   7000 24-MAY-99                                                                                                                                                                                                       
Lex                       17000 13-JAN-93                                                                                                                                                                                                       
Michael                   13000 17-FEB-96                                                                                                                                                                                                       
Neena                     17000 21-SEP-89                                                                                                                                                                                                       
Pat                        6000 17-AUG-97                                                                                                                                                                                                       

7 rows selected.

SQL> SELECT FIRST_NAME , SALARY , HIRE_DATE FROM EMPLOYEES WHERE FIRST_NAME BETWEEN 'J' AND 'P' ORDER BY 1;

FIRST_NAME               SALARY HIRE_DATE                                                                                                                                                                                                       
-------------------- ---------- ---------                                                                                                                                                                                                       
Jennifer                   4400 17-SEP-87                                                                                                                                                                                                       
Jonathon                   8600 24-MAR-98                                                                                                                                                                                                       
Kevin                      5800 16-NOV-99                                                                                                                                                                                                       
Kimerely                   7000 24-MAY-99                                                                                                                                                                                                       
Lex                       17000 13-JAN-93                                                                                                                                                                                                       
Michael                   13000 17-FEB-96                                                                                                                                                                                                       
Neena                     17000 21-SEP-89                                                                                                                                                                                                       

7 rows selected.

SQL> REM LIKE IS USED FOR PATTERN MATCHING
SQL> 
SQL> SELECT FIRST_NAME FROM EMPLOYEES WHERE FIRST_NAME LIKE '___';

FIRST_NAME                                                                                                                                                                                                                                      
--------------------                                                                                                                                                                                                                            
Lex                                                                                                                                                                                                                                             
Pat                                                                                                                                                                                                                                             

SQL> REM LIKE SUPPORTS 2 WILD CARD CHARACTERS
SQL> 
SQL> REM _ REPRESENTS SINGLE CHARACTER
SQL> 
SQL> REM % REPRESENTS 0 OR MORE CHARACTERS
SQL> 
SQL> SELECT FIRST_NAME FROM EMPLOYEES WHERE FIRST_NAME LIKE '___';

FIRST_NAME                                                                                                                                                                                                                                      
--------------------                                                                                                                                                                                                                            
Lex                                                                                                                                                                                                                                             
Pat                                                                                                                                                                                                                                             

SQL> SELECT FIRST_NAME FROM EMPLOYEES WHERE FIRST_NAME LIKE '____';

no rows selected

SQL> SELECT FIRST_NAME FROM EMPLOYEES WHERE FIRST_NAME LIKE '_____';

FIRST_NAME                                                                                                                                                                                                                                      
--------------------                                                                                                                                                                                                                            
Neena                                                                                                                                                                                                                                           
Bruce                                                                                                                                                                                                                                           
Diana                                                                                                                                                                                                                                           
Kevin                                                                                                                                                                                                                                           
Peter                                                                                                                                                                                                                                           
Eleni                                                                                                                                                                                                                                           
Ellen                                                                                                                                                                                                                                           

7 rows selected.

SQL> SELECT FIRST_NAME FROM EMPLOYEES WHERE FIRST_NAME LIKE '______';

FIRST_NAME                                                                                                                                                                                                                                      
--------------------                                                                                                                                                                                                                            
Steven                                                                                                                                                                                                                                          
Trenna                                                                                                                                                                                                                                          
Curtis                                                                                                                                                                                                                                          

SQL> SELECT FIRST_NAME FROM EMPLOYEES WHERE FIRST_NAME LIKE '_____';

FIRST_NAME                                                                                                                                                                                                                                      
--------------------                                                                                                                                                                                                                            
Neena                                                                                                                                                                                                                                           
Bruce                                                                                                                                                                                                                                           
Diana                                                                                                                                                                                                                                           
Kevin                                                                                                                                                                                                                                           
Peter                                                                                                                                                                                                                                           
Eleni                                                                                                                                                                                                                                           
Ellen                                                                                                                                                                                                                                           

7 rows selected.

SQL> SELECT FIRST_NAME FROM EMPLOYEES WHERE FIRST_NAME LIKE '_____%';

FIRST_NAME                                                                                                                                                                                                                                      
--------------------                                                                                                                                                                                                                            
Steven                                                                                                                                                                                                                                          
Neena                                                                                                                                                                                                                                           
Alexander                                                                                                                                                                                                                                       
Bruce                                                                                                                                                                                                                                           
Diana                                                                                                                                                                                                                                           
Kevin                                                                                                                                                                                                                                           
Trenna                                                                                                                                                                                                                                          
Curtis                                                                                                                                                                                                                                          
Randall                                                                                                                                                                                                                                         
Peter                                                                                                                                                                                                                                           
Eleni                                                                                                                                                                                                                                           
Ellen                                                                                                                                                                                                                                           
Jonathon                                                                                                                                                                                                                                        
Kimerely                                                                                                                                                                                                                                        
Jennifer                                                                                                                                                                                                                                        
Michael                                                                                                                                                                                                                                         
Shelley                                                                                                                                                                                                                                         
William                                                                                                                                                                                                                                         

18 rows selected.

SQL> SELECT FIRST_NAME FROM EMPLOYEES WHERE FIRST_NAME LIKE '%_____';

FIRST_NAME                                                                                                                                                                                                                                      
--------------------                                                                                                                                                                                                                            
Steven                                                                                                                                                                                                                                          
Neena                                                                                                                                                                                                                                           
Alexander                                                                                                                                                                                                                                       
Bruce                                                                                                                                                                                                                                           
Diana                                                                                                                                                                                                                                           
Kevin                                                                                                                                                                                                                                           
Trenna                                                                                                                                                                                                                                          
Curtis                                                                                                                                                                                                                                          
Randall                                                                                                                                                                                                                                         
Peter                                                                                                                                                                                                                                           
Eleni                                                                                                                                                                                                                                           
Ellen                                                                                                                                                                                                                                           
Jonathon                                                                                                                                                                                                                                        
Kimerely                                                                                                                                                                                                                                        
Jennifer                                                                                                                                                                                                                                        
Michael                                                                                                                                                                                                                                         
Shelley                                                                                                                                                                                                                                         
William                                                                                                                                                                                                                                         

18 rows selected.

SQL> SELECT FIRST_NAME FROM EMPLOYEES WHERE FIRST_NAME LIKE '__%___';

FIRST_NAME                                                                                                                                                                                                                                      
--------------------                                                                                                                                                                                                                            
Steven                                                                                                                                                                                                                                          
Neena                                                                                                                                                                                                                                           
Alexander                                                                                                                                                                                                                                       
Bruce                                                                                                                                                                                                                                           
Diana                                                                                                                                                                                                                                           
Kevin                                                                                                                                                                                                                                           
Trenna                                                                                                                                                                                                                                          
Curtis                                                                                                                                                                                                                                          
Randall                                                                                                                                                                                                                                         
Peter                                                                                                                                                                                                                                           
Eleni                                                                                                                                                                                                                                           
Ellen                                                                                                                                                                                                                                           
Jonathon                                                                                                                                                                                                                                        
Kimerely                                                                                                                                                                                                                                        
Jennifer                                                                                                                                                                                                                                        
Michael                                                                                                                                                                                                                                         
Shelley                                                                                                                                                                                                                                         
William                                                                                                                                                                                                                                         

18 rows selected.

SQL> SELECT FIRST_NAME FROM EMPLOYEES WHERE FIRST_NAME LIKE '__%_%__';

FIRST_NAME                                                                                                                                                                                                                                      
--------------------                                                                                                                                                                                                                            
Steven                                                                                                                                                                                                                                          
Neena                                                                                                                                                                                                                                           
Alexander                                                                                                                                                                                                                                       
Bruce                                                                                                                                                                                                                                           
Diana                                                                                                                                                                                                                                           
Kevin                                                                                                                                                                                                                                           
Trenna                                                                                                                                                                                                                                          
Curtis                                                                                                                                                                                                                                          
Randall                                                                                                                                                                                                                                         
Peter                                                                                                                                                                                                                                           
Eleni                                                                                                                                                                                                                                           
Ellen                                                                                                                                                                                                                                           
Jonathon                                                                                                                                                                                                                                        
Kimerely                                                                                                                                                                                                                                        
Jennifer                                                                                                                                                                                                                                        
Michael                                                                                                                                                                                                                                         
Shelley                                                                                                                                                                                                                                         
William                                                                                                                                                                                                                                         

18 rows selected.

SQL> SELECT FIRST_NAME FROM EMPLOYEES WHERE FIRST_NAME LIKE '%';

FIRST_NAME                                                                                                                                                                                                                                      
--------------------                                                                                                                                                                                                                            
Steven                                                                                                                                                                                                                                          
Neena                                                                                                                                                                                                                                           
Lex                                                                                                                                                                                                                                             
Alexander                                                                                                                                                                                                                                       
Bruce                                                                                                                                                                                                                                           
Diana                                                                                                                                                                                                                                           
Kevin                                                                                                                                                                                                                                           
Trenna                                                                                                                                                                                                                                          
Curtis                                                                                                                                                                                                                                          
Randall                                                                                                                                                                                                                                         
Peter                                                                                                                                                                                                                                           
Eleni                                                                                                                                                                                                                                           
Ellen                                                                                                                                                                                                                                           
Jonathon                                                                                                                                                                                                                                        
Kimerely                                                                                                                                                                                                                                        
Jennifer                                                                                                                                                                                                                                        
Michael                                                                                                                                                                                                                                         
Pat                                                                                                                                                                                                                                             
Shelley                                                                                                                                                                                                                                         
William                                                                                                                                                                                                                                         

20 rows selected.

SQL> SELECT FIRST_NAME FROM EMPLOYEES WHERE FIRST_NAME LIKE '%e%';

FIRST_NAME                                                                                                                                                                                                                                      
--------------------                                                                                                                                                                                                                            
Steven                                                                                                                                                                                                                                          
Neena                                                                                                                                                                                                                                           
Lex                                                                                                                                                                                                                                             
Alexander                                                                                                                                                                                                                                       
Bruce                                                                                                                                                                                                                                           
Kevin                                                                                                                                                                                                                                           
Trenna                                                                                                                                                                                                                                          
Peter                                                                                                                                                                                                                                           
Eleni                                                                                                                                                                                                                                           
Ellen                                                                                                                                                                                                                                           
Kimerely                                                                                                                                                                                                                                        
Jennifer                                                                                                                                                                                                                                        
Michael                                                                                                                                                                                                                                         
Shelley                                                                                                                                                                                                                                         

14 rows selected.

SQL> SELECT FIRST_NAME FROM EMPLOYEES WHERE FIRST_NAME LIKE '%ee%';

FIRST_NAME                                                                                                                                                                                                                                      
--------------------                                                                                                                                                                                                                            
Neena                                                                                                                                                                                                                                           

SQL> SELECT FIRST_NAME FROM EMPLOYEES WHERE FIRST_NAME LIKE '%e_e%';

FIRST_NAME                                                                                                                                                                                                                                      
--------------------                                                                                                                                                                                                                            
Steven                                                                                                                                                                                                                                          
Peter                                                                                                                                                                                                                                           
Kimerely                                                                                                                                                                                                                                        

SQL> SELECT FIRST_NAME FROM EMPLOYEES WHERE FIRST_NAME LIKE '%e__e%';

FIRST_NAME                                                                                                                                                                                                                                      
--------------------                                                                                                                                                                                                                            
Shelley                                                                                                                                                                                                                                         

SQL> SELECT FIRST_NAME FROM EMPLOYEES WHERE FIRST_NAME LIKE '%e%e%';

FIRST_NAME                                                                                                                                                                                                                                      
--------------------                                                                                                                                                                                                                            
Steven                                                                                                                                                                                                                                          
Neena                                                                                                                                                                                                                                           
Alexander                                                                                                                                                                                                                                       
Peter                                                                                                                                                                                                                                           
Kimerely                                                                                                                                                                                                                                        
Jennifer                                                                                                                                                                                                                                        
Shelley                                                                                                                                                                                                                                         

7 rows selected.

SQL> SELECT FIRST_NAME FROM EMPLOYEES WHERE FIRST_NAME LIKE '_e%';

FIRST_NAME                                                                                                                                                                                                                                      
--------------------                                                                                                                                                                                                                            
Neena                                                                                                                                                                                                                                           
Lex                                                                                                                                                                                                                                             
Kevin                                                                                                                                                                                                                                           
Peter                                                                                                                                                                                                                                           
Jennifer                                                                                                                                                                                                                                        

SQL> SELECT FIRST_NAME FROM EMPLOYEES WHERE FIRST_NAME LIKE '%e_';

FIRST_NAME                                                                                                                                                                                                                                      
--------------------                                                                                                                                                                                                                            
Steven                                                                                                                                                                                                                                          
Lex                                                                                                                                                                                                                                             
Alexander                                                                                                                                                                                                                                       
Peter                                                                                                                                                                                                                                           
Ellen                                                                                                                                                                                                                                           
Jennifer                                                                                                                                                                                                                                        
Michael                                                                                                                                                                                                                                         
Shelley                                                                                                                                                                                                                                         

8 rows selected.

SQL> SELECT FIRST_NAME FROM EMPLOYEES WHERE FIRST_NAME LIKE '_e%e_';

FIRST_NAME                                                                                                                                                                                                                                      
--------------------                                                                                                                                                                                                                            
Peter                                                                                                                                                                                                                                           
Jennifer                                                                                                                                                                                                                                        

SQL> SELECT * FROM MPSLIKETBL;

NAME                                                                                                                                                                                                                                            
------------------------------                                                                                                                                                                                                                  
AMIT PATEL                                                                                                                                                                                                                                      
AMIT_PATEL                                                                                                                                                                                                                                      
AMIT%PATEL                                                                                                                                                                                                                                      
AMIT_%PATEL                                                                                                                                                                                                                                     
AMIT  PATEL                                                                                                                                                                                                                                     
TAPAN PATEL                                                                                                                                                                                                                                     
PARMAR TARAK                                                                                                                                                                                                                                    

7 rows selected.

SQL> REM DISPLAY THOSE WHICH CONTAIN T_P
SQL> 
SQL> 
SQL> SELECT * FROM MPSLIKETBL WHERE NAME LIKE '%T_P%';

NAME                                                                                                                                                                                                                                            
------------------------------                                                                                                                                                                                                                  
AMIT PATEL                                                                                                                                                                                                                                      
AMIT_PATEL                                                                                                                                                                                                                                      
AMIT%PATEL                                                                                                                                                                                                                                      
TAPAN PATEL                                                                                                                                                                                                                                     

SQL> SELECT * FROM MPSLIKETBL WHERE NAME LIKE '%T\_P%' ESCAPE '\';

NAME                                                                                                                                                                                                                                            
------------------------------                                                                                                                                                                                                                  
AMIT_PATEL                                                                                                                                                                                                                                      

SQL> SELECT * FROM MPSLIKETBL WHERE NAME LIKE '%T/_P%' ESCAPE '/';

NAME                                                                                                                                                                                                                                            
------------------------------                                                                                                                                                                                                                  
AMIT_PATEL                                                                                                                                                                                                                                      

SQL> SELECT * FROM MPSLIKETBL WHERE NAME LIKE '%T6_P%' ESCAPE '6';

NAME                                                                                                                                                                                                                                            
------------------------------                                                                                                                                                                                                                  
AMIT_PATEL                                                                                                                                                                                                                                      

SQL> SELECT * FROM MPSLIKETBL WHERE NAME LIKE '%T__P%' ESCAPE '_';

NAME                                                                                                                                                                                                                                            
------------------------------                                                                                                                                                                                                                  
AMIT_PATEL                                                                                                                                                                                                                                      

SQL> SELECT * FROM MPSLIKETBL WHERE NAME LIKE '%T%_P%' ESCAPE '%';
SELECT * FROM MPSLIKETBL WHERE NAME LIKE '%T%_P%' ESCAPE '%'
                                         *
ERROR at line 1:
ORA-01424: missing or illegal character following the escape character 


SQL> SELECT * FROM MPSLIKETBL WHERE NAME LIKE '%TT_P%' ESCAPE 'T';

NAME                                                                                                                                                                                                                                            
------------------------------                                                                                                                                                                                                                  
AMIT PATEL                                                                                                                                                                                                                                      
AMIT_PATEL                                                                                                                                                                                                                                      
AMIT%PATEL                                                                                                                                                                                                                                      
TAPAN PATEL                                                                                                                                                                                                                                     

SQL> SELECT * FROM MPSLIKETBL WHERE NAME LIKE '%T'_P%' ESCAPE ''';
SELECT * FROM MPSLIKETBL WHERE NAME LIKE '%T'_P%' ESCAPE '''
                                             *
ERROR at line 1:
ORA-00911: invalid character 


SQL> SELECT * FROM MPSLIKETBL WHERE NAME LIKE '%T"_P%' ESCAPE '"';

NAME                                                                                                                                                                                                                                            
------------------------------                                                                                                                                                                                                                  
AMIT_PATEL                                                                                                                                                                                                                                      

SQL> SELECT * FROM MPSLIKETBL WHERE NAME LIKE '%T _P%' ESCAPE ' ';

NAME                                                                                                                                                                                                                                            
------------------------------                                                                                                                                                                                                                  
AMIT_PATEL                                                                                                                                                                                                                                      

SQL> SELECT FIRST_NAME , SALARY , HIRE_DATE FROM EMPLOYEES WHERE FIRST_NAME BETWEEN 'E' AND 'P';

FIRST_NAME               SALARY HIRE_DATE                                                                                                                                                                                                       
-------------------- ---------- ---------                                                                                                                                                                                                       
Neena                     17000 21-SEP-89                                                                                                                                                                                                       
Lex                       17000 13-JAN-93                                                                                                                                                                                                       
Kevin                      5800 16-NOV-99                                                                                                                                                                                                       
Eleni                     10500 29-JAN-00                                                                                                                                                                                                       
Ellen                     11000 11-MAY-96                                                                                                                                                                                                       
Jonathon                   8600 24-MAR-98                                                                                                                                                                                                       
Kimerely                   7000 24-MAY-99                                                                                                                                                                                                       
Jennifer                   4400 17-SEP-87                                                                                                                                                                                                       
Michael                   13000 17-FEB-96                                                                                                                                                                                                       

9 rows selected.

SQL> SELECT FIRST_NAME , SALARY , HIRE_DATE FROM EMPLOYEES WHERE FIRST_NAME BETWEEN 'E' AND 'P' ORDER BY 1;

FIRST_NAME               SALARY HIRE_DATE                                                                                                                                                                                                       
-------------------- ---------- ---------                                                                                                                                                                                                       
Eleni                     10500 29-JAN-00                                                                                                                                                                                                       
Ellen                     11000 11-MAY-96                                                                                                                                                                                                       
Jennifer                   4400 17-SEP-87                                                                                                                                                                                                       
Jonathon                   8600 24-MAR-98                                                                                                                                                                                                       
Kevin                      5800 16-NOV-99                                                                                                                                                                                                       
Kimerely                   7000 24-MAY-99                                                                                                                                                                                                       
Lex                       17000 13-JAN-93                                                                                                                                                                                                       
Michael                   13000 17-FEB-96                                                                                                                                                                                                       
Neena                     17000 21-SEP-89                                                                                                                                                                                                       

9 rows selected.

SQL> SELECT FIRST_NAME , SALARY , HIRE_DATE FROM EMPLOYEES WHERE FIRST_NAME NOT BETWEEN 'E' AND 'P' ORDER BY 1;

FIRST_NAME               SALARY HIRE_DATE                                                                                                                                                                                                       
-------------------- ---------- ---------                                                                                                                                                                                                       
Alexander                  9000 03-JAN-90                                                                                                                                                                                                       
Bruce                      6000 21-MAY-91                                                                                                                                                                                                       
Curtis                     3100 29-JAN-97                                                                                                                                                                                                       
Diana                      4200 07-FEB-99                                                                                                                                                                                                       
Pat                        6000 17-AUG-97                                                                                                                                                                                                       
Peter                      2500 09-JUL-98                                                                                                                                                                                                       
Randall                    2600 15-MAR-98                                                                                                                                                                                                       
Shelley                   12000 07-JUN-94                                                                                                                                                                                                       
Steven                    24000 17-JUL-87                                                                                                                                                                                                       
Trenna                     3500 17-OCT-95                                                                                                                                                                                                       
William                    8300 07-JUN-94                                                                                                                                                                                                       

11 rows selected.

SQL> SELECT FIRST_NAME , SALARY , HIRE_DATE FROM EMPLOYEES WHERE SALARY BETWEEN 11000 AND 17000 ORDER BY 2;

FIRST_NAME               SALARY HIRE_DATE                                                                                                                                                                                                       
-------------------- ---------- ---------                                                                                                                                                                                                       
Ellen                     11000 11-MAY-96                                                                                                                                                                                                       
Shelley                   12000 07-JUN-94                                                                                                                                                                                                       
Michael                   13000 17-FEB-96                                                                                                                                                                                                       
Lex                       17000 13-JAN-93                                                                                                                                                                                                       
Neena                     17000 21-SEP-89                                                                                                                                                                                                       

SQL> SELECT FIRST_NAME , SALARY , HIRE_DATE FROM EMPLOYEES WHERE SALARY NOT BETWEEN 11000 AND 17000 ORDER BY 2;

FIRST_NAME               SALARY HIRE_DATE                                                                                                                                                                                                       
-------------------- ---------- ---------                                                                                                                                                                                                       
Peter                      2500 09-JUL-98                                                                                                                                                                                                       
Randall                    2600 15-MAR-98                                                                                                                                                                                                       
Curtis                     3100 29-JAN-97                                                                                                                                                                                                       
Trenna                     3500 17-OCT-95                                                                                                                                                                                                       
Diana                      4200 07-FEB-99                                                                                                                                                                                                       
Jennifer                   4400 17-SEP-87                                                                                                                                                                                                       
Kevin                      5800 16-NOV-99                                                                                                                                                                                                       
Bruce                      6000 21-MAY-91                                                                                                                                                                                                       
Pat                        6000 17-AUG-97                                                                                                                                                                                                       
Kimerely                   7000 24-MAY-99                                                                                                                                                                                                       
William                    8300 07-JUN-94                                                                                                                                                                                                       
Jonathon                   8600 24-MAR-98                                                                                                                                                                                                       
Alexander                  9000 03-JAN-90                                                                                                                                                                                                       
Eleni                     10500 29-JAN-00                                                                                                                                                                                                       
Steven                    24000 17-JUL-87                                                                                                                                                                                                       

15 rows selected.

SQL> SELECT FIRST_NAME , SALARY , HIRE_DATE FROM EMPLOYEES WHERE HIRE_DATE BETWEEN '01-JAN-91' AND '31-DEC-95' ORDER BY 2;

FIRST_NAME               SALARY HIRE_DATE                                                                                                                                                                                                       
-------------------- ---------- ---------                                                                                                                                                                                                       
Trenna                     3500 17-OCT-95                                                                                                                                                                                                       
Bruce                      6000 21-MAY-91                                                                                                                                                                                                       
William                    8300 07-JUN-94                                                                                                                                                                                                       
Shelley                   12000 07-JUN-94                                                                                                                                                                                                       
Lex                       17000 13-JAN-93                                                                                                                                                                                                       

SQL> SELECT FIRST_NAME , SALARY , HIRE_DATE FROM EMPLOYEES WHERE HIRE_DATE BETWEEN '01-JAN-91' AND '31-DEC-95' ORDER BY 3;

FIRST_NAME               SALARY HIRE_DATE                                                                                                                                                                                                       
-------------------- ---------- ---------                                                                                                                                                                                                       
Bruce                      6000 21-MAY-91                                                                                                                                                                                                       
Lex                       17000 13-JAN-93                                                                                                                                                                                                       
William                    8300 07-JUN-94                                                                                                                                                                                                       
Shelley                   12000 07-JUN-94                                                                                                                                                                                                       
Trenna                     3500 17-OCT-95                                                                                                                                                                                                       

SQL> SELECT FIRST_NAME , SALARY , HIRE_DATE FROM EMPLOYEES WHERE NOT HIRE_DATE BETWEEN '01-JAN-91' AND '31-DEC-95' ORDER BY 3;

FIRST_NAME               SALARY HIRE_DATE                                                                                                                                                                                                       
-------------------- ---------- ---------                                                                                                                                                                                                       
Steven                    24000 17-JUL-87                                                                                                                                                                                                       
Jennifer                   4400 17-SEP-87                                                                                                                                                                                                       
Neena                     17000 21-SEP-89                                                                                                                                                                                                       
Alexander                  9000 03-JAN-90                                                                                                                                                                                                       
Michael                   13000 17-FEB-96                                                                                                                                                                                                       
Ellen                     11000 11-MAY-96                                                                                                                                                                                                       
Curtis                     3100 29-JAN-97                                                                                                                                                                                                       
Pat                        6000 17-AUG-97                                                                                                                                                                                                       
Randall                    2600 15-MAR-98                                                                                                                                                                                                       
Jonathon                   8600 24-MAR-98                                                                                                                                                                                                       
Peter                      2500 09-JUL-98                                                                                                                                                                                                       
Diana                      4200 07-FEB-99                                                                                                                                                                                                       
Kimerely                   7000 24-MAY-99                                                                                                                                                                                                       
Kevin                      5800 16-NOV-99                                                                                                                                                                                                       
Eleni                     10500 29-JAN-00                                                                                                                                                                                                       

15 rows selected.

SQL> SELECT FIRST_NAME , COMMISSION_PCT FROM EMPLOYEES;

FIRST_NAME           COMMISSION_PCT                                                                                                                                                                                                             
-------------------- --------------                                                                                                                                                                                                             
Steven                                                                                                                                                                                                                                          
Neena                                                                                                                                                                                                                                           
Lex                                                                                                                                                                                                                                             
Alexander                                                                                                                                                                                                                                       
Bruce                                                                                                                                                                                                                                           
Diana                                                                                                                                                                                                                                           
Kevin                                                                                                                                                                                                                                           
Trenna                                                                                                                                                                                                                                          
Curtis                                                                                                                                                                                                                                          
Randall                                                                                                                                                                                                                                         
Peter                                                                                                                                                                                                                                           
Eleni                            .2                                                                                                                                                                                                             
Ellen                            .3                                                                                                                                                                                                             
Jonathon                         .3                                                                                                                                                                                                             
Kimerely                        .15                                                                                                                                                                                                             
Jennifer                                                                                                                                                                                                                                        
Michael                                                                                                                                                                                                                                         
Pat                                                                                                                                                                                                                                             
Shelley                                                                                                                                                                                                                                         
William                                                                                                                                                                                                                                         

20 rows selected.

SQL> SELECT FIRST_NAME , COMMISSION_PCT FROM EMPLOYEES WHERE COMMISSION_PCT > 0;

FIRST_NAME           COMMISSION_PCT                                                                                                                                                                                                             
-------------------- --------------                                                                                                                                                                                                             
Eleni                            .2                                                                                                                                                                                                             
Ellen                            .3                                                                                                                                                                                                             
Jonathon                         .3                                                                                                                                                                                                             
Kimerely                        .15                                                                                                                                                                                                             

SQL> SELECT FIRST_NAME , COMMISSION_PCT FROM EMPLOYEES WHERE COMMISSION_PCT <> NULL;

no rows selected

SQL> SELECT FIRST_NAME , COMMISSION_PCT FROM EMPLOYEES WHERE COMMISSION_PCT <> 0;

FIRST_NAME           COMMISSION_PCT                                                                                                                                                                                                             
-------------------- --------------                                                                                                                                                                                                             
Eleni                            .2                                                                                                                                                                                                             
Ellen                            .3                                                                                                                                                                                                             
Jonathon                         .3                                                                                                                                                                                                             
Kimerely                        .15                                                                                                                                                                                                             

SQL> SELECT FIRST_NAME , COMMISSION_PCT FROM EMPLOYEES WHERE COMMISSION_PCT BETWEEN .15 AND .3;

FIRST_NAME           COMMISSION_PCT                                                                                                                                                                                                             
-------------------- --------------                                                                                                                                                                                                             
Eleni                            .2                                                                                                                                                                                                             
Ellen                            .3                                                                                                                                                                                                             
Jonathon                         .3                                                                                                                                                                                                             
Kimerely                        .15                                                                                                                                                                                                             

SQL> SELECT FIRST_NAME , COMMISSION_PCT FROM EMPLOYEES WHERE COMMISSION_PCT IN (.15,.2,.3);

FIRST_NAME           COMMISSION_PCT                                                                                                                                                                                                             
-------------------- --------------                                                                                                                                                                                                             
Eleni                            .2                                                                                                                                                                                                             
Ellen                            .3                                                                                                                                                                                                             
Jonathon                         .3                                                                                                                                                                                                             
Kimerely                        .15                                                                                                                                                                                                             

SQL> SELECT FIRST_NAME , COMMISSION_PCT FROM EMPLOYEES WHERE COMMISSION_PCT = ANY (.15,.2,.3);

FIRST_NAME           COMMISSION_PCT                                                                                                                                                                                                             
-------------------- --------------                                                                                                                                                                                                             
Eleni                            .2                                                                                                                                                                                                             
Ellen                            .3                                                                                                                                                                                                             
Jonathon                         .3                                                                                                                                                                                                             
Kimerely                        .15                                                                                                                                                                                                             

SQL> SELECT FIRST_NAME , COMMISSION_PCT FROM EMPLOYEES WHERE COMMISSION_PCT = SOME (.15,.2,.3);

FIRST_NAME           COMMISSION_PCT                                                                                                                                                                                                             
-------------------- --------------                                                                                                                                                                                                             
Eleni                            .2                                                                                                                                                                                                             
Ellen                            .3                                                                                                                                                                                                             
Jonathon                         .3                                                                                                                                                                                                             
Kimerely                        .15                                                                                                                                                                                                             

SQL> SELECT FIRST_NAME , COMMISSION_PCT FROM EMPLOYEES WHERE COMMISSION_PCT = 0;

no rows selected

SQL> SELECT FIRST_NAME , COMMISSION_PCT FROM EMPLOYEES WHERE COMMISSION_PCT <> 0;

FIRST_NAME           COMMISSION_PCT                                                                                                                                                                                                             
-------------------- --------------                                                                                                                                                                                                             
Eleni                            .2                                                                                                                                                                                                             
Ellen                            .3                                                                                                                                                                                                             
Jonathon                         .3                                                                                                                                                                                                             
Kimerely                        .15                                                                                                                                                                                                             

SQL> SELECT FIRST_NAME , COMMISSION_PCT FROM EMPLOYEES WHERE COMMISSION_PCT <> ALL (.15,.2,.3);

no rows selected

SQL> SELECT FIRST_NAME , COMMISSION_PCT FROM EMPLOYEES WHERE COMMISSION_PCT NOT IN (.15,.2,.3);

no rows selected

SQL> SELECT FIRST_NAME , COMMISSION_PCT FROM EMPLOYEES WHERE COMMISSION_PCT IS NULL;

FIRST_NAME           COMMISSION_PCT                                                                                                                                                                                                             
-------------------- --------------                                                                                                                                                                                                             
Steven                                                                                                                                                                                                                                          
Neena                                                                                                                                                                                                                                           
Lex                                                                                                                                                                                                                                             
Alexander                                                                                                                                                                                                                                       
Bruce                                                                                                                                                                                                                                           
Diana                                                                                                                                                                                                                                           
Kevin                                                                                                                                                                                                                                           
Trenna                                                                                                                                                                                                                                          
Curtis                                                                                                                                                                                                                                          
Randall                                                                                                                                                                                                                                         
Peter                                                                                                                                                                                                                                           
Jennifer                                                                                                                                                                                                                                        
Michael                                                                                                                                                                                                                                         
Pat                                                                                                                                                                                                                                             
Shelley                                                                                                                                                                                                                                         
William                                                                                                                                                                                                                                         

16 rows selected.

SQL> SELECT FIRST_NAME , COMMISSION_PCT FROM EMPLOYEES WHERE COMMISSION_PCT IS NOT NULL;

FIRST_NAME           COMMISSION_PCT                                                                                                                                                                                                             
-------------------- --------------                                                                                                                                                                                                             
Eleni                            .2                                                                                                                                                                                                             
Ellen                            .3                                                                                                                                                                                                             
Jonathon                         .3                                                                                                                                                                                                             
Kimerely                        .15                                                                                                                                                                                                             

SQL> REM LOGICAL OPERATORS : 1 NOT 2 AND 3 OR
SQL> 
SQL> REM LOGICAL OPERATORS : ---------------->
SQL> 
SQL> 
SQL> SELECT * FROM EXAM;

       RNO    ENGLISH      MATHS                                                                                                                                                                                                                
---------- ---------- ----------                                                                                                                                                                                                                
         1         30         70                                                                                                                                                                                                                
         2         70         20                                                                                                                                                                                                                
         3         30         10                                                                                                                                                                                                                
         4         60         70                                                                                                                                                                                                                

SQL> REM GU : 33 PASS
SQL> 
SQL> SELECT * FROM EXAM WHERE ENGLISH >= 33 AND MATHS >= 33;

       RNO    ENGLISH      MATHS                                                                                                                                                                                                                
---------- ---------- ----------                                                                                                                                                                                                                
         4         60         70                                                                                                                                                                                                                

SQL> SELECT * FROM EXAM WHERE ENGLISH < 33 OR MATHS < 33;

       RNO    ENGLISH      MATHS                                                                                                                                                                                                                
---------- ---------- ----------                                                                                                                                                                                                                
         1         30         70                                                                                                                                                                                                                
         2         70         20                                                                                                                                                                                                                
         3         30         10                                                                                                                                                                                                                

SQL> SELECT * FROM EXAM WHERE ENGLISH >= 33;

       RNO    ENGLISH      MATHS                                                                                                                                                                                                                
---------- ---------- ----------                                                                                                                                                                                                                
         2         70         20                                                                                                                                                                                                                
         4         60         70                                                                                                                                                                                                                

SQL> SELECT * FROM EXAM WHERE NOT ENGLISH >= 33;

       RNO    ENGLISH      MATHS                                                                                                                                                                                                                
---------- ---------- ----------                                                                                                                                                                                                                
         1         30         70                                                                                                                                                                                                                
         3         30         10                                                                                                                                                                                                                

SQL> SELECT * FROM EXAM WHERE MATHS < 33;

       RNO    ENGLISH      MATHS                                                                                                                                                                                                                
---------- ---------- ----------                                                                                                                                                                                                                
         2         70         20                                                                                                                                                                                                                
         3         30         10                                                                                                                                                                                                                

SQL> SELECT * FROM EXAM WHERE NOT MATHS < 33;

       RNO    ENGLISH      MATHS                                                                                                                                                                                                                
---------- ---------- ----------                                                                                                                                                                                                                
         1         30         70                                                                                                                                                                                                                
         4         60         70                                                                                                                                                                                                                

SQL> SELECT * FROM EXAM WHERE NOT MATHS < 33 AND ENGLISH >= 33;

       RNO    ENGLISH      MATHS                                                                                                                                                                                                                
---------- ---------- ----------                                                                                                                                                                                                                
         4         60         70                                                                                                                                                                                                                

SQL> SELECT * FROM EXAM WHERE NOT MATHS < 33 AND NOT ENGLISH >= 33;

       RNO    ENGLISH      MATHS                                                                                                                                                                                                                
---------- ---------- ----------                                                                                                                                                                                                                
         1         30         70                                                                                                                                                                                                                

SQL> SELECT * FROM EXAM WHERE NOT MATHS < 33 OR NOT ENGLISH >= 33;

       RNO    ENGLISH      MATHS                                                                                                                                                                                                                
---------- ---------- ----------                                                                                                                                                                                                                
         1         30         70                                                                                                                                                                                                                
         3         30         10                                                                                                                                                                                                                
         4         60         70                                                                                                                                                                                                                

SQL> SELECT FIRST_NAME , JOB_ID , SALARY FROM EMPLOYEES;

FIRST_NAME           JOB_ID         SALARY                                                                                                                                                                                                      
-------------------- ---------- ----------                                                                                                                                                                                                      
Steven               AD_PRES         24000                                                                                                                                                                                                      
Neena                AD_VP           17000                                                                                                                                                                                                      
Lex                  AD_VP           17000                                                                                                                                                                                                      
Alexander            IT_PROG          9000                                                                                                                                                                                                      
Bruce                IT_PROG          6000                                                                                                                                                                                                      
Diana                IT_PROG          4200                                                                                                                                                                                                      
Kevin                ST_MAN           5800                                                                                                                                                                                                      
Trenna               ST_CLERK         3500                                                                                                                                                                                                      
Curtis               ST_CLERK         3100                                                                                                                                                                                                      
Randall              ST_CLERK         2600                                                                                                                                                                                                      
Peter                ST_CLERK         2500                                                                                                                                                                                                      
Eleni                SA_MAN          10500                                                                                                                                                                                                      
Ellen                SA_REP          11000                                                                                                                                                                                                      
Jonathon             SA_REP           8600                                                                                                                                                                                                      
Kimerely             SA_REP           7000                                                                                                                                                                                                      
Jennifer             AD_ASST          4400                                                                                                                                                                                                      
Michael              MK_MAN          13000                                                                                                                                                                                                      
Pat                  MK_REP           6000                                                                                                                                                                                                      
Shelley              AC_MGR          12000                                                                                                                                                                                                      
William              AC_ACCOUNT       8300                                                                                                                                                                                                      

20 rows selected.

SQL> SELECT FIRST_NAME , JOB_ID , SALARY FROM EMPLOYEES ORDER BY 3;

FIRST_NAME           JOB_ID         SALARY                                                                                                                                                                                                      
-------------------- ---------- ----------                                                                                                                                                                                                      
Peter                ST_CLERK         2500                                                                                                                                                                                                      
Randall              ST_CLERK         2600                                                                                                                                                                                                      
Curtis               ST_CLERK         3100                                                                                                                                                                                                      
Trenna               ST_CLERK         3500                                                                                                                                                                                                      
Diana                IT_PROG          4200                                                                                                                                                                                                      
Jennifer             AD_ASST          4400                                                                                                                                                                                                      
Kevin                ST_MAN           5800                                                                                                                                                                                                      
Bruce                IT_PROG          6000                                                                                                                                                                                                      
Pat                  MK_REP           6000                                                                                                                                                                                                      
Kimerely             SA_REP           7000                                                                                                                                                                                                      
William              AC_ACCOUNT       8300                                                                                                                                                                                                      
Jonathon             SA_REP           8600                                                                                                                                                                                                      
Alexander            IT_PROG          9000                                                                                                                                                                                                      
Eleni                SA_MAN          10500                                                                                                                                                                                                      
Ellen                SA_REP          11000                                                                                                                                                                                                      
Shelley              AC_MGR          12000                                                                                                                                                                                                      
Michael              MK_MAN          13000                                                                                                                                                                                                      
Neena                AD_VP           17000                                                                                                                                                                                                      
Lex                  AD_VP           17000                                                                                                                                                                                                      
Steven               AD_PRES         24000                                                                                                                                                                                                      

20 rows selected.

SQL> SELECT FIRST_NAME , JOB_ID , SALARY FROM EMPLOYEES WHERE JOB_ID LIKE '%REP' AND SALARY > 10000 ORDER BY 3;

FIRST_NAME           JOB_ID         SALARY                                                                                                                                                                                                      
-------------------- ---------- ----------                                                                                                                                                                                                      
Ellen                SA_REP          11000                                                                                                                                                                                                      

SQL> SELECT FIRST_NAME , JOB_ID , SALARY FROM EMPLOYEES WHERE JOB_ID LIKE '%REP' OR SALARY > 10000 ORDER BY 3;

FIRST_NAME           JOB_ID         SALARY                                                                                                                                                                                                      
-------------------- ---------- ----------                                                                                                                                                                                                      
Pat                  MK_REP           6000                                                                                                                                                                                                      
Kimerely             SA_REP           7000                                                                                                                                                                                                      
Jonathon             SA_REP           8600                                                                                                                                                                                                      
Eleni                SA_MAN          10500                                                                                                                                                                                                      
Ellen                SA_REP          11000                                                                                                                                                                                                      
Shelley              AC_MGR          12000                                                                                                                                                                                                      
Michael              MK_MAN          13000                                                                                                                                                                                                      
Lex                  AD_VP           17000                                                                                                                                                                                                      
Neena                AD_VP           17000                                                                                                                                                                                                      
Steven               AD_PRES         24000                                                                                                                                                                                                      

10 rows selected.

SQL> REM 98
SQL> 
SQL> SELECT FIRST_NAME , HIRE_DATE FROM EMPLOYEES WHERE HIRE_DATE BETWEEN '01-JAN-98' AND '31-DEC-98';

FIRST_NAME           HIRE_DATE                                                                                                                                                                                                                  
-------------------- ---------                                                                                                                                                                                                                  
Randall              15-MAR-98                                                                                                                                                                                                                  
Peter                09-JUL-98                                                                                                                                                                                                                  
Jonathon             24-MAR-98                                                                                                                                                                                                                  

SQL> SELECT FIRST_NAME , HIRE_DATE FROM EMPLOYEES WHERE HIRE_DATE LIKE '%98';

FIRST_NAME           HIRE_DATE                                                                                                                                                                                                                  
-------------------- ---------                                                                                                                                                                                                                  
Randall              15-MAR-98                                                                                                                                                                                                                  
Peter                09-JUL-98                                                                                                                                                                                                                  
Jonathon             24-MAR-98                                                                                                                                                                                                                  

SQL> SELECT FIRST_NAME , HIRE_DATE FROM EMPLOYEES WHERE HIRE_DATE >= '01-JAN-98' AND HIRE_DATE <= '31-DEC-98';

FIRST_NAME           HIRE_DATE                                                                                                                                                                                                                  
-------------------- ---------                                                                                                                                                                                                                  
Randall              15-MAR-98                                                                                                                                                                                                                  
Peter                09-JUL-98                                                                                                                                                                                                                  
Jonathon             24-MAR-98                                                                                                                                                                                                                  

SQL> SELECT FIRST_NAME , HIRE_DATE FROM EMPLOYEES WHERE HIRE_DATE LIKE '%J%';

FIRST_NAME           HIRE_DATE                                                                                                                                                                                                                  
-------------------- ---------                                                                                                                                                                                                                  
Steven               17-JUL-87                                                                                                                                                                                                                  
Lex                  13-JAN-93                                                                                                                                                                                                                  
Alexander            03-JAN-90                                                                                                                                                                                                                  
Curtis               29-JAN-97                                                                                                                                                                                                                  
Peter                09-JUL-98                                                                                                                                                                                                                  
Eleni                29-JAN-00                                                                                                                                                                                                                  
Shelley              07-JUN-94                                                                                                                                                                                                                  
William              07-JUN-94                                                                                                                                                                                                                  

8 rows selected.

SQL> SELECT FIRST_NAME , HIRE_DATE FROM EMPLOYEES WHERE HIRE_DATE LIKE '%JU%';

FIRST_NAME           HIRE_DATE                                                                                                                                                                                                                  
-------------------- ---------                                                                                                                                                                                                                  
Steven               17-JUL-87                                                                                                                                                                                                                  
Peter                09-JUL-98                                                                                                                                                                                                                  
Shelley              07-JUN-94                                                                                                                                                                                                                  
William              07-JUN-94                                                                                                                                                                                                                  

SQL> SELECT FIRST_NAME , HIRE_DATE FROM EMPLOYEES WHERE HIRE_DATE LIKE '%J_N%';

FIRST_NAME           HIRE_DATE                                                                                                                                                                                                                  
-------------------- ---------                                                                                                                                                                                                                  
Lex                  13-JAN-93                                                                                                                                                                                                                  
Alexander            03-JAN-90                                                                                                                                                                                                                  
Curtis               29-JAN-97                                                                                                                                                                                                                  
Eleni                29-JAN-00                                                                                                                                                                                                                  
Shelley              07-JUN-94                                                                                                                                                                                                                  
William              07-JUN-94                                                                                                                                                                                                                  

6 rows selected.

SQL> SPOOL OFF
