SQL> 
SQL> CL SCR

SQL> SELECT POWER(4,2) FROM DUAL;

POWER(4,2)                                                                      
----------                                                                      
        16                                                                      

SQL> REM TYPES OF FUNCTIONS : 1 SCALAR FUNCTIONS 2 SUMMARY FUNCTIONS
SQL> 
SQL> REM SCALARY / SINGLE ROW
SQL> 
SQL> REM SUMMARY / GROUP / AGGREGATE / MULTI ROW FUNCTIONS
SQL> 
SQL> 
SQL> REM TYPES OF SCALAR FUNCTIONS : 1 CHARACTER 2 NUMBER 3 DATE 4 CONVERSION 5 GENERAL
SQL> 
SQL> REM CHAPTER 3 : CHARACTER , NUMBER , DATE
SQL> 
SQL> REM CHAPTER 4 : CONVERSION , GENERAL
SQL> 
SQL> REM CHAPTER 5 : SUMMARY FUNCTIONS
SQL> 
SQL> REH CHAPTER 19 : TIMESTAMP FUNCTIONS
SP2-0734: unknown command beginning "REH CHAPTE..." - rest of line ignored.
SQL> 
SQL> 
SQL> REM CHAPTER 19 : TIMESTAMP FUNCTIONS
SQL> 
SQL> 
SQL> REM TYPES OF CHARACTER FUNCTIONS : 1 CASE MANIPULATION 2 CHARACTER MANIPULATION
SQL> 
SQL> REM LIST OF CASE MANIPULATION FUNCTIONS : 1 UPPER 2 LOWER 3 INITCAP
SQL> 
SQL> SELECT FIRST_NAME FROM EMPLOYEES;

FIRST_NAME                                                                      
--------------------                                                            
Steven                                                                          
Neena                                                                           
Lex                                                                             
Alexander                                                                       
Bruce                                                                           
Diana                                                                           
Kevin                                                                           
Trenna                                                                          
Curtis                                                                          
Randall                                                                         
Peter                                                                           

FIRST_NAME                                                                      
--------------------                                                            
Eleni                                                                           
Ellen                                                                           
Jonathon                                                                        
Kimerely                                                                        
Jennifer                                                                        
Michael                                                                         
Pat                                                                             
Shelley                                                                         
William                                                                         

20 rows selected.

SQL> SET LINES 240 PAGES 24
SQL> 
SQL> /

FIRST_NAME                                                                                                                                                                                                                                      
--------------------                                                                                                                                                                                                                            
Steven                                                                                                                                                                                                                                          
Neena                                                                                                                                                                                                                                           
Lex                                                                                                                                                                                                                                             
Alexander                                                                                                                                                                                                                                       
Bruce                                                                                                                                                                                                                                           
Diana                                                                                                                                                                                                                                           
Kevin                                                                                                                                                                                                                                           
Trenna                                                                                                                                                                                                                                          
Curtis                                                                                                                                                                                                                                          
Randall                                                                                                                                                                                                                                         
Peter                                                                                                                                                                                                                                           
Eleni                                                                                                                                                                                                                                           
Ellen                                                                                                                                                                                                                                           
Jonathon                                                                                                                                                                                                                                        
Kimerely                                                                                                                                                                                                                                        
Jennifer                                                                                                                                                                                                                                        
Michael                                                                                                                                                                                                                                         
Pat                                                                                                                                                                                                                                             
Shelley                                                                                                                                                                                                                                         
William                                                                                                                                                                                                                                         

20 rows selected.

SQL> SELECT FIRST_NAME , UPPER(FIRST_NAME) FROM EMPLOYEES;

FIRST_NAME           UPPER(FIRST_NAME)                                                                                                                                                                                                          
-------------------- --------------------                                                                                                                                                                                                       
Steven               STEVEN                                                                                                                                                                                                                     
Neena                NEENA                                                                                                                                                                                                                      
Lex                  LEX                                                                                                                                                                                                                        
Alexander            ALEXANDER                                                                                                                                                                                                                  
Bruce                BRUCE                                                                                                                                                                                                                      
Diana                DIANA                                                                                                                                                                                                                      
Kevin                KEVIN                                                                                                                                                                                                                      
Trenna               TRENNA                                                                                                                                                                                                                     
Curtis               CURTIS                                                                                                                                                                                                                     
Randall              RANDALL                                                                                                                                                                                                                    
Peter                PETER                                                                                                                                                                                                                      
Eleni                ELENI                                                                                                                                                                                                                      
Ellen                ELLEN                                                                                                                                                                                                                      
Jonathon             JONATHON                                                                                                                                                                                                                   
Kimerely             KIMERELY                                                                                                                                                                                                                   
Jennifer             JENNIFER                                                                                                                                                                                                                   
Michael              MICHAEL                                                                                                                                                                                                                    
Pat                  PAT                                                                                                                                                                                                                        
Shelley              SHELLEY                                                                                                                                                                                                                    
William              WILLIAM                                                                                                                                                                                                                    

20 rows selected.

SQL> SELECT FIRST_NAME , LOWER(FIRST_NAME) FROM EMPLOYEES;

FIRST_NAME           LOWER(FIRST_NAME)                                                                                                                                                                                                          
-------------------- --------------------                                                                                                                                                                                                       
Steven               steven                                                                                                                                                                                                                     
Neena                neena                                                                                                                                                                                                                      
Lex                  lex                                                                                                                                                                                                                        
Alexander            alexander                                                                                                                                                                                                                  
Bruce                bruce                                                                                                                                                                                                                      
Diana                diana                                                                                                                                                                                                                      
Kevin                kevin                                                                                                                                                                                                                      
Trenna               trenna                                                                                                                                                                                                                     
Curtis               curtis                                                                                                                                                                                                                     
Randall              randall                                                                                                                                                                                                                    
Peter                peter                                                                                                                                                                                                                      
Eleni                eleni                                                                                                                                                                                                                      
Ellen                ellen                                                                                                                                                                                                                      
Jonathon             jonathon                                                                                                                                                                                                                   
Kimerely             kimerely                                                                                                                                                                                                                   
Jennifer             jennifer                                                                                                                                                                                                                   
Michael              michael                                                                                                                                                                                                                    
Pat                  pat                                                                                                                                                                                                                        
Shelley              shelley                                                                                                                                                                                                                    
William              william                                                                                                                                                                                                                    

20 rows selected.

SQL> SELECT INITCAP('AMar akbaR ANthony') FROM DUAL;

INITCAP('AMARAKBAR                                                                                                                                                                                                                              
------------------                                                                                                                                                                                                                              
Amar Akbar Anthony                                                                                                                                                                                                                              

SQL> SELECT INITCAP('AMar4akbaR$ANthony') FROM DUAL;

INITCAP('AMAR4AKBA                                                                                                                                                                                                                              
------------------                                                                                                                                                                                                                              
Amar4akbar$Anthony                                                                                                                                                                                                                              

SQL> REM NUMBERS ARE NOT CONSIDERED AS WORD SEPARATORS BY INITCAP FUNCTION
SQL> 
SQL> 
SQL> SELECT INITCAP('ADU6MARCHA*KOTHMIR') FROM DUAL;

INITCAP('ADU6MARCH                                                                                                                                                                                                                              
------------------                                                                                                                                                                                                                              
Adu6marcha*Kothmir                                                                                                                                                                                                                              

SQL> SELECT LOWER(UPPER('RaM')) FROM DUAL;

LOW                                                                                                                                                                                                                                             
---                                                                                                                                                                                                                                             
ram                                                                                                                                                                                                                                             

SQL> SELECT UPPER(lower('RaM')) FROM DUAL;

UPP                                                                                                                                                                                                                                             
---                                                                                                                                                                                                                                             
RAM                                                                                                                                                                                                                                             

SQL> REM CHARACTER MANIPULATION FUNCTIONS : CONCAT LPAD RPAD LTRIM RTRIM TRIM LENGTH REPLACE TRANSLATE SUBSTR INSTR
SQL> 
SQL> SELECT FIRST_NAME , LAST_NAME FROM EMPLOYEES;

FIRST_NAME           LAST_NAME                                                                                                                                                                                                                  
-------------------- -------------------------                                                                                                                                                                                                  
Steven               King                                                                                                                                                                                                                       
Neena                Kochhar                                                                                                                                                                                                                    
Lex                  De Haan                                                                                                                                                                                                                    
Alexander            Hunold                                                                                                                                                                                                                     
Bruce                Ernst                                                                                                                                                                                                                      
Diana                Lorentz                                                                                                                                                                                                                    
Kevin                Mourgos                                                                                                                                                                                                                    
Trenna               Rajs                                                                                                                                                                                                                       
Curtis               Davies                                                                                                                                                                                                                     
Randall              Matos                                                                                                                                                                                                                      
Peter                Vargas                                                                                                                                                                                                                     
Eleni                Zlotkey                                                                                                                                                                                                                    
Ellen                Abel                                                                                                                                                                                                                       
Jonathon             Taylor                                                                                                                                                                                                                     
Kimerely             Grant                                                                                                                                                                                                                      
Jennifer             Whalen                                                                                                                                                                                                                     
Michael              Hartstein                                                                                                                                                                                                                  
Pat                  Fay                                                                                                                                                                                                                        
Shelley              Higgins                                                                                                                                                                                                                    
William              Gietz                                                                                                                                                                                                                      

20 rows selected.

SQL> SELECT FIRST_NAME || LAST_NAME FROM EMPLOYEES;

FIRST_NAME||LAST_NAME                                                                                                                                                                                                                           
---------------------------------------------                                                                                                                                                                                                   
StevenKing                                                                                                                                                                                                                                      
NeenaKochhar                                                                                                                                                                                                                                    
LexDe Haan                                                                                                                                                                                                                                      
AlexanderHunold                                                                                                                                                                                                                                 
BruceErnst                                                                                                                                                                                                                                      
DianaLorentz                                                                                                                                                                                                                                    
KevinMourgos                                                                                                                                                                                                                                    
TrennaRajs                                                                                                                                                                                                                                      
CurtisDavies                                                                                                                                                                                                                                    
RandallMatos                                                                                                                                                                                                                                    
PeterVargas                                                                                                                                                                                                                                     
EleniZlotkey                                                                                                                                                                                                                                    
EllenAbel                                                                                                                                                                                                                                       
JonathonTaylor                                                                                                                                                                                                                                  
KimerelyGrant                                                                                                                                                                                                                                   
JenniferWhalen                                                                                                                                                                                                                                  
MichaelHartstein                                                                                                                                                                                                                                
PatFay                                                                                                                                                                                                                                          
ShelleyHiggins                                                                                                                                                                                                                                  
WilliamGietz                                                                                                                                                                                                                                    

20 rows selected.

SQL> SELECT CONCAT(FIRST_NAME,LAST_NAME) FROM EMPLOYEES;

CONCAT(FIRST_NAME,LAST_NAME)                                                                                                                                                                                                                    
---------------------------------------------                                                                                                                                                                                                   
StevenKing                                                                                                                                                                                                                                      
NeenaKochhar                                                                                                                                                                                                                                    
LexDe Haan                                                                                                                                                                                                                                      
AlexanderHunold                                                                                                                                                                                                                                 
BruceErnst                                                                                                                                                                                                                                      
DianaLorentz                                                                                                                                                                                                                                    
KevinMourgos                                                                                                                                                                                                                                    
TrennaRajs                                                                                                                                                                                                                                      
CurtisDavies                                                                                                                                                                                                                                    
RandallMatos                                                                                                                                                                                                                                    
PeterVargas                                                                                                                                                                                                                                     
EleniZlotkey                                                                                                                                                                                                                                    
EllenAbel                                                                                                                                                                                                                                       
JonathonTaylor                                                                                                                                                                                                                                  
KimerelyGrant                                                                                                                                                                                                                                   
JenniferWhalen                                                                                                                                                                                                                                  
MichaelHartstein                                                                                                                                                                                                                                
PatFay                                                                                                                                                                                                                                          
ShelleyHiggins                                                                                                                                                                                                                                  
WilliamGietz                                                                                                                                                                                                                                    

20 rows selected.

SQL> SELECT FIRST_NAME || ' ' || LAST_NAME FROM EMPLOYEES;

FIRST_NAME||''||LAST_NAME                                                                                                                                                                                                                       
----------------------------------------------                                                                                                                                                                                                  
Steven King                                                                                                                                                                                                                                     
Neena Kochhar                                                                                                                                                                                                                                   
Lex De Haan                                                                                                                                                                                                                                     
Alexander Hunold                                                                                                                                                                                                                                
Bruce Ernst                                                                                                                                                                                                                                     
Diana Lorentz                                                                                                                                                                                                                                   
Kevin Mourgos                                                                                                                                                                                                                                   
Trenna Rajs                                                                                                                                                                                                                                     
Curtis Davies                                                                                                                                                                                                                                   
Randall Matos                                                                                                                                                                                                                                   
Peter Vargas                                                                                                                                                                                                                                    
Eleni Zlotkey                                                                                                                                                                                                                                   
Ellen Abel                                                                                                                                                                                                                                      
Jonathon Taylor                                                                                                                                                                                                                                 
Kimerely Grant                                                                                                                                                                                                                                  
Jennifer Whalen                                                                                                                                                                                                                                 
Michael Hartstein                                                                                                                                                                                                                               
Pat Fay                                                                                                                                                                                                                                         
Shelley Higgins                                                                                                                                                                                                                                 
William Gietz                                                                                                                                                                                                                                   

20 rows selected.

SQL> SELECT CONCAT(FIRST_NAME,' ',LAST_NAME) FROM EMPLOYEES;
SELECT CONCAT(FIRST_NAME,' ',LAST_NAME) FROM EMPLOYEES
       *
ERROR at line 1:
ORA-00909: invalid number of arguments 


SQL> SELECT CONCAT(FIRST_NAME || ' ',LAST_NAME) FROM EMPLOYEES;

CONCAT(FIRST_NAME||'',LAST_NAME)                                                                                                                                                                                                                
----------------------------------------------                                                                                                                                                                                                  
Steven King                                                                                                                                                                                                                                     
Neena Kochhar                                                                                                                                                                                                                                   
Lex De Haan                                                                                                                                                                                                                                     
Alexander Hunold                                                                                                                                                                                                                                
Bruce Ernst                                                                                                                                                                                                                                     
Diana Lorentz                                                                                                                                                                                                                                   
Kevin Mourgos                                                                                                                                                                                                                                   
Trenna Rajs                                                                                                                                                                                                                                     
Curtis Davies                                                                                                                                                                                                                                   
Randall Matos                                                                                                                                                                                                                                   
Peter Vargas                                                                                                                                                                                                                                    
Eleni Zlotkey                                                                                                                                                                                                                                   
Ellen Abel                                                                                                                                                                                                                                      
Jonathon Taylor                                                                                                                                                                                                                                 
Kimerely Grant                                                                                                                                                                                                                                  
Jennifer Whalen                                                                                                                                                                                                                                 
Michael Hartstein                                                                                                                                                                                                                               
Pat Fay                                                                                                                                                                                                                                         
Shelley Higgins                                                                                                                                                                                                                                 
William Gietz                                                                                                                                                                                                                                   

20 rows selected.

SQL> SELECT CONCAT(FIRST_NAME || '  ',LAST_NAME) FROM EMPLOYEES;

CONCAT(FIRST_NAME||'',LAST_NAME)                                                                                                                                                                                                                
-----------------------------------------------                                                                                                                                                                                                 
Steven  King                                                                                                                                                                                                                                    
Neena  Kochhar                                                                                                                                                                                                                                  
Lex  De Haan                                                                                                                                                                                                                                    
Alexander  Hunold                                                                                                                                                                                                                               
Bruce  Ernst                                                                                                                                                                                                                                    
Diana  Lorentz                                                                                                                                                                                                                                  
Kevin  Mourgos                                                                                                                                                                                                                                  
Trenna  Rajs                                                                                                                                                                                                                                    
Curtis  Davies                                                                                                                                                                                                                                  
Randall  Matos                                                                                                                                                                                                                                  
Peter  Vargas                                                                                                                                                                                                                                   
Eleni  Zlotkey                                                                                                                                                                                                                                  
Ellen  Abel                                                                                                                                                                                                                                     
Jonathon  Taylor                                                                                                                                                                                                                                
Kimerely  Grant                                                                                                                                                                                                                                 
Jennifer  Whalen                                                                                                                                                                                                                                
Michael  Hartstein                                                                                                                                                                                                                              
Pat  Fay                                                                                                                                                                                                                                        
Shelley  Higgins                                                                                                                                                                                                                                
William  Gietz                                                                                                                                                                                                                                  

20 rows selected.

SQL> SELECT CONCAT(FIRST_NAME,' ' || LAST_NAME) FROM EMPLOYEES;

CONCAT(FIRST_NAME,''||LAST_NAME)                                                                                                                                                                                                                
----------------------------------------------                                                                                                                                                                                                  
Steven King                                                                                                                                                                                                                                     
Neena Kochhar                                                                                                                                                                                                                                   
Lex De Haan                                                                                                                                                                                                                                     
Alexander Hunold                                                                                                                                                                                                                                
Bruce Ernst                                                                                                                                                                                                                                     
Diana Lorentz                                                                                                                                                                                                                                   
Kevin Mourgos                                                                                                                                                                                                                                   
Trenna Rajs                                                                                                                                                                                                                                     
Curtis Davies                                                                                                                                                                                                                                   
Randall Matos                                                                                                                                                                                                                                   
Peter Vargas                                                                                                                                                                                                                                    
Eleni Zlotkey                                                                                                                                                                                                                                   
Ellen Abel                                                                                                                                                                                                                                      
Jonathon Taylor                                                                                                                                                                                                                                 
Kimerely Grant                                                                                                                                                                                                                                  
Jennifer Whalen                                                                                                                                                                                                                                 
Michael Hartstein                                                                                                                                                                                                                               
Pat Fay                                                                                                                                                                                                                                         
Shelley Higgins                                                                                                                                                                                                                                 
William Gietz                                                                                                                                                                                                                                   

20 rows selected.

SQL> SELECT CONCAT(FIRST_NAME,CONCAT(' ', LAST_NAME)) FROM EMPLOYEES;

CONCAT(FIRST_NAME,CONCAT('',LAST_NAME))                                                                                                                                                                                                         
----------------------------------------------                                                                                                                                                                                                  
Steven King                                                                                                                                                                                                                                     
Neena Kochhar                                                                                                                                                                                                                                   
Lex De Haan                                                                                                                                                                                                                                     
Alexander Hunold                                                                                                                                                                                                                                
Bruce Ernst                                                                                                                                                                                                                                     
Diana Lorentz                                                                                                                                                                                                                                   
Kevin Mourgos                                                                                                                                                                                                                                   
Trenna Rajs                                                                                                                                                                                                                                     
Curtis Davies                                                                                                                                                                                                                                   
Randall Matos                                                                                                                                                                                                                                   
Peter Vargas                                                                                                                                                                                                                                    
Eleni Zlotkey                                                                                                                                                                                                                                   
Ellen Abel                                                                                                                                                                                                                                      
Jonathon Taylor                                                                                                                                                                                                                                 
Kimerely Grant                                                                                                                                                                                                                                  
Jennifer Whalen                                                                                                                                                                                                                                 
Michael Hartstein                                                                                                                                                                                                                               
Pat Fay                                                                                                                                                                                                                                         
Shelley Higgins                                                                                                                                                                                                                                 
William Gietz                                                                                                                                                                                                                                   

20 rows selected.

SQL> REM *****10,000.00
SQL> 
SQL> 
SQL> SELECT SALARY , LPAD(SALARY,15) FROM EMPLOYEES;

    SALARY LPAD(SALARY,15)                                                                                                                                                                                                                      
---------- ------------------------------------------------------------                                                                                                                                                                         
     24000           24000                                                                                                                                                                                                                      
     17000           17000                                                                                                                                                                                                                      
     17000           17000                                                                                                                                                                                                                      
      9000            9000                                                                                                                                                                                                                      
      6000            6000                                                                                                                                                                                                                      
      4200            4200                                                                                                                                                                                                                      
      5800            5800                                                                                                                                                                                                                      
      3500            3500                                                                                                                                                                                                                      
      3100            3100                                                                                                                                                                                                                      
      2600            2600                                                                                                                                                                                                                      
      2500            2500                                                                                                                                                                                                                      
     10500           10500                                                                                                                                                                                                                      
     11000           11000                                                                                                                                                                                                                      
      8600            8600                                                                                                                                                                                                                      
      7000            7000                                                                                                                                                                                                                      
      4400            4400                                                                                                                                                                                                                      
     13000           13000                                                                                                                                                                                                                      
      6000            6000                                                                                                                                                                                                                      
     12000           12000                                                                                                                                                                                                                      
      8300            8300                                                                                                                                                                                                                      

20 rows selected.

SQL> SELECT SALARY , LPAD(SALARY,15,'*') FROM EMPLOYEES;

    SALARY LPAD(SALARY,15,'*')                                                                                                                                                                                                                  
---------- ------------------------------------------------------------                                                                                                                                                                         
     24000 **********24000                                                                                                                                                                                                                      
     17000 **********17000                                                                                                                                                                                                                      
     17000 **********17000                                                                                                                                                                                                                      
      9000 ***********9000                                                                                                                                                                                                                      
      6000 ***********6000                                                                                                                                                                                                                      
      4200 ***********4200                                                                                                                                                                                                                      
      5800 ***********5800                                                                                                                                                                                                                      
      3500 ***********3500                                                                                                                                                                                                                      
      3100 ***********3100                                                                                                                                                                                                                      
      2600 ***********2600                                                                                                                                                                                                                      
      2500 ***********2500                                                                                                                                                                                                                      
     10500 **********10500                                                                                                                                                                                                                      
     11000 **********11000                                                                                                                                                                                                                      
      8600 ***********8600                                                                                                                                                                                                                      
      7000 ***********7000                                                                                                                                                                                                                      
      4400 ***********4400                                                                                                                                                                                                                      
     13000 **********13000                                                                                                                                                                                                                      
      6000 ***********6000                                                                                                                                                                                                                      
     12000 **********12000                                                                                                                                                                                                                      
      8300 ***********8300                                                                                                                                                                                                                      

20 rows selected.

SQL> SELECT SALARY , LPAD(SALARY,15,'^') FROM EMPLOYEES;

    SALARY LPAD(SALARY,15,'^')                                                                                                                                                                                                                  
---------- ------------------------------------------------------------                                                                                                                                                                         
     24000 ^^^^^^^^^^24000                                                                                                                                                                                                                      
     17000 ^^^^^^^^^^17000                                                                                                                                                                                                                      
     17000 ^^^^^^^^^^17000                                                                                                                                                                                                                      
      9000 ^^^^^^^^^^^9000                                                                                                                                                                                                                      
      6000 ^^^^^^^^^^^6000                                                                                                                                                                                                                      
      4200 ^^^^^^^^^^^4200                                                                                                                                                                                                                      
      5800 ^^^^^^^^^^^5800                                                                                                                                                                                                                      
      3500 ^^^^^^^^^^^3500                                                                                                                                                                                                                      
      3100 ^^^^^^^^^^^3100                                                                                                                                                                                                                      
      2600 ^^^^^^^^^^^2600                                                                                                                                                                                                                      
      2500 ^^^^^^^^^^^2500                                                                                                                                                                                                                      
     10500 ^^^^^^^^^^10500                                                                                                                                                                                                                      
     11000 ^^^^^^^^^^11000                                                                                                                                                                                                                      
      8600 ^^^^^^^^^^^8600                                                                                                                                                                                                                      
      7000 ^^^^^^^^^^^7000                                                                                                                                                                                                                      
      4400 ^^^^^^^^^^^4400                                                                                                                                                                                                                      
     13000 ^^^^^^^^^^13000                                                                                                                                                                                                                      
      6000 ^^^^^^^^^^^6000                                                                                                                                                                                                                      
     12000 ^^^^^^^^^^12000                                                                                                                                                                                                                      
      8300 ^^^^^^^^^^^8300                                                                                                                                                                                                                      

20 rows selected.

SQL> SELECT SALARY , LPAD(SALARY,15,'A') FROM EMPLOYEES;

    SALARY LPAD(SALARY,15,'A')                                                                                                                                                                                                                  
---------- ------------------------------------------------------------                                                                                                                                                                         
     24000 AAAAAAAAAA24000                                                                                                                                                                                                                      
     17000 AAAAAAAAAA17000                                                                                                                                                                                                                      
     17000 AAAAAAAAAA17000                                                                                                                                                                                                                      
      9000 AAAAAAAAAAA9000                                                                                                                                                                                                                      
      6000 AAAAAAAAAAA6000                                                                                                                                                                                                                      
      4200 AAAAAAAAAAA4200                                                                                                                                                                                                                      
      5800 AAAAAAAAAAA5800                                                                                                                                                                                                                      
      3500 AAAAAAAAAAA3500                                                                                                                                                                                                                      
      3100 AAAAAAAAAAA3100                                                                                                                                                                                                                      
      2600 AAAAAAAAAAA2600                                                                                                                                                                                                                      
      2500 AAAAAAAAAAA2500                                                                                                                                                                                                                      
     10500 AAAAAAAAAA10500                                                                                                                                                                                                                      
     11000 AAAAAAAAAA11000                                                                                                                                                                                                                      
      8600 AAAAAAAAAAA8600                                                                                                                                                                                                                      
      7000 AAAAAAAAAAA7000                                                                                                                                                                                                                      
      4400 AAAAAAAAAAA4400                                                                                                                                                                                                                      
     13000 AAAAAAAAAA13000                                                                                                                                                                                                                      
      6000 AAAAAAAAAAA6000                                                                                                                                                                                                                      
     12000 AAAAAAAAAA12000                                                                                                                                                                                                                      
      8300 AAAAAAAAAAA8300                                                                                                                                                                                                                      

20 rows selected.

SQL> SELECT SALARY , LPAD(SALARY,15,'^%*') FROM EMPLOYEES;

    SALARY LPAD(SALARY,15,'^%*')                                                                                                                                                                                                                
---------- ------------------------------------------------------------                                                                                                                                                                         
     24000 ^%*^%*^%*^24000                                                                                                                                                                                                                      
     17000 ^%*^%*^%*^17000                                                                                                                                                                                                                      
     17000 ^%*^%*^%*^17000                                                                                                                                                                                                                      
      9000 ^%*^%*^%*^%9000                                                                                                                                                                                                                      
      6000 ^%*^%*^%*^%6000                                                                                                                                                                                                                      
      4200 ^%*^%*^%*^%4200                                                                                                                                                                                                                      
      5800 ^%*^%*^%*^%5800                                                                                                                                                                                                                      
      3500 ^%*^%*^%*^%3500                                                                                                                                                                                                                      
      3100 ^%*^%*^%*^%3100                                                                                                                                                                                                                      
      2600 ^%*^%*^%*^%2600                                                                                                                                                                                                                      
      2500 ^%*^%*^%*^%2500                                                                                                                                                                                                                      
     10500 ^%*^%*^%*^10500                                                                                                                                                                                                                      
     11000 ^%*^%*^%*^11000                                                                                                                                                                                                                      
      8600 ^%*^%*^%*^%8600                                                                                                                                                                                                                      
      7000 ^%*^%*^%*^%7000                                                                                                                                                                                                                      
      4400 ^%*^%*^%*^%4400                                                                                                                                                                                                                      
     13000 ^%*^%*^%*^13000                                                                                                                                                                                                                      
      6000 ^%*^%*^%*^%6000                                                                                                                                                                                                                      
     12000 ^%*^%*^%*^12000                                                                                                                                                                                                                      
      8300 ^%*^%*^%*^%8300                                                                                                                                                                                                                      

20 rows selected.

SQL> SELECT SALARY , RPAD(SALARY,15,'^%*') FROM EMPLOYEES;

    SALARY RPAD(SALARY,15,'^%*')                                                                                                                                                                                                                
---------- ------------------------------------------------------------                                                                                                                                                                         
     24000 24000^%*^%*^%*^                                                                                                                                                                                                                      
     17000 17000^%*^%*^%*^                                                                                                                                                                                                                      
     17000 17000^%*^%*^%*^                                                                                                                                                                                                                      
      9000 9000^%*^%*^%*^%                                                                                                                                                                                                                      
      6000 6000^%*^%*^%*^%                                                                                                                                                                                                                      
      4200 4200^%*^%*^%*^%                                                                                                                                                                                                                      
      5800 5800^%*^%*^%*^%                                                                                                                                                                                                                      
      3500 3500^%*^%*^%*^%                                                                                                                                                                                                                      
      3100 3100^%*^%*^%*^%                                                                                                                                                                                                                      
      2600 2600^%*^%*^%*^%                                                                                                                                                                                                                      
      2500 2500^%*^%*^%*^%                                                                                                                                                                                                                      
     10500 10500^%*^%*^%*^                                                                                                                                                                                                                      
     11000 11000^%*^%*^%*^                                                                                                                                                                                                                      
      8600 8600^%*^%*^%*^%                                                                                                                                                                                                                      
      7000 7000^%*^%*^%*^%                                                                                                                                                                                                                      
      4400 4400^%*^%*^%*^%                                                                                                                                                                                                                      
     13000 13000^%*^%*^%*^                                                                                                                                                                                                                      
      6000 6000^%*^%*^%*^%                                                                                                                                                                                                                      
     12000 12000^%*^%*^%*^                                                                                                                                                                                                                      
      8300 8300^%*^%*^%*^%                                                                                                                                                                                                                      

20 rows selected.

SQL> SELECT SALARY , RPAD(SALARY,20,'^%*') FROM EMPLOYEES;

    SALARY RPAD(SALARY,20,'^%*')                                                                                                                                                                                                                
---------- --------------------------------------------------------------------------------                                                                                                                                                     
     24000 24000^%*^%*^%*^%*^%*                                                                                                                                                                                                                 
     17000 17000^%*^%*^%*^%*^%*                                                                                                                                                                                                                 
     17000 17000^%*^%*^%*^%*^%*                                                                                                                                                                                                                 
      9000 9000^%*^%*^%*^%*^%*^                                                                                                                                                                                                                 
      6000 6000^%*^%*^%*^%*^%*^                                                                                                                                                                                                                 
      4200 4200^%*^%*^%*^%*^%*^                                                                                                                                                                                                                 
      5800 5800^%*^%*^%*^%*^%*^                                                                                                                                                                                                                 
      3500 3500^%*^%*^%*^%*^%*^                                                                                                                                                                                                                 
      3100 3100^%*^%*^%*^%*^%*^                                                                                                                                                                                                                 
      2600 2600^%*^%*^%*^%*^%*^                                                                                                                                                                                                                 
      2500 2500^%*^%*^%*^%*^%*^                                                                                                                                                                                                                 
     10500 10500^%*^%*^%*^%*^%*                                                                                                                                                                                                                 
     11000 11000^%*^%*^%*^%*^%*                                                                                                                                                                                                                 
      8600 8600^%*^%*^%*^%*^%*^                                                                                                                                                                                                                 
      7000 7000^%*^%*^%*^%*^%*^                                                                                                                                                                                                                 
      4400 4400^%*^%*^%*^%*^%*^                                                                                                                                                                                                                 
     13000 13000^%*^%*^%*^%*^%*                                                                                                                                                                                                                 
      6000 6000^%*^%*^%*^%*^%*^                                                                                                                                                                                                                 
     12000 12000^%*^%*^%*^%*^%*                                                                                                                                                                                                                 
      8300 8300^%*^%*^%*^%*^%*^                                                                                                                                                                                                                 

20 rows selected.

SQL> SELECT FIRST_NAME FROM EMPLOYEES;

FIRST_NAME                                                                                                                                                                                                                                      
--------------------                                                                                                                                                                                                                            
Steven                                                                                                                                                                                                                                          
Neena                                                                                                                                                                                                                                           
Lex                                                                                                                                                                                                                                             
Alexander                                                                                                                                                                                                                                       
Bruce                                                                                                                                                                                                                                           
Diana                                                                                                                                                                                                                                           
Kevin                                                                                                                                                                                                                                           
Trenna                                                                                                                                                                                                                                          
Curtis                                                                                                                                                                                                                                          
Randall                                                                                                                                                                                                                                         
Peter                                                                                                                                                                                                                                           
Eleni                                                                                                                                                                                                                                           
Ellen                                                                                                                                                                                                                                           
Jonathon                                                                                                                                                                                                                                        
Kimerely                                                                                                                                                                                                                                        
Jennifer                                                                                                                                                                                                                                        
Michael                                                                                                                                                                                                                                         
Pat                                                                                                                                                                                                                                             
Shelley                                                                                                                                                                                                                                         
William                                                                                                                                                                                                                                         

20 rows selected.

SQL> SELECT FIRST_NAME , LPAD(FIRST_NAME,20) FROM EMPLOYEES;

FIRST_NAME           LPAD(FIRST_NAME,20)                                                                                                                                                                                                        
-------------------- --------------------------------------------------------------------------------                                                                                                                                           
Steven                             Steven                                                                                                                                                                                                       
Neena                               Neena                                                                                                                                                                                                       
Lex                                   Lex                                                                                                                                                                                                       
Alexander                       Alexander                                                                                                                                                                                                       
Bruce                               Bruce                                                                                                                                                                                                       
Diana                               Diana                                                                                                                                                                                                       
Kevin                               Kevin                                                                                                                                                                                                       
Trenna                             Trenna                                                                                                                                                                                                       
Curtis                             Curtis                                                                                                                                                                                                       
Randall                           Randall                                                                                                                                                                                                       
Peter                               Peter                                                                                                                                                                                                       
Eleni                               Eleni                                                                                                                                                                                                       
Ellen                               Ellen                                                                                                                                                                                                       
Jonathon                         Jonathon                                                                                                                                                                                                       
Kimerely                         Kimerely                                                                                                                                                                                                       
Jennifer                         Jennifer                                                                                                                                                                                                       
Michael                           Michael                                                                                                                                                                                                       
Pat                                   Pat                                                                                                                                                                                                       
Shelley                           Shelley                                                                                                                                                                                                       
William                           William                                                                                                                                                                                                       

20 rows selected.

SQL> SELECT HIRE_DATE FROM EMPLOYEES;

HIRE_DATE                                                                                                                                                                                                                                       
---------                                                                                                                                                                                                                                       
17-JUL-87                                                                                                                                                                                                                                       
21-SEP-89                                                                                                                                                                                                                                       
13-JAN-93                                                                                                                                                                                                                                       
03-JAN-90                                                                                                                                                                                                                                       
21-MAY-91                                                                                                                                                                                                                                       
07-FEB-99                                                                                                                                                                                                                                       
16-NOV-99                                                                                                                                                                                                                                       
17-OCT-95                                                                                                                                                                                                                                       
29-JAN-97                                                                                                                                                                                                                                       
15-MAR-98                                                                                                                                                                                                                                       
09-JUL-98                                                                                                                                                                                                                                       
29-JAN-00                                                                                                                                                                                                                                       
11-MAY-96                                                                                                                                                                                                                                       
24-MAR-98                                                                                                                                                                                                                                       
24-MAY-99                                                                                                                                                                                                                                       
17-SEP-87                                                                                                                                                                                                                                       
17-FEB-96                                                                                                                                                                                                                                       
17-AUG-97                                                                                                                                                                                                                                       
07-JUN-94                                                                                                                                                                                                                                       
07-JUN-94                                                                                                                                                                                                                                       

20 rows selected.

SQL> SELECT HIRE_DATE , LTRIM(HIRE_DATE,'0') FROM EMPLOYEES;

HIRE_DATE LTRIM(HIRE_DATE,'0                                                                                                                                                                                                                    
--------- ------------------                                                                                                                                                                                                                    
17-JUL-87 17-JUL-87                                                                                                                                                                                                                             
21-SEP-89 21-SEP-89                                                                                                                                                                                                                             
13-JAN-93 13-JAN-93                                                                                                                                                                                                                             
03-JAN-90 3-JAN-90                                                                                                                                                                                                                              
21-MAY-91 21-MAY-91                                                                                                                                                                                                                             
07-FEB-99 7-FEB-99                                                                                                                                                                                                                              
16-NOV-99 16-NOV-99                                                                                                                                                                                                                             
17-OCT-95 17-OCT-95                                                                                                                                                                                                                             
29-JAN-97 29-JAN-97                                                                                                                                                                                                                             
15-MAR-98 15-MAR-98                                                                                                                                                                                                                             
09-JUL-98 9-JUL-98                                                                                                                                                                                                                              
29-JAN-00 29-JAN-00                                                                                                                                                                                                                             
11-MAY-96 11-MAY-96                                                                                                                                                                                                                             
24-MAR-98 24-MAR-98                                                                                                                                                                                                                             
24-MAY-99 24-MAY-99                                                                                                                                                                                                                             
17-SEP-87 17-SEP-87                                                                                                                                                                                                                             
17-FEB-96 17-FEB-96                                                                                                                                                                                                                             
17-AUG-97 17-AUG-97                                                                                                                                                                                                                             
07-JUN-94 7-JUN-94                                                                                                                                                                                                                              
07-JUN-94 7-JUN-94                                                                                                                                                                                                                              

20 rows selected.

SQL> SELECT HIRE_DATE , RTRIM(HIRE_DATE,'0') FROM EMPLOYEES;

HIRE_DATE RTRIM(HIRE_DATE,'0                                                                                                                                                                                                                    
--------- ------------------                                                                                                                                                                                                                    
17-JUL-87 17-JUL-87                                                                                                                                                                                                                             
21-SEP-89 21-SEP-89                                                                                                                                                                                                                             
13-JAN-93 13-JAN-93                                                                                                                                                                                                                             
03-JAN-90 03-JAN-9                                                                                                                                                                                                                              
21-MAY-91 21-MAY-91                                                                                                                                                                                                                             
07-FEB-99 07-FEB-99                                                                                                                                                                                                                             
16-NOV-99 16-NOV-99                                                                                                                                                                                                                             
17-OCT-95 17-OCT-95                                                                                                                                                                                                                             
29-JAN-97 29-JAN-97                                                                                                                                                                                                                             
15-MAR-98 15-MAR-98                                                                                                                                                                                                                             
09-JUL-98 09-JUL-98                                                                                                                                                                                                                             
29-JAN-00 29-JAN-                                                                                                                                                                                                                               
11-MAY-96 11-MAY-96                                                                                                                                                                                                                             
24-MAR-98 24-MAR-98                                                                                                                                                                                                                             
24-MAY-99 24-MAY-99                                                                                                                                                                                                                             
17-SEP-87 17-SEP-87                                                                                                                                                                                                                             
17-FEB-96 17-FEB-96                                                                                                                                                                                                                             
17-AUG-97 17-AUG-97                                                                                                                                                                                                                             
07-JUN-94 07-JUN-94                                                                                                                                                                                                                             
07-JUN-94 07-JUN-94                                                                                                                                                                                                                             

20 rows selected.

SQL> SELECT HIRE_DATE , RTRIM(HIRE_DATE,'89') FROM EMPLOYEES;

HIRE_DATE RTRIM(HIRE_DATE,'8                                                                                                                                                                                                                    
--------- ------------------                                                                                                                                                                                                                    
17-JUL-87 17-JUL-87                                                                                                                                                                                                                             
21-SEP-89 21-SEP-                                                                                                                                                                                                                               
13-JAN-93 13-JAN-93                                                                                                                                                                                                                             
03-JAN-90 03-JAN-90                                                                                                                                                                                                                             
21-MAY-91 21-MAY-91                                                                                                                                                                                                                             
07-FEB-99 07-FEB-                                                                                                                                                                                                                               
16-NOV-99 16-NOV-                                                                                                                                                                                                                               
17-OCT-95 17-OCT-95                                                                                                                                                                                                                             
29-JAN-97 29-JAN-97                                                                                                                                                                                                                             
15-MAR-98 15-MAR-                                                                                                                                                                                                                               
09-JUL-98 09-JUL-                                                                                                                                                                                                                               
29-JAN-00 29-JAN-00                                                                                                                                                                                                                             
11-MAY-96 11-MAY-96                                                                                                                                                                                                                             
24-MAR-98 24-MAR-                                                                                                                                                                                                                               
24-MAY-99 24-MAY-                                                                                                                                                                                                                               
17-SEP-87 17-SEP-87                                                                                                                                                                                                                             
17-FEB-96 17-FEB-96                                                                                                                                                                                                                             
17-AUG-97 17-AUG-97                                                                                                                                                                                                                             
07-JUN-94 07-JUN-94                                                                                                                                                                                                                             
07-JUN-94 07-JUN-94                                                                                                                                                                                                                             

20 rows selected.

SQL> SELECT HIRE_DATE , LTRIM(RTRIM(HIRE_DATE,'89'),'12') FROM EMPLOYEES;

HIRE_DATE LTRIM(RTRIM(HIRE_D                                                                                                                                                                                                                    
--------- ------------------                                                                                                                                                                                                                    
17-JUL-87 7-JUL-87                                                                                                                                                                                                                              
21-SEP-89 -SEP-                                                                                                                                                                                                                                 
13-JAN-93 3-JAN-93                                                                                                                                                                                                                              
03-JAN-90 03-JAN-90                                                                                                                                                                                                                             
21-MAY-91 -MAY-91                                                                                                                                                                                                                               
07-FEB-99 07-FEB-                                                                                                                                                                                                                               
16-NOV-99 6-NOV-                                                                                                                                                                                                                                
17-OCT-95 7-OCT-95                                                                                                                                                                                                                              
29-JAN-97 9-JAN-97                                                                                                                                                                                                                              
15-MAR-98 5-MAR-                                                                                                                                                                                                                                
09-JUL-98 09-JUL-                                                                                                                                                                                                                               
29-JAN-00 9-JAN-00                                                                                                                                                                                                                              
11-MAY-96 -MAY-96                                                                                                                                                                                                                               
24-MAR-98 4-MAR-                                                                                                                                                                                                                                
24-MAY-99 4-MAY-                                                                                                                                                                                                                                
17-SEP-87 7-SEP-87                                                                                                                                                                                                                              
17-FEB-96 7-FEB-96                                                                                                                                                                                                                              
17-AUG-97 7-AUG-97                                                                                                                                                                                                                              
07-JUN-94 07-JUN-94                                                                                                                                                                                                                             
07-JUN-94 07-JUN-94                                                                                                                                                                                                                             

20 rows selected.

SQL> SELECT HIRE_DATE , TRIM('0' FROM HIRE_DATE) FROM DUAL;
SELECT HIRE_DATE , TRIM('0' FROM HIRE_DATE) FROM DUAL
                                 *
ERROR at line 1:
ORA-00904: "HIRE_DATE": invalid identifier 


SQL> 
SQL> SELECT HIRE_DATE , TRIM('0' FROM HIRE_DATE) FROM EMPLOYEES;

HIRE_DATE TRIM('0'FROMHIRE_D                                                                                                                                                                                                                    
--------- ------------------                                                                                                                                                                                                                    
17-JUL-87 17-JUL-87                                                                                                                                                                                                                             
21-SEP-89 21-SEP-89                                                                                                                                                                                                                             
13-JAN-93 13-JAN-93                                                                                                                                                                                                                             
03-JAN-90 3-JAN-9                                                                                                                                                                                                                               
21-MAY-91 21-MAY-91                                                                                                                                                                                                                             
07-FEB-99 7-FEB-99                                                                                                                                                                                                                              
16-NOV-99 16-NOV-99                                                                                                                                                                                                                             
17-OCT-95 17-OCT-95                                                                                                                                                                                                                             
29-JAN-97 29-JAN-97                                                                                                                                                                                                                             
15-MAR-98 15-MAR-98                                                                                                                                                                                                                             
09-JUL-98 9-JUL-98                                                                                                                                                                                                                              
29-JAN-00 29-JAN-                                                                                                                                                                                                                               
11-MAY-96 11-MAY-96                                                                                                                                                                                                                             
24-MAR-98 24-MAR-98                                                                                                                                                                                                                             
24-MAY-99 24-MAY-99                                                                                                                                                                                                                             
17-SEP-87 17-SEP-87                                                                                                                                                                                                                             
17-FEB-96 17-FEB-96                                                                                                                                                                                                                             
17-AUG-97 17-AUG-97                                                                                                                                                                                                                             
07-JUN-94 7-JUN-94                                                                                                                                                                                                                              
07-JUN-94 7-JUN-94                                                                                                                                                                                                                              

20 rows selected.

SQL> SELECT HIRE_DATE , TRIM(LEADING '0' FROM HIRE_DATE) FROM EMPLOYEES;

HIRE_DATE TRIM(LEADING'0'FRO                                                                                                                                                                                                                    
--------- ------------------                                                                                                                                                                                                                    
17-JUL-87 17-JUL-87                                                                                                                                                                                                                             
21-SEP-89 21-SEP-89                                                                                                                                                                                                                             
13-JAN-93 13-JAN-93                                                                                                                                                                                                                             
03-JAN-90 3-JAN-90                                                                                                                                                                                                                              
21-MAY-91 21-MAY-91                                                                                                                                                                                                                             
07-FEB-99 7-FEB-99                                                                                                                                                                                                                              
16-NOV-99 16-NOV-99                                                                                                                                                                                                                             
17-OCT-95 17-OCT-95                                                                                                                                                                                                                             
29-JAN-97 29-JAN-97                                                                                                                                                                                                                             
15-MAR-98 15-MAR-98                                                                                                                                                                                                                             
09-JUL-98 9-JUL-98                                                                                                                                                                                                                              
29-JAN-00 29-JAN-00                                                                                                                                                                                                                             
11-MAY-96 11-MAY-96                                                                                                                                                                                                                             
24-MAR-98 24-MAR-98                                                                                                                                                                                                                             
24-MAY-99 24-MAY-99                                                                                                                                                                                                                             
17-SEP-87 17-SEP-87                                                                                                                                                                                                                             
17-FEB-96 17-FEB-96                                                                                                                                                                                                                             
17-AUG-97 17-AUG-97                                                                                                                                                                                                                             
07-JUN-94 7-JUN-94                                                                                                                                                                                                                              
07-JUN-94 7-JUN-94                                                                                                                                                                                                                              

20 rows selected.

SQL> SELECT HIRE_DATE , TRIM(TRAILING '0' FROM HIRE_DATE) FROM EMPLOYEES;

HIRE_DATE TRIM(TRAILING'0'FR                                                                                                                                                                                                                    
--------- ------------------                                                                                                                                                                                                                    
17-JUL-87 17-JUL-87                                                                                                                                                                                                                             
21-SEP-89 21-SEP-89                                                                                                                                                                                                                             
13-JAN-93 13-JAN-93                                                                                                                                                                                                                             
03-JAN-90 03-JAN-9                                                                                                                                                                                                                              
21-MAY-91 21-MAY-91                                                                                                                                                                                                                             
07-FEB-99 07-FEB-99                                                                                                                                                                                                                             
16-NOV-99 16-NOV-99                                                                                                                                                                                                                             
17-OCT-95 17-OCT-95                                                                                                                                                                                                                             
29-JAN-97 29-JAN-97                                                                                                                                                                                                                             
15-MAR-98 15-MAR-98                                                                                                                                                                                                                             
09-JUL-98 09-JUL-98                                                                                                                                                                                                                             
29-JAN-00 29-JAN-                                                                                                                                                                                                                               
11-MAY-96 11-MAY-96                                                                                                                                                                                                                             
24-MAR-98 24-MAR-98                                                                                                                                                                                                                             
24-MAY-99 24-MAY-99                                                                                                                                                                                                                             
17-SEP-87 17-SEP-87                                                                                                                                                                                                                             
17-FEB-96 17-FEB-96                                                                                                                                                                                                                             
17-AUG-97 17-AUG-97                                                                                                                                                                                                                             
07-JUN-94 07-JUN-94                                                                                                                                                                                                                             
07-JUN-94 07-JUN-94                                                                                                                                                                                                                             

20 rows selected.

SQL> SELECT HIRE_DATE , TRIM(BOTH '0' FROM HIRE_DATE) FROM EMPLOYEES;

HIRE_DATE TRIM(BOTH'0'FROMHI                                                                                                                                                                                                                    
--------- ------------------                                                                                                                                                                                                                    
17-JUL-87 17-JUL-87                                                                                                                                                                                                                             
21-SEP-89 21-SEP-89                                                                                                                                                                                                                             
13-JAN-93 13-JAN-93                                                                                                                                                                                                                             
03-JAN-90 3-JAN-9                                                                                                                                                                                                                               
21-MAY-91 21-MAY-91                                                                                                                                                                                                                             
07-FEB-99 7-FEB-99                                                                                                                                                                                                                              
16-NOV-99 16-NOV-99                                                                                                                                                                                                                             
17-OCT-95 17-OCT-95                                                                                                                                                                                                                             
29-JAN-97 29-JAN-97                                                                                                                                                                                                                             
15-MAR-98 15-MAR-98                                                                                                                                                                                                                             
09-JUL-98 9-JUL-98                                                                                                                                                                                                                              
29-JAN-00 29-JAN-                                                                                                                                                                                                                               
11-MAY-96 11-MAY-96                                                                                                                                                                                                                             
24-MAR-98 24-MAR-98                                                                                                                                                                                                                             
24-MAY-99 24-MAY-99                                                                                                                                                                                                                             
17-SEP-87 17-SEP-87                                                                                                                                                                                                                             
17-FEB-96 17-FEB-96                                                                                                                                                                                                                             
17-AUG-97 17-AUG-97                                                                                                                                                                                                                             
07-JUN-94 7-JUN-94                                                                                                                                                                                                                              
07-JUN-94 7-JUN-94                                                                                                                                                                                                                              

20 rows selected.

SQL> SELECT HIRE_DATE , TRIM(BOTH '09' FROM HIRE_DATE) FROM EMPLOYEES;
SELECT HIRE_DATE , TRIM(BOTH '09' FROM HIRE_DATE) FROM EMPLOYEES
                   *
ERROR at line 1:
ORA-30001: trim set should have only one character 


SQL> SELECT LENGTH('  RAM   ') FROM DUAL;

LENGTH('RAM')                                                                                                                                                                                                                                   
-------------                                                                                                                                                                                                                                   
            8                                                                                                                                                                                                                                   

SQL> SELECT LENGTH(TRIM('  RAM   ')) FROM DUAL;

LENGTH(TRIM('RAM'))                                                                                                                                                                                                                             
-------------------                                                                                                                                                                                                                             
                  3                                                                                                                                                                                                                             

SQL> SELECT LENGTH(TRIM(LEADING '  RAM   ')) FROM DUAL;
SELECT LENGTH(TRIM(LEADING '  RAM   ')) FROM DUAL
              *
ERROR at line 1:
ORA-00923: FROM keyword not found where expected 


SQL> SELECT LENGTH(TRIM(LEADING ' ' FROM '  RAM   ')) FROM DUAL;

LENGTH(TRIM(LEADING''FROM'RAM'))                                                                                                                                                                                                                
--------------------------------                                                                                                                                                                                                                
                               6                                                                                                                                                                                                                

SQL> SELECT HIRE_DATE , TRIM(TRAILING('9' FROM TRIM(TRAILING '8' FROM HIRE_DATE))) FROM EMPLOYEES;
SELECT HIRE_DATE , TRIM(TRAILING('9' FROM TRIM(TRAILING '8' FROM HIRE_DATE))) FROM EMPLOYEES
                                     *
ERROR at line 1:
ORA-00907: missing right parenthesis 


SQL> SELECT HIRE_DATE , TRIM(TRAILING '9' FROM TRIM(TRAILING '8' FROM HIRE_DATE)) FROM EMPLOYEES;

HIRE_DATE TRIM(TRAILING'9'FR                                                                                                                                                                                                                    
--------- ------------------                                                                                                                                                                                                                    
17-JUL-87 17-JUL-87                                                                                                                                                                                                                             
21-SEP-89 21-SEP-8                                                                                                                                                                                                                              
13-JAN-93 13-JAN-93                                                                                                                                                                                                                             
03-JAN-90 03-JAN-90                                                                                                                                                                                                                             
21-MAY-91 21-MAY-91                                                                                                                                                                                                                             
07-FEB-99 07-FEB-                                                                                                                                                                                                                               
16-NOV-99 16-NOV-                                                                                                                                                                                                                               
17-OCT-95 17-OCT-95                                                                                                                                                                                                                             
29-JAN-97 29-JAN-97                                                                                                                                                                                                                             
15-MAR-98 15-MAR-                                                                                                                                                                                                                               
09-JUL-98 09-JUL-                                                                                                                                                                                                                               
29-JAN-00 29-JAN-00                                                                                                                                                                                                                             
11-MAY-96 11-MAY-96                                                                                                                                                                                                                             
24-MAR-98 24-MAR-                                                                                                                                                                                                                               
24-MAY-99 24-MAY-                                                                                                                                                                                                                               
17-SEP-87 17-SEP-87                                                                                                                                                                                                                             
17-FEB-96 17-FEB-96                                                                                                                                                                                                                             
17-AUG-97 17-AUG-97                                                                                                                                                                                                                             
07-JUN-94 07-JUN-94                                                                                                                                                                                                                             
07-JUN-94 07-JUN-94                                                                                                                                                                                                                             

20 rows selected.

SQL> SELECT HIRE_DATE , RTRIM(HIRE_DATE,'98') FROM EMPLOYEES;

HIRE_DATE RTRIM(HIRE_DATE,'9                                                                                                                                                                                                                    
--------- ------------------                                                                                                                                                                                                                    
17-JUL-87 17-JUL-87                                                                                                                                                                                                                             
21-SEP-89 21-SEP-                                                                                                                                                                                                                               
13-JAN-93 13-JAN-93                                                                                                                                                                                                                             
03-JAN-90 03-JAN-90                                                                                                                                                                                                                             
21-MAY-91 21-MAY-91                                                                                                                                                                                                                             
07-FEB-99 07-FEB-                                                                                                                                                                                                                               
16-NOV-99 16-NOV-                                                                                                                                                                                                                               
17-OCT-95 17-OCT-95                                                                                                                                                                                                                             
29-JAN-97 29-JAN-97                                                                                                                                                                                                                             
15-MAR-98 15-MAR-                                                                                                                                                                                                                               
09-JUL-98 09-JUL-                                                                                                                                                                                                                               
29-JAN-00 29-JAN-00                                                                                                                                                                                                                             
11-MAY-96 11-MAY-96                                                                                                                                                                                                                             
24-MAR-98 24-MAR-                                                                                                                                                                                                                               
24-MAY-99 24-MAY-                                                                                                                                                                                                                               
17-SEP-87 17-SEP-87                                                                                                                                                                                                                             
17-FEB-96 17-FEB-96                                                                                                                                                                                                                             
17-AUG-97 17-AUG-97                                                                                                                                                                                                                             
07-JUN-94 07-JUN-94                                                                                                                                                                                                                             
07-JUN-94 07-JUN-94                                                                                                                                                                                                                             

20 rows selected.

SQL> SELECT FIRST_NAME , LENGTH(FIRST_NAME) FROM EMPLOYEES;

FIRST_NAME           LENGTH(FIRST_NAME)                                                                                                                                                                                                         
-------------------- ------------------                                                                                                                                                                                                         
Steven                                6                                                                                                                                                                                                         
Neena                                 5                                                                                                                                                                                                         
Lex                                   3                                                                                                                                                                                                         
Alexander                             9                                                                                                                                                                                                         
Bruce                                 5                                                                                                                                                                                                         
Diana                                 5                                                                                                                                                                                                         
Kevin                                 5                                                                                                                                                                                                         
Trenna                                6                                                                                                                                                                                                         
Curtis                                6                                                                                                                                                                                                         
Randall                               7                                                                                                                                                                                                         
Peter                                 5                                                                                                                                                                                                         
Eleni                                 5                                                                                                                                                                                                         
Ellen                                 5                                                                                                                                                                                                         
Jonathon                              8                                                                                                                                                                                                         
Kimerely                              8                                                                                                                                                                                                         
Jennifer                              8                                                                                                                                                                                                         
Michael                               7                                                                                                                                                                                                         
Pat                                   3                                                                                                                                                                                                         
Shelley                               7                                                                                                                                                                                                         
William                               7                                                                                                                                                                                                         

20 rows selected.

SQL> SELECT SALARY , LENGTH(SALARY) FROM EMPLOYEES;

    SALARY LENGTH(SALARY)                                                                                                                                                                                                                       
---------- --------------                                                                                                                                                                                                                       
     24000              5                                                                                                                                                                                                                       
     17000              5                                                                                                                                                                                                                       
     17000              5                                                                                                                                                                                                                       
      9000              4                                                                                                                                                                                                                       
      6000              4                                                                                                                                                                                                                       
      4200              4                                                                                                                                                                                                                       
      5800              4                                                                                                                                                                                                                       
      3500              4                                                                                                                                                                                                                       
      3100              4                                                                                                                                                                                                                       
      2600              4                                                                                                                                                                                                                       
      2500              4                                                                                                                                                                                                                       
     10500              5                                                                                                                                                                                                                       
     11000              5                                                                                                                                                                                                                       
      8600              4                                                                                                                                                                                                                       
      7000              4                                                                                                                                                                                                                       
      4400              4                                                                                                                                                                                                                       
     13000              5                                                                                                                                                                                                                       
      6000              4                                                                                                                                                                                                                       
     12000              5                                                                                                                                                                                                                       
      8300              4                                                                                                                                                                                                                       

20 rows selected.

SQL> SELECT HIRE_DATE , LENGTH(HIRE_DATE) FROM EMPLOYEES;

HIRE_DATE LENGTH(HIRE_DATE)                                                                                                                                                                                                                     
--------- -----------------                                                                                                                                                                                                                     
17-JUL-87                 9                                                                                                                                                                                                                     
21-SEP-89                 9                                                                                                                                                                                                                     
13-JAN-93                 9                                                                                                                                                                                                                     
03-JAN-90                 9                                                                                                                                                                                                                     
21-MAY-91                 9                                                                                                                                                                                                                     
07-FEB-99                 9                                                                                                                                                                                                                     
16-NOV-99                 9                                                                                                                                                                                                                     
17-OCT-95                 9                                                                                                                                                                                                                     
29-JAN-97                 9                                                                                                                                                                                                                     
15-MAR-98                 9                                                                                                                                                                                                                     
09-JUL-98                 9                                                                                                                                                                                                                     
29-JAN-00                 9                                                                                                                                                                                                                     
11-MAY-96                 9                                                                                                                                                                                                                     
24-MAR-98                 9                                                                                                                                                                                                                     
24-MAY-99                 9                                                                                                                                                                                                                     
17-SEP-87                 9                                                                                                                                                                                                                     
17-FEB-96                 9                                                                                                                                                                                                                     
17-AUG-97                 9                                                                                                                                                                                                                     
07-JUN-94                 9                                                                                                                                                                                                                     
07-JUN-94                 9                                                                                                                                                                                                                     

20 rows selected.

SQL> REM DEFAULT DATE DISPLAY FORMAT : DD-MON-RR
SQL> 
SQL> SELECT * FROM NLS_SESSION_PARAMETERS;

PARAMETER                                                                                                                                                                                                                                       
------------------------------------------------------------------------------------------------------------------------                                                                                                                        
VALUE                                                                                                                                                                                                                                           
------------------------------------------------------------------------------------------------------------------------------------------------------------------------------------------------------------------------------------------------
NLS_LANGUAGE                                                                                                                                                                                                                                    
AMERICAN                                                                                                                                                                                                                                        
                                                                                                                                                                                                                                                
NLS_TERRITORY                                                                                                                                                                                                                                   
AMERICA                                                                                                                                                                                                                                         
                                                                                                                                                                                                                                                
NLS_CURRENCY                                                                                                                                                                                                                                    
$                                                                                                                                                                                                                                               
                                                                                                                                                                                                                                                
NLS_ISO_CURRENCY                                                                                                                                                                                                                                
AMERICA                                                                                                                                                                                                                                         
                                                                                                                                                                                                                                                
NLS_NUMERIC_CHARACTERS                                                                                                                                                                                                                          
.,                                                                                                                                                                                                                                              
                                                                                                                                                                                                                                                
NLS_CALENDAR                                                                                                                                                                                                                                    
GREGORIAN                                                                                                                                                                                                                                       
                                                                                                                                                                                                                                                
NLS_DATE_FORMAT                                                                                                                                                                                                                                 

PARAMETER                                                                                                                                                                                                                                       
------------------------------------------------------------------------------------------------------------------------                                                                                                                        
VALUE                                                                                                                                                                                                                                           
------------------------------------------------------------------------------------------------------------------------------------------------------------------------------------------------------------------------------------------------
DD-MON-RR                                                                                                                                                                                                                                       
                                                                                                                                                                                                                                                
NLS_DATE_LANGUAGE                                                                                                                                                                                                                               
AMERICAN                                                                                                                                                                                                                                        
                                                                                                                                                                                                                                                
NLS_SORT                                                                                                                                                                                                                                        
BINARY                                                                                                                                                                                                                                          
                                                                                                                                                                                                                                                
NLS_TIME_FORMAT                                                                                                                                                                                                                                 
HH.MI.SSXFF AM                                                                                                                                                                                                                                  
                                                                                                                                                                                                                                                
NLS_TIMESTAMP_FORMAT                                                                                                                                                                                                                            
DD-MON-RR HH.MI.SSXFF AM                                                                                                                                                                                                                        
                                                                                                                                                                                                                                                
NLS_TIME_TZ_FORMAT                                                                                                                                                                                                                              
HH.MI.SSXFF AM TZR                                                                                                                                                                                                                              
                                                                                                                                                                                                                                                
NLS_TIMESTAMP_TZ_FORMAT                                                                                                                                                                                                                         
DD-MON-RR HH.MI.SSXFF AM TZR                                                                                                                                                                                                                    

PARAMETER                                                                                                                                                                                                                                       
------------------------------------------------------------------------------------------------------------------------                                                                                                                        
VALUE                                                                                                                                                                                                                                           
------------------------------------------------------------------------------------------------------------------------------------------------------------------------------------------------------------------------------------------------
                                                                                                                                                                                                                                                
NLS_DUAL_CURRENCY                                                                                                                                                                                                                               
$                                                                                                                                                                                                                                               
                                                                                                                                                                                                                                                
NLS_COMP                                                                                                                                                                                                                                        
BINARY                                                                                                                                                                                                                                          
                                                                                                                                                                                                                                                
NLS_LENGTH_SEMANTICS                                                                                                                                                                                                                            
BYTE                                                                                                                                                                                                                                            
                                                                                                                                                                                                                                                
NLS_NCHAR_CONV_EXCP                                                                                                                                                                                                                             
FALSE                                                                                                                                                                                                                                           
                                                                                                                                                                                                                                                

17 rows selected.

SQL> COL PARAMETER FORMAT A40
SQL> COL VALUE FORMAT A40
SQL> /

PARAMETER                                VALUE                                                                                                                                                                                                  
---------------------------------------- ----------------------------------------                                                                                                                                                               
NLS_LANGUAGE                             AMERICAN                                                                                                                                                                                               
NLS_TERRITORY                            AMERICA                                                                                                                                                                                                
NLS_CURRENCY                             $                                                                                                                                                                                                      
NLS_ISO_CURRENCY                         AMERICA                                                                                                                                                                                                
NLS_NUMERIC_CHARACTERS                   .,                                                                                                                                                                                                     
NLS_CALENDAR                             GREGORIAN                                                                                                                                                                                              
NLS_DATE_FORMAT                          DD-MON-RR                                                                                                                                                                                              
NLS_DATE_LANGUAGE                        AMERICAN                                                                                                                                                                                               
NLS_SORT                                 BINARY                                                                                                                                                                                                 
NLS_TIME_FORMAT                          HH.MI.SSXFF AM                                                                                                                                                                                         
NLS_TIMESTAMP_FORMAT                     DD-MON-RR HH.MI.SSXFF AM                                                                                                                                                                               
NLS_TIME_TZ_FORMAT                       HH.MI.SSXFF AM TZR                                                                                                                                                                                     
NLS_TIMESTAMP_TZ_FORMAT                  DD-MON-RR HH.MI.SSXFF AM TZR                                                                                                                                                                           
NLS_DUAL_CURRENCY                        $                                                                                                                                                                                                      
NLS_COMP                                 BINARY                                                                                                                                                                                                 
NLS_LENGTH_SEMANTICS                     BYTE                                                                                                                                                                                                   
NLS_NCHAR_CONV_EXCP                      FALSE                                                                                                                                                                                                  

17 rows selected.

SQL> REM RR : Rounding yeaR
SQL> 
SQL> 
SQL> REM NLS : NATIONAL LANGUAGE SUPPORT
SQL> 
SQL> ALTER SESSION SET NLS_DATE_FORMAT = 'DD-MONTH-RRRR';

Session altered.

SQL> SELECT * FROM NLS_SESSION_PARAMETERS;

PARAMETER                                VALUE                                                                                                                                                                                                  
---------------------------------------- ----------------------------------------                                                                                                                                                               
NLS_LANGUAGE                             AMERICAN                                                                                                                                                                                               
NLS_TERRITORY                            AMERICA                                                                                                                                                                                                
NLS_CURRENCY                             $                                                                                                                                                                                                      
NLS_ISO_CURRENCY                         AMERICA                                                                                                                                                                                                
NLS_NUMERIC_CHARACTERS                   .,                                                                                                                                                                                                     
NLS_CALENDAR                             GREGORIAN                                                                                                                                                                                              
NLS_DATE_FORMAT                          DD-MONTH-RRRR                                                                                                                                                                                          
NLS_DATE_LANGUAGE                        AMERICAN                                                                                                                                                                                               
NLS_SORT                                 BINARY                                                                                                                                                                                                 
NLS_TIME_FORMAT                          HH.MI.SSXFF AM                                                                                                                                                                                         
NLS_TIMESTAMP_FORMAT                     DD-MON-RR HH.MI.SSXFF AM                                                                                                                                                                               
NLS_TIME_TZ_FORMAT                       HH.MI.SSXFF AM TZR                                                                                                                                                                                     
NLS_TIMESTAMP_TZ_FORMAT                  DD-MON-RR HH.MI.SSXFF AM TZR                                                                                                                                                                           
NLS_DUAL_CURRENCY                        $                                                                                                                                                                                                      
NLS_COMP                                 BINARY                                                                                                                                                                                                 
NLS_LENGTH_SEMANTICS                     BYTE                                                                                                                                                                                                   
NLS_NCHAR_CONV_EXCP                      FALSE                                                                                                                                                                                                  

17 rows selected.

SQL> SELECT HIRE_DATE , LENGTH(HIRE_DATE) FROM EMPLOYEES;

HIRE_DATE         LENGTH(HIRE_DATE)                                                                                                                                                                                                             
----------------- -----------------                                                                                                                                                                                                             
17-JULY     -1987                17                                                                                                                                                                                                             
21-SEPTEMBER-1989                17                                                                                                                                                                                                             
13-JANUARY  -1993                17                                                                                                                                                                                                             
03-JANUARY  -1990                17                                                                                                                                                                                                             
21-MAY      -1991                17                                                                                                                                                                                                             
07-FEBRUARY -1999                17                                                                                                                                                                                                             
16-NOVEMBER -1999                17                                                                                                                                                                                                             
17-OCTOBER  -1995                17                                                                                                                                                                                                             
29-JANUARY  -1997                17                                                                                                                                                                                                             
15-MARCH    -1998                17                                                                                                                                                                                                             
09-JULY     -1998                17                                                                                                                                                                                                             
29-JANUARY  -2000                17                                                                                                                                                                                                             
11-MAY      -1996                17                                                                                                                                                                                                             
24-MARCH    -1998                17                                                                                                                                                                                                             
24-MAY      -1999                17                                                                                                                                                                                                             
17-SEPTEMBER-1987                17                                                                                                                                                                                                             
17-FEBRUARY -1996                17                                                                                                                                                                                                             
17-AUGUST   -1997                17                                                                                                                                                                                                             
07-JUNE     -1994                17                                                                                                                                                                                                             
07-JUNE     -1994                17                                                                                                                                                                                                             

20 rows selected.

SQL> ALTER SESSION SET NLS_DATE_FORMAT = 'DD-FMMONTH-RRRR';

Session altered.

SQL> SELECT HIRE_DATE , LENGTH(HIRE_DATE) FROM EMPLOYEES;

HIRE_DATE         LENGTH(HIRE_DATE)                                                                                                                                                                                                             
----------------- -----------------                                                                                                                                                                                                             
17-JULY-1987                     12                                                                                                                                                                                                             
21-SEPTEMBER-1989                17                                                                                                                                                                                                             
13-JANUARY-1993                  15                                                                                                                                                                                                             
03-JANUARY-1990                  15                                                                                                                                                                                                             
21-MAY-1991                      11                                                                                                                                                                                                             
07-FEBRUARY-1999                 16                                                                                                                                                                                                             
16-NOVEMBER-1999                 16                                                                                                                                                                                                             
17-OCTOBER-1995                  15                                                                                                                                                                                                             
29-JANUARY-1997                  15                                                                                                                                                                                                             
15-MARCH-1998                    13                                                                                                                                                                                                             
09-JULY-1998                     12                                                                                                                                                                                                             
29-JANUARY-2000                  15                                                                                                                                                                                                             
11-MAY-1996                      11                                                                                                                                                                                                             
24-MARCH-1998                    13                                                                                                                                                                                                             
24-MAY-1999                      11                                                                                                                                                                                                             
17-SEPTEMBER-1987                17                                                                                                                                                                                                             
17-FEBRUARY-1996                 16                                                                                                                                                                                                             
17-AUGUST-1997                   14                                                                                                                                                                                                             
07-JUNE-1994                     12                                                                                                                                                                                                             
07-JUNE-1994                     12                                                                                                                                                                                                             

20 rows selected.

SQL> CONN SCOTT/TIGER
Connected.
SQL> SELECT * FROM NLS_SESSION_PARAMETERS;

PARAMETER                                VALUE                                                                                                                                                                                                  
---------------------------------------- ----------------------------------------                                                                                                                                                               
NLS_LANGUAGE                             AMERICAN                                                                                                                                                                                               
NLS_TERRITORY                            AMERICA                                                                                                                                                                                                
NLS_CURRENCY                             $                                                                                                                                                                                                      
NLS_ISO_CURRENCY                         AMERICA                                                                                                                                                                                                
NLS_NUMERIC_CHARACTERS                   .,                                                                                                                                                                                                     
NLS_CALENDAR                             GREGORIAN                                                                                                                                                                                              
NLS_DATE_FORMAT                          DD-MON-RR                                                                                                                                                                                              
NLS_DATE_LANGUAGE                        AMERICAN                                                                                                                                                                                               
NLS_SORT                                 BINARY                                                                                                                                                                                                 
NLS_TIME_FORMAT                          HH.MI.SSXFF AM                                                                                                                                                                                         
NLS_TIMESTAMP_FORMAT                     DD-MON-RR HH.MI.SSXFF AM                                                                                                                                                                               
NLS_TIME_TZ_FORMAT                       HH.MI.SSXFF AM TZR                                                                                                                                                                                     
NLS_TIMESTAMP_TZ_FORMAT                  DD-MON-RR HH.MI.SSXFF AM TZR                                                                                                                                                                           
NLS_DUAL_CURRENCY                        $                                                                                                                                                                                                      
NLS_COMP                                 BINARY                                                                                                                                                                                                 
NLS_LENGTH_SEMANTICS                     BYTE                                                                                                                                                                                                   
NLS_NCHAR_CONV_EXCP                      FALSE                                                                                                                                                                                                  

17 rows selected.

SQL> SELECT HIRE_DATE , LENGTH(HIRE_DATE) FROM EMPLOYEES;

HIRE_DATE LENGTH(HIRE_DATE)                                                                                                                                                                                                                     
--------- -----------------                                                                                                                                                                                                                     
17-JUL-87                 9                                                                                                                                                                                                                     
21-SEP-89                 9                                                                                                                                                                                                                     
13-JAN-93                 9                                                                                                                                                                                                                     
03-JAN-90                 9                                                                                                                                                                                                                     
21-MAY-91                 9                                                                                                                                                                                                                     
07-FEB-99                 9                                                                                                                                                                                                                     
16-NOV-99                 9                                                                                                                                                                                                                     
17-OCT-95                 9                                                                                                                                                                                                                     
29-JAN-97                 9                                                                                                                                                                                                                     
15-MAR-98                 9                                                                                                                                                                                                                     
09-JUL-98                 9                                                                                                                                                                                                                     
29-JAN-00                 9                                                                                                                                                                                                                     
11-MAY-96                 9                                                                                                                                                                                                                     
24-MAR-98                 9                                                                                                                                                                                                                     
24-MAY-99                 9                                                                                                                                                                                                                     
17-SEP-87                 9                                                                                                                                                                                                                     
17-FEB-96                 9                                                                                                                                                                                                                     
17-AUG-97                 9                                                                                                                                                                                                                     
07-JUN-94                 9                                                                                                                                                                                                                     
07-JUN-94                 9                                                                                                                                                                                                                     

20 rows selected.

SQL> SELECT REPLACE('ORACLE','O','MI') FROM DUAL;

REPLACE                                                                                                                                                                                                                                         
-------                                                                                                                                                                                                                                         
MIRACLE                                                                                                                                                                                                                                         

SQL> SELECT REPLACE('BHARATI','I') FROM DUAL;

REPLAC                                                                                                                                                                                                                                          
------                                                                                                                                                                                                                                          
BHARAT                                                                                                                                                                                                                                          

SQL> SELECT TRANSLATE(HIRE_DATE,'-0123456789','          ') FROM DUAL;
SELECT TRANSLATE(HIRE_DATE,'-0123456789','          ') FROM DUAL
                 *
ERROR at line 1:
ORA-00904: "HIRE_DATE": invalid identifier 


SQL> SELECT TRANSLATE(HIRE_DATE,'-0123456789','          ') FROM EMPLOYEES;

TRANSLATE(HIRE_DATE,'-0123456789','')                                                                                                                                                                                                           
------------------------------------------------------------------------                                                                                                                                                                        
   JUL                                                                                                                                                                                                                                          
   SEP                                                                                                                                                                                                                                          
   JAN                                                                                                                                                                                                                                          
   JAN                                                                                                                                                                                                                                          
   MAY                                                                                                                                                                                                                                          
   FEB                                                                                                                                                                                                                                          
   NOV                                                                                                                                                                                                                                          
   OCT                                                                                                                                                                                                                                          
  JAN                                                                                                                                                                                                                                           
   MAR                                                                                                                                                                                                                                          
  JUL                                                                                                                                                                                                                                           
  JAN                                                                                                                                                                                                                                           
   MAY                                                                                                                                                                                                                                          
   MAR                                                                                                                                                                                                                                          
   MAY                                                                                                                                                                                                                                          
   SEP                                                                                                                                                                                                                                          
   FEB                                                                                                                                                                                                                                          
   AUG                                                                                                                                                                                                                                          
   JUN                                                                                                                                                                                                                                          
   JUN                                                                                                                                                                                                                                          

20 rows selected.

SQL> SELECT TRANSLATE(HIRE_DATE,'-0123456789','           ') FROM EMPLOYEES;

TRANSLATE(HIRE_DATE,'-0123456789','')                                                                                                                                                                                                           
------------------------------------------------------------------------                                                                                                                                                                        
   JUL                                                                                                                                                                                                                                          
   SEP                                                                                                                                                                                                                                          
   JAN                                                                                                                                                                                                                                          
   JAN                                                                                                                                                                                                                                          
   MAY                                                                                                                                                                                                                                          
   FEB                                                                                                                                                                                                                                          
   NOV                                                                                                                                                                                                                                          
   OCT                                                                                                                                                                                                                                          
   JAN                                                                                                                                                                                                                                          
   MAR                                                                                                                                                                                                                                          
   JUL                                                                                                                                                                                                                                          
   JAN                                                                                                                                                                                                                                          
   MAY                                                                                                                                                                                                                                          
   MAR                                                                                                                                                                                                                                          
   MAY                                                                                                                                                                                                                                          
   SEP                                                                                                                                                                                                                                          
   FEB                                                                                                                                                                                                                                          
   AUG                                                                                                                                                                                                                                          
   JUN                                                                                                                                                                                                                                          
   JUN                                                                                                                                                                                                                                          

20 rows selected.

SQL> SELECT TRANSLATE(HIRE_DATE,'-0123456789','      ') FROM EMPLOYEES;

TRANSLATE(HIRE_DATE,'-0123456789','')                                                                                                                                                                                                           
------------------------------------------------------------------------                                                                                                                                                                        
  JUL                                                                                                                                                                                                                                           
   SEP                                                                                                                                                                                                                                          
   JAN                                                                                                                                                                                                                                          
   JAN                                                                                                                                                                                                                                          
   MAY                                                                                                                                                                                                                                          
  FEB                                                                                                                                                                                                                                           
  NOV                                                                                                                                                                                                                                           
  OCT                                                                                                                                                                                                                                           
  JAN                                                                                                                                                                                                                                           
  MAR                                                                                                                                                                                                                                           
  JUL                                                                                                                                                                                                                                           
  JAN                                                                                                                                                                                                                                           
   MAY                                                                                                                                                                                                                                          
   MAR                                                                                                                                                                                                                                          
   MAY                                                                                                                                                                                                                                          
  SEP                                                                                                                                                                                                                                           
  FEB                                                                                                                                                                                                                                           
  AUG                                                                                                                                                                                                                                           
  JUN                                                                                                                                                                                                                                           
  JUN                                                                                                                                                                                                                                           

20 rows selected.

SQL> SELECT SUBSTR('LaxmanShivRamKrishnan',1,6) FROM DUAL;

SUBSTR                                                                                                                                                                                                                                          
------                                                                                                                                                                                                                                          
Laxman                                                                                                                                                                                                                                          

SQL> SELECT SUBSTR('LaxmanShivRamKrishnan',7,4) FROM DUAL;

SUBS                                                                                                                                                                                                                                            
----                                                                                                                                                                                                                                            
Shiv                                                                                                                                                                                                                                            

SQL> SELECT SUBSTR('LaxmanShivRamKrishnan',11,3) FROM DUAL;

SUB                                                                                                                                                                                                                                             
---                                                                                                                                                                                                                                             
Ram                                                                                                                                                                                                                                             

SQL> SELECT SUBSTR('LaxmanShivRamKrishnan',14) FROM DUAL;

SUBSTR('                                                                                                                                                                                                                                        
--------                                                                                                                                                                                                                                        
Krishnan                                                                                                                                                                                                                                        

SQL> SELECT SUBSTR('LaxmanShivRamKrishnan',14,7) FROM DUAL;

SUBSTR(                                                                                                                                                                                                                                         
-------                                                                                                                                                                                                                                         
Krishna                                                                                                                                                                                                                                         

SQL> SELECT SUBSTR('LaxmanShivRamKrishnan',14,5) FROM DUAL;

SUBST                                                                                                                                                                                                                                           
-----                                                                                                                                                                                                                                           
Krish                                                                                                                                                                                                                                           

SQL> SELECT SUBSTR('LaxmanShivRamKrishnan',-11,3) FROM DUAL;

SUB                                                                                                                                                                                                                                             
---                                                                                                                                                                                                                                             
Ram                                                                                                                                                                                                                                             

SQL> SELECT SUBSTR('LaxmanShivRamKrishnan',-15,4) FROM DUAL;

SUBS                                                                                                                                                                                                                                            
----                                                                                                                                                                                                                                            
Shiv                                                                                                                                                                                                                                            

SQL> SELECT INSTR('NEELKAMAL','L') FROM DUAL;

INSTR('NEELKAMAL','L')                                                                                                                                                                                                                          
----------------------                                                                                                                                                                                                                          
                     4                                                                                                                                                                                                                          

SQL> SELECT INSTR('NEELKAMAL','L',5) FROM DUAL;

INSTR('NEELKAMAL','L',5)                                                                                                                                                                                                                        
------------------------                                                                                                                                                                                                                        
                       9                                                                                                                                                                                                                        

SQL> SELECT INSTR('NEELKAMAL','L',2,2) FROM DUAL;

INSTR('NEELKAMAL','L',2,2)                                                                                                                                                                                                                      
--------------------------                                                                                                                                                                                                                      
                         9                                                                                                                                                                                                                      

SQL> SELECT INSTR('NEELKAMAL','L',4,2) FROM DUAL;

INSTR('NEELKAMAL','L',4,2)                                                                                                                                                                                                                      
--------------------------                                                                                                                                                                                                                      
                         9                                                                                                                                                                                                                      

SQL> SELECT INSTR('NEELKAMAL','L',5,2) FROM DUAL;

INSTR('NEELKAMAL','L',5,2)                                                                                                                                                                                                                      
--------------------------                                                                                                                                                                                                                      
                         0                                                                                                                                                                                                                      

SQL> SELECT INSTR('NEELKAMAL','X') FROM DUAL;

INSTR('NEELKAMAL','X')                                                                                                                                                                                                                          
----------------------                                                                                                                                                                                                                          
                     0                                                                                                                                                                                                                          

SQL> SELECT INSTR('NEELKAMAL','A',-1) FROM DUAL;

INSTR('NEELKAMAL','A',-1)                                                                                                                                                                                                                       
-------------------------                                                                                                                                                                                                                       
                        8                                                                                                                                                                                                                       

SQL> SELECT INSTR('NEELKAMAL','A',-3) FROM DUAL;

INSTR('NEELKAMAL','A',-3)                                                                                                                                                                                                                       
-------------------------                                                                                                                                                                                                                       
                        6                                                                                                                                                                                                                       

SQL> SELECT INSTR('NEELKAMAL','A',-6) FROM DUAL;

INSTR('NEELKAMAL','A',-6)                                                                                                                                                                                                                       
-------------------------                                                                                                                                                                                                                       
                        0                                                                                                                                                                                                                       

SQL> SPOOL OFF
