SQL> 
SQL> CL SCR

SQL> SELECT HIRE_DATE FROM EMPLOYEES;

HIRE_DATE                                                                       
---------                                                                       
17-JUL-87                                                                       
21-SEP-89                                                                       
13-JAN-93                                                                       
03-JAN-90                                                                       
21-MAY-91                                                                       
07-FEB-99                                                                       
16-NOV-99                                                                       
17-OCT-95                                                                       
29-JAN-97                                                                       
15-MAR-98                                                                       
09-JUL-98                                                                       

HIRE_DATE                                                                       
---------                                                                       
29-JAN-00                                                                       
11-MAY-96                                                                       
24-MAR-98                                                                       
24-MAY-99                                                                       
17-SEP-87                                                                       
17-FEB-96                                                                       
17-AUG-97                                                                       
07-JUN-94                                                                       
07-JUN-94                                                                       

20 rows selected.

SQL> SET LINES 240 PAGES 24
SQL> 
SQL> /

HIRE_DATE                                                                                                                                                                                                                                       
---------                                                                                                                                                                                                                                       
17-JUL-87                                                                                                                                                                                                                                       
21-SEP-89                                                                                                                                                                                                                                       
13-JAN-93                                                                                                                                                                                                                                       
03-JAN-90                                                                                                                                                                                                                                       
21-MAY-91                                                                                                                                                                                                                                       
07-FEB-99                                                                                                                                                                                                                                       
16-NOV-99                                                                                                                                                                                                                                       
17-OCT-95                                                                                                                                                                                                                                       
29-JAN-97                                                                                                                                                                                                                                       
15-MAR-98                                                                                                                                                                                                                                       
09-JUL-98                                                                                                                                                                                                                                       
29-JAN-00                                                                                                                                                                                                                                       
11-MAY-96                                                                                                                                                                                                                                       
24-MAR-98                                                                                                                                                                                                                                       
24-MAY-99                                                                                                                                                                                                                                       
17-SEP-87                                                                                                                                                                                                                                       
17-FEB-96                                                                                                                                                                                                                                       
17-AUG-97                                                                                                                                                                                                                                       
07-JUN-94                                                                                                                                                                                                                                       
07-JUN-94                                                                                                                                                                                                                                       

20 rows selected.

SQL> SELECT HIRE_DATE , TRANSLATE(HIRE_DATE,'-0123456789','          ') FROM EMPLOYEES;

HIRE_DATE TRANSLATE(HIRE_DATE,'-0123456789','')                                                                                                                                                                                                 
--------- ------------------------------------------------------------------------                                                                                                                                                              
17-JUL-87    JUL                                                                                                                                                                                                                                
21-SEP-89    SEP                                                                                                                                                                                                                                
13-JAN-93    JAN                                                                                                                                                                                                                                
03-JAN-90    JAN                                                                                                                                                                                                                                
21-MAY-91    MAY                                                                                                                                                                                                                                
07-FEB-99    FEB                                                                                                                                                                                                                                
16-NOV-99    NOV                                                                                                                                                                                                                                
17-OCT-95    OCT                                                                                                                                                                                                                                
29-JAN-97   JAN                                                                                                                                                                                                                                 
15-MAR-98    MAR                                                                                                                                                                                                                                
09-JUL-98   JUL                                                                                                                                                                                                                                 
29-JAN-00   JAN                                                                                                                                                                                                                                 
11-MAY-96    MAY                                                                                                                                                                                                                                
24-MAR-98    MAR                                                                                                                                                                                                                                
24-MAY-99    MAY                                                                                                                                                                                                                                
17-SEP-87    SEP                                                                                                                                                                                                                                
17-FEB-96    FEB                                                                                                                                                                                                                                
17-AUG-97    AUG                                                                                                                                                                                                                                
07-JUN-94    JUN                                                                                                                                                                                                                                
07-JUN-94    JUN                                                                                                                                                                                                                                

20 rows selected.

SQL> SELECT HIRE_DATE , TRANSLATE(HIRE_DATE,'-ABCDEFGHIJKLMNOPQRSTUVWXYZ',RPAD(' ',27)) FROM EMPLOYEES;

HIRE_DATE TRANSLATE(HIRE_DATE,'-ABCDEFGHIJKLMNOPQRSTUVWXYZ',RPAD('',27))                                                                                                                                                                        
--------- ------------------------------------------------------------------------                                                                                                                                                              
17-JUL-87 17     87                                                                                                                                                                                                                             
21-SEP-89 21     89                                                                                                                                                                                                                             
13-JAN-93 13     93                                                                                                                                                                                                                             
03-JAN-90 03     90                                                                                                                                                                                                                             
21-MAY-91 21     91                                                                                                                                                                                                                             
07-FEB-99 07     99                                                                                                                                                                                                                             
16-NOV-99 16     99                                                                                                                                                                                                                             
17-OCT-95 17     95                                                                                                                                                                                                                             
29-JAN-97 29     97                                                                                                                                                                                                                             
15-MAR-98 15     98                                                                                                                                                                                                                             
09-JUL-98 09     98                                                                                                                                                                                                                             
29-JAN-00 29     00                                                                                                                                                                                                                             
11-MAY-96 11     96                                                                                                                                                                                                                             
24-MAR-98 24     98                                                                                                                                                                                                                             
24-MAY-99 24     99                                                                                                                                                                                                                             
17-SEP-87 17     87                                                                                                                                                                                                                             
17-FEB-96 17     96                                                                                                                                                                                                                             
17-AUG-97 17     97                                                                                                                                                                                                                             
07-JUN-94 07     94                                                                                                                                                                                                                             
07-JUN-94 07     94                                                                                                                                                                                                                             

20 rows selected.

SQL> SELECT HIRE_DATE , REPLACE(TRANSLATE(HIRE_DATE,'-ABCDEFGHIJKLMNOPQRSTUVWXYZ',RPAD(' ',27)),'     ') FROM EMPLOYEES;

HIRE_DATE REPLACE(TRANSLATE(HIRE_DATE,'-ABCDEFGHIJKLMNOPQRSTUVWXYZ',RPAD('',27)),'                                                                                                                                                              
--------- ------------------------------------------------------------------------                                                                                                                                                              
17-JUL-87 1787                                                                                                                                                                                                                                  
21-SEP-89 2189                                                                                                                                                                                                                                  
13-JAN-93 1393                                                                                                                                                                                                                                  
03-JAN-90 0390                                                                                                                                                                                                                                  
21-MAY-91 2191                                                                                                                                                                                                                                  
07-FEB-99 0799                                                                                                                                                                                                                                  
16-NOV-99 1699                                                                                                                                                                                                                                  
17-OCT-95 1795                                                                                                                                                                                                                                  
29-JAN-97 2997                                                                                                                                                                                                                                  
15-MAR-98 1598                                                                                                                                                                                                                                  
09-JUL-98 0998                                                                                                                                                                                                                                  
29-JAN-00 2900                                                                                                                                                                                                                                  
11-MAY-96 1196                                                                                                                                                                                                                                  
24-MAR-98 2498                                                                                                                                                                                                                                  
24-MAY-99 2499                                                                                                                                                                                                                                  
17-SEP-87 1787                                                                                                                                                                                                                                  
17-FEB-96 1796                                                                                                                                                                                                                                  
17-AUG-97 1797                                                                                                                                                                                                                                  
07-JUN-94 0794                                                                                                                                                                                                                                  
07-JUN-94 0794                                                                                                                                                                                                                                  

20 rows selected.

SQL> SELECT HIRE_DATE , SUBSTR(HIRE_DATE,1,2) || SUBSTR(HIRE_DATE,-2) FROM EMPLOYEES;

HIRE_DATE SUBSTR(HIRE_DATE                                                                                                                                                                                                                      
--------- ----------------                                                                                                                                                                                                                      
17-JUL-87 1787                                                                                                                                                                                                                                  
21-SEP-89 2189                                                                                                                                                                                                                                  
13-JAN-93 1393                                                                                                                                                                                                                                  
03-JAN-90 0390                                                                                                                                                                                                                                  
21-MAY-91 2191                                                                                                                                                                                                                                  
07-FEB-99 0799                                                                                                                                                                                                                                  
16-NOV-99 1699                                                                                                                                                                                                                                  
17-OCT-95 1795                                                                                                                                                                                                                                  
29-JAN-97 2997                                                                                                                                                                                                                                  
15-MAR-98 1598                                                                                                                                                                                                                                  
09-JUL-98 0998                                                                                                                                                                                                                                  
29-JAN-00 2900                                                                                                                                                                                                                                  
11-MAY-96 1196                                                                                                                                                                                                                                  
24-MAR-98 2498                                                                                                                                                                                                                                  
24-MAY-99 2499                                                                                                                                                                                                                                  
17-SEP-87 1787                                                                                                                                                                                                                                  
17-FEB-96 1796                                                                                                                                                                                                                                  
17-AUG-97 1797                                                                                                                                                                                                                                  
07-JUN-94 0794                                                                                                                                                                                                                                  
07-JUN-94 0794                                                                                                                                                                                                                                  

20 rows selected.

SQL> CL SCR

SQL> REM NUMBER FUNCTIONS : POWER SQRT FLOOR CEIL TRUNC ROUND
SQL> 
SQL> SELECT POWER(4,2) FROM DUAL;

POWER(4,2)                                                                                                                                                                                                                                      
----------                                                                                                                                                                                                                                      
        16                                                                                                                                                                                                                                      

SQL> SELECT POWER(64,1/2) FROM DUAL;

POWER(64,1/2)                                                                                                                                                                                                                                   
-------------                                                                                                                                                                                                                                   
            8                                                                                                                                                                                                                                   

SQL> SELECT SQRT(36) FROM DUAL;

  SQRT(36)                                                                                                                                                                                                                                      
----------                                                                                                                                                                                                                                      
         6                                                                                                                                                                                                                                      

SQL> SELECT SQRT(324) FROM DUAL;

 SQRT(324)                                                                                                                                                                                                                                      
----------                                                                                                                                                                                                                                      
        18                                                                                                                                                                                                                                      

SQL> SELECT SQRT(625) FROM DUAL;

 SQRT(625)                                                                                                                                                                                                                                      
----------                                                                                                                                                                                                                                      
        25                                                                                                                                                                                                                                      

SQL> SELECT SQRT(10) FROM DUAL;

  SQRT(10)                                                                                                                                                                                                                                      
----------                                                                                                                                                                                                                                      
3.16227766                                                                                                                                                                                                                                      

SQL> SELECT SQRT(-10) FROM DUAL;
SELECT SQRT(-10) FROM DUAL
            *
ERROR at line 1:
ORA-01428: argument '-10' is out of range 


SQL> SELECT POWER(-3,2) FROM DUAL;

POWER(-3,2)                                                                                                                                                                                                                                     
-----------                                                                                                                                                                                                                                     
          9                                                                                                                                                                                                                                     

SQL> SELECT POWER(-3,3) FROM DUAL;

POWER(-3,3)                                                                                                                                                                                                                                     
-----------                                                                                                                                                                                                                                     
        -27                                                                                                                                                                                                                                     

SQL> SELECT CEIL(4.6) FROM DUAL
  2  ;

 CEIL(4.6)                                                                                                                                                                                                                                      
----------                                                                                                                                                                                                                                      
         5                                                                                                                                                                                                                                      

SQL> SELECT FLOOR(4.6) FROM DUAL;

FLOOR(4.6)                                                                                                                                                                                                                                      
----------                                                                                                                                                                                                                                      
         4                                                                                                                                                                                                                                      

SQL> SELECT CEIL(-4.6) FROM DUAL;

CEIL(-4.6)                                                                                                                                                                                                                                      
----------                                                                                                                                                                                                                                      
        -4                                                                                                                                                                                                                                      

SQL> SELECT FLOOR(-4.6) FROM DUAL;

FLOOR(-4.6)                                                                                                                                                                                                                                     
-----------                                                                                                                                                                                                                                     
         -5                                                                                                                                                                                                                                     

SQL> SELECT TRUNC(4.6) FROM DUAL;

TRUNC(4.6)                                                                                                                                                                                                                                      
----------                                                                                                                                                                                                                                      
         4                                                                                                                                                                                                                                      

SQL> SELECT TRUNC(4.99) FROM DUAL;

TRUNC(4.99)                                                                                                                                                                                                                                     
-----------                                                                                                                                                                                                                                     
          4                                                                                                                                                                                                                                     

SQL> SELECT TRUNC(4) FROM DUAL;

  TRUNC(4)                                                                                                                                                                                                                                      
----------                                                                                                                                                                                                                                      
         4                                                                                                                                                                                                                                      

SQL> SELECT ROUND(4) FROM DUAL;

  ROUND(4)                                                                                                                                                                                                                                      
----------                                                                                                                                                                                                                                      
         4                                                                                                                                                                                                                                      

SQL> SELECT ROUND(4.49) FROM DUAL;

ROUND(4.49)                                                                                                                                                                                                                                     
-----------                                                                                                                                                                                                                                     
          4                                                                                                                                                                                                                                     

SQL> SELECT ROUND(4.5) FROM DUAL;

ROUND(4.5)                                                                                                                                                                                                                                      
----------                                                                                                                                                                                                                                      
         5                                                                                                                                                                                                                                      

SQL> SELECT ROUND(4.99) FROM DUAL;

ROUND(4.99)                                                                                                                                                                                                                                     
-----------                                                                                                                                                                                                                                     
          5                                                                                                                                                                                                                                     

SQL> SELECT TRUNC(2683.62) FROM DUAL;

TRUNC(2683.62)                                                                                                                                                                                                                                  
--------------                                                                                                                                                                                                                                  
          2683                                                                                                                                                                                                                                  

SQL> SELECT ROUND(2683.62) FROM DUAL;

ROUND(2683.62)                                                                                                                                                                                                                                  
--------------                                                                                                                                                                                                                                  
          2684                                                                                                                                                                                                                                  

SQL> SELECT TRUNC(2683.62,0) FROM DUAL;

TRUNC(2683.62,0)                                                                                                                                                                                                                                
----------------                                                                                                                                                                                                                                
            2683                                                                                                                                                                                                                                

SQL> SELECT ROUND(2683.62,0) FROM DUAL;

ROUND(2683.62,0)                                                                                                                                                                                                                                
----------------                                                                                                                                                                                                                                
            2684                                                                                                                                                                                                                                

SQL> SELECT TRUNC(2683.62,1) FROM DUAL;

TRUNC(2683.62,1)                                                                                                                                                                                                                                
----------------                                                                                                                                                                                                                                
          2683.6                                                                                                                                                                                                                                

SQL> SELECT TRUNC(2683.62,2) FROM DUAL;

TRUNC(2683.62,2)                                                                                                                                                                                                                                
----------------                                                                                                                                                                                                                                
         2683.62                                                                                                                                                                                                                                

SQL> SELECT TRUNC(2683.62,3) FROM DUAL;

TRUNC(2683.62,3)                                                                                                                                                                                                                                
----------------                                                                                                                                                                                                                                
         2683.62                                                                                                                                                                                                                                

SQL> SELECT TRUNC(2683.62,-1) FROM DUAL;

TRUNC(2683.62,-1)                                                                                                                                                                                                                               
-----------------                                                                                                                                                                                                                               
             2680                                                                                                                                                                                                                               

SQL> SELECT TRUNC(2683.62,-2) FROM DUAL;

TRUNC(2683.62,-2)                                                                                                                                                                                                                               
-----------------                                                                                                                                                                                                                               
             2600                                                                                                                                                                                                                               

SQL> SELECT TRUNC(2683.62,-3) FROM DUAL;

TRUNC(2683.62,-3)                                                                                                                                                                                                                               
-----------------                                                                                                                                                                                                                               
             2000                                                                                                                                                                                                                               

SQL> SELECT TRUNC(2683.62,-4) FROM DUAL;

TRUNC(2683.62,-4)                                                                                                                                                                                                                               
-----------------                                                                                                                                                                                                                               
                0                                                                                                                                                                                                                               

SQL> SELECT ROUND2683.62,1) FROM DUAL;
SELECT ROUND2683.62,1) FROM DUAL
                *
ERROR at line 1:
ORA-00923: FROM keyword not found where expected 


SQL> SELECT ROUND(2683.62,1) FROM DUAL;

ROUND(2683.62,1)                                                                                                                                                                                                                                
----------------                                                                                                                                                                                                                                
          2683.6                                                                                                                                                                                                                                

SQL> SELECT ROUND(2683.66,1) FROM DUAL;

ROUND(2683.66,1)                                                                                                                                                                                                                                
----------------                                                                                                                                                                                                                                
          2683.7                                                                                                                                                                                                                                

SQL> SELECT ROUND(2683.66) FROM DUAL;

ROUND(2683.66)                                                                                                                                                                                                                                  
--------------                                                                                                                                                                                                                                  
          2684                                                                                                                                                                                                                                  

SQL> SELECT ROUND(2683.66,-1) FROM DUAL;

ROUND(2683.66,-1)                                                                                                                                                                                                                               
-----------------                                                                                                                                                                                                                               
             2680                                                                                                                                                                                                                               

SQL> SELECT ROUND(2686.66,-1) FROM DUAL;

ROUND(2686.66,-1)                                                                                                                                                                                                                               
-----------------                                                                                                                                                                                                                               
             2690                                                                                                                                                                                                                               

SQL> SELECT ROUND(2686.66,-2) FROM DUAL;

ROUND(2686.66,-2)                                                                                                                                                                                                                               
-----------------                                                                                                                                                                                                                               
             2700                                                                                                                                                                                                                               

SQL> SELECT ROUND(2686.66,-3) FROM DUAL;

ROUND(2686.66,-3)                                                                                                                                                                                                                               
-----------------                                                                                                                                                                                                                               
             3000                                                                                                                                                                                                                               

SQL> SELECT ROUND(2686.66,-4) FROM DUAL;

ROUND(2686.66,-4)                                                                                                                                                                                                                               
-----------------                                                                                                                                                                                                                               
                0                                                                                                                                                                                                                               

SQL> SELECT ROUND(5686.66,-4) FROM DUAL;

ROUND(5686.66,-4)                                                                                                                                                                                                                               
-----------------                                                                                                                                                                                                                               
            10000                                                                                                                                                                                                                               

SQL> SELECT TRUNC(67,-2) FROM DUAL;

TRUNC(67,-2)                                                                                                                                                                                                                                    
------------                                                                                                                                                                                                                                    
           0                                                                                                                                                                                                                                    

SQL> SELECT ROUND(67,-2) FROM DUAL;

ROUND(67,-2)                                                                                                                                                                                                                                    
------------                                                                                                                                                                                                                                    
         100                                                                                                                                                                                                                                    

SQL> REM DATE DEFAULT FORMAT : DD-MON-RR
SQL> 
SQL> REM DATE IS STORED USING 7 DIFFERENT VALUES.
SQL> 
SQL> REM CENTURY YEAR MONTH DATE HOUR(24) MINUTE SECOND
SQL> 
SQL> REM WE CAN ADD / SUBTRACT ALL ABOVE INTERVALS INTO DATE
SQL> 
SQL> REM DATE FUNCTIONS : SYSDATE , CURRENT_DATE , ADD_MONTHS , MONTHS_BETWEEN , LAST_DAY , NEXT_DAY , TRUNC , ROUND
SQL> 
SQL> SELECT SYSDATE FROM DUAL;

SYSDATE                                                                                                                                                                                                                                         
---------                                                                                                                                                                                                                                       
28-FEB-21                                                                                                                                                                                                                                       

SQL> REM SYSDATE RETURNS SERVER DATE
SQL> 
SQL> SELECT CURRENT_DATE FROM DUAL;

CURRENT_D                                                                                                                                                                                                                                       
---------                                                                                                                                                                                                                                       
28-FEB-21                                                                                                                                                                                                                                       

SQL> REM CURRENT/LOCAL MACHINE'S DATE
SQL> 
SQL> SELECT SYSDATE , SYSDATE + 3 , SYSDATE -5 FROM DUAL;

SYSDATE   SYSDATE+3 SYSDATE-5                                                                                                                                                                                                                   
--------- --------- ---------                                                                                                                                                                                                                   
28-FEB-21 03-MAR-21 23-FEB-21                                                                                                                                                                                                                   

SQL> REM 1 DAY = 24 HOURS = 1440 MINUTES = 86400 SECONDS
SQL> 
SQL> REM 1 DAY = 24 HOURS = 24 * 60 MINUTES = 24 * 60 * 60 SECONDS
SQL> 
SQL> SELECT SYSDATE , SYSDATE + (3/24) , SYSDATE - (5/24) FROM DUAL;

SYSDATE   SYSDATE+( SYSDATE-(                                                                                                                                                                                                                   
--------- --------- ---------                                                                                                                                                                                                                   
28-FEB-21 28-FEB-21 28-FEB-21                                                                                                                                                                                                                   

SQL> SELECT * FROM NLS_SESSION_PARAMETERS;

PARAMETER                                                                                                                                                                                                                                       
------------------------------------------------------------------------------------------------------------------------                                                                                                                        
VALUE                                                                                                                                                                                                                                           
------------------------------------------------------------------------------------------------------------------------------------------------------------------------------------------------------------------------------------------------
NLS_LANGUAGE                                                                                                                                                                                                                                    
AMERICAN                                                                                                                                                                                                                                        
                                                                                                                                                                                                                                                
NLS_TERRITORY                                                                                                                                                                                                                                   
AMERICA                                                                                                                                                                                                                                         
                                                                                                                                                                                                                                                
NLS_CURRENCY                                                                                                                                                                                                                                    
$                                                                                                                                                                                                                                               
                                                                                                                                                                                                                                                
NLS_ISO_CURRENCY                                                                                                                                                                                                                                
AMERICA                                                                                                                                                                                                                                         
                                                                                                                                                                                                                                                
NLS_NUMERIC_CHARACTERS                                                                                                                                                                                                                          
.,                                                                                                                                                                                                                                              
                                                                                                                                                                                                                                                
NLS_CALENDAR                                                                                                                                                                                                                                    
GREGORIAN                                                                                                                                                                                                                                       
                                                                                                                                                                                                                                                
NLS_DATE_FORMAT                                                                                                                                                                                                                                 

PARAMETER                                                                                                                                                                                                                                       
------------------------------------------------------------------------------------------------------------------------                                                                                                                        
VALUE                                                                                                                                                                                                                                           
------------------------------------------------------------------------------------------------------------------------------------------------------------------------------------------------------------------------------------------------
DD-MON-RR                                                                                                                                                                                                                                       
                                                                                                                                                                                                                                                
NLS_DATE_LANGUAGE                                                                                                                                                                                                                               
AMERICAN                                                                                                                                                                                                                                        
                                                                                                                                                                                                                                                
NLS_SORT                                                                                                                                                                                                                                        
BINARY                                                                                                                                                                                                                                          
                                                                                                                                                                                                                                                
NLS_TIME_FORMAT                                                                                                                                                                                                                                 
HH.MI.SSXFF AM                                                                                                                                                                                                                                  
                                                                                                                                                                                                                                                
NLS_TIMESTAMP_FORMAT                                                                                                                                                                                                                            
DD-MON-RR HH.MI.SSXFF AM                                                                                                                                                                                                                        
                                                                                                                                                                                                                                                
NLS_TIME_TZ_FORMAT                                                                                                                                                                                                                              
HH.MI.SSXFF AM TZR                                                                                                                                                                                                                              
                                                                                                                                                                                                                                                
NLS_TIMESTAMP_TZ_FORMAT                                                                                                                                                                                                                         
DD-MON-RR HH.MI.SSXFF AM TZR                                                                                                                                                                                                                    

PARAMETER                                                                                                                                                                                                                                       
------------------------------------------------------------------------------------------------------------------------                                                                                                                        
VALUE                                                                                                                                                                                                                                           
------------------------------------------------------------------------------------------------------------------------------------------------------------------------------------------------------------------------------------------------
                                                                                                                                                                                                                                                
NLS_DUAL_CURRENCY                                                                                                                                                                                                                               
$                                                                                                                                                                                                                                               
                                                                                                                                                                                                                                                
NLS_COMP                                                                                                                                                                                                                                        
BINARY                                                                                                                                                                                                                                          
                                                                                                                                                                                                                                                
NLS_LENGTH_SEMANTICS                                                                                                                                                                                                                            
BYTE                                                                                                                                                                                                                                            
                                                                                                                                                                                                                                                
NLS_NCHAR_CONV_EXCP                                                                                                                                                                                                                             
FALSE                                                                                                                                                                                                                                           
                                                                                                                                                                                                                                                

17 rows selected.

SQL> COL PARAMETER FORMAT A30
SQL> COL VALUE FORMAT A30
SQL> 
SQL> /

PARAMETER                      VALUE                                                                                                                                                                                                            
------------------------------ ------------------------------                                                                                                                                                                                   
NLS_LANGUAGE                   AMERICAN                                                                                                                                                                                                         
NLS_TERRITORY                  AMERICA                                                                                                                                                                                                          
NLS_CURRENCY                   $                                                                                                                                                                                                                
NLS_ISO_CURRENCY               AMERICA                                                                                                                                                                                                          
NLS_NUMERIC_CHARACTERS         .,                                                                                                                                                                                                               
NLS_CALENDAR                   GREGORIAN                                                                                                                                                                                                        
NLS_DATE_FORMAT                DD-MON-RR                                                                                                                                                                                                        
NLS_DATE_LANGUAGE              AMERICAN                                                                                                                                                                                                         
NLS_SORT                       BINARY                                                                                                                                                                                                           
NLS_TIME_FORMAT                HH.MI.SSXFF AM                                                                                                                                                                                                   
NLS_TIMESTAMP_FORMAT           DD-MON-RR HH.MI.SSXFF AM                                                                                                                                                                                         
NLS_TIME_TZ_FORMAT             HH.MI.SSXFF AM TZR                                                                                                                                                                                               
NLS_TIMESTAMP_TZ_FORMAT        DD-MON-RR HH.MI.SSXFF AM TZR                                                                                                                                                                                     
NLS_DUAL_CURRENCY              $                                                                                                                                                                                                                
NLS_COMP                       BINARY                                                                                                                                                                                                           
NLS_LENGTH_SEMANTICS           BYTE                                                                                                                                                                                                             
NLS_NCHAR_CONV_EXCP            FALSE                                                                                                                                                                                                            

17 rows selected.

SQL> ALTER SESSION SET NLS_DATE_FORMAT = 'DD-MON-RR HH:MI.SS';

Session altered.

SQL> SELECT SYSDATE , SYSDATE + (3/24) , SYSDATE - (5/24) FROM DUAL;

SYSDATE            SYSDATE+(3/24)     SYSDATE-(5/24)                                                                                                                                                                                            
------------------ ------------------ ------------------                                                                                                                                                                                        
28-FEB-21 01:27.50 28-FEB-21 04:27.50 28-FEB-21 08:27.50                                                                                                                                                                                        

SQL> SELECT SYSDATE , SYSDATE + (3/1440) , SYSDATE - (5/(24*60)) FROM DUAL;

SYSDATE            SYSDATE+(3/1440)   SYSDATE-(5/(24*60)                                                                                                                                                                                        
------------------ ------------------ ------------------                                                                                                                                                                                        
28-FEB-21 01:28.50 28-FEB-21 01:31.50 28-FEB-21 01:23.50                                                                                                                                                                                        

SQL> SELECT SYSDATE , SYSDATE + (3/86400) , SYSDATE - (5/(24*60*60)) FROM DUAL;

SYSDATE            SYSDATE+(3/86400)  SYSDATE-(5/(24*60*                                                                                                                                                                                        
------------------ ------------------ ------------------                                                                                                                                                                                        
28-FEB-21 01:29.36 28-FEB-21 01:29.39 28-FEB-21 01:29.31                                                                                                                                                                                        

SQL> REM 1 MONTH =  28-31   DAYS
SQL> 
SQL> 
SQL> SELECT SYSDATE , ADD_MONTHS(SYSDATE,3) , ADD_MONTHS(SYSDATE,-4) FROM DUAL;

SYSDATE            ADD_MONTHS(SYSDATE ADD_MONTHS(SYSDATE                                                                                                                                                                                        
------------------ ------------------ ------------------                                                                                                                                                                                        
28-FEB-21 01:31.41 31-MAY-21 01:31.41 31-OCT-20 01:31.41                                                                                                                                                                                        

SQL> SELECT SYSDATE , ADD_MONTHS(SYSDATE,12) , ADD_MONTHS(SYSDATE,-12) FROM DUAL;

SYSDATE            ADD_MONTHS(SYSDATE ADD_MONTHS(SYSDATE                                                                                                                                                                                        
------------------ ------------------ ------------------                                                                                                                                                                                        
28-FEB-21 01:33.38 28-FEB-22 01:33.38 29-FEB-20 01:33.38                                                                                                                                                                                        

SQL> SELECT SYSDATE , ADD_MONTHS(SYSDATE,12*3) , ADD_MONTHS(SYSDATE,-12*5) FROM DUAL;

SYSDATE            ADD_MONTHS(SYSDATE ADD_MONTHS(SYSDATE                                                                                                                                                                                        
------------------ ------------------ ------------------                                                                                                                                                                                        
28-FEB-21 01:33.53 29-FEB-24 01:33.53 29-FEB-16 01:33.53                                                                                                                                                                                        

SQL> SELECT SYSDATE , ADD_MONTHS(SYSDATE,12*100) , ADD_MONTHS(SYSDATE,-12*100) FROM DUAL;

SYSDATE            ADD_MONTHS(SYSDATE ADD_MONTHS(SYSDATE                                                                                                                                                                                        
------------------ ------------------ ------------------                                                                                                                                                                                        
28-FEB-21 01:34.06 28-FEB-21 01:34.06 28-FEB-21 01:34.06                                                                                                                                                                                        

SQL> ALTER SESSION SET NLS_DATE_FORMAT ='DD-MON-RRRR HH24:MI.SS';

Session altered.

SQL> SELECT SYSDATE , ADD_MONTHS(SYSDATE,12*100) , ADD_MONTHS(SYSDATE,-12*100) FROM DUAL;

SYSDATE              ADD_MONTHS(SYSDATE,1 ADD_MONTHS(SYSDATE,-                                                                                                                                                                                  
-------------------- -------------------- --------------------                                                                                                                                                                                  
28-FEB-2021 13:34.48 28-FEB-2121 13:34.48 28-FEB-1921 13:34.48                                                                                                                                                                                  

SQL> SELECT SYSDATE - '15-JAN-71' FROM DUAL;
SELECT SYSDATE - '15-JAN-71' FROM DUAL
                 *
ERROR at line 1:
ORA-01722: invalid number 


SQL> SELECT SYSDATE - TO_DATE('15-JAN-71') FROM DUAL;

SYSDATE-TO_DATE('15-JAN-71')                                                                                                                                                                                                                    
----------------------------                                                                                                                                                                                                                    
                  18307.5684                                                                                                                                                                                                                    

SQL> SELECT SYSDATE , ADD_MONTHS(SYSDATE,4) , ADD_MONTHS(SYSDATE,-2) FROM DUAL;

SYSDATE              ADD_MONTHS(SYSDATE,4 ADD_MONTHS(SYSDATE,-                                                                                                                                                                                  
-------------------- -------------------- --------------------                                                                                                                                                                                  
28-FEB-2021 13:42.30 30-JUN-2021 13:42.30 31-DEC-2020 13:42.30                                                                                                                                                                                  

SQL> 
SQL> SELECT (SYSDATE - TO_DATE('15-JAN-71'))/7 FROM DUAL;

(SYSDATE-TO_DATE('15-JAN-71'))/7                                                                                                                                                                                                                
--------------------------------                                                                                                                                                                                                                
                      2615.36738                                                                                                                                                                                                                

SQL> SELECT MONTHS_BETWEEN(SYSDATE,'15-JAN-71') FROM DUAL;

MONTHS_BETWEEN(SYSDATE,'15-JAN-71')                                                                                                                                                                                                             
-----------------------------------                                                                                                                                                                                                             
                         601.437808                                                                                                                                                                                                             

SQL> SELECT MONTHS_BETWEEN(SYSDATE,'15-JAN-71')/12 FROM DUAL;

MONTHS_BETWEEN(SYSDATE,'15-JAN-71')/12                                                                                                                                                                                                          
--------------------------------------                                                                                                                                                                                                          
                            50.1198183                                                                                                                                                                                                          

SQL> SELECT TRUNC(MONTHS_BETWEEN(SYSDATE,'15-JAN-71')/12) FROM DUAL;

TRUNC(MONTHS_BETWEEN(SYSDATE,'15-JAN-71')/12)                                                                                                                                                                                                   
---------------------------------------------                                                                                                                                                                                                   
                                           50                                                                                                                                                                                                   

SQL> SELECT SYSDATE - ADD_MONTHS('15-JAN-71',TRUNC(MONTHS_BETWEEN(SYSDATE,'15-JAN-71')/12)) FROM DUAL;

SYSDATE-ADD_MONTHS('15-JAN-71',TRUNC(MONTHS_BETWEEN(SYSDATE,'15-JAN-71')/12))                                                                                                                                                                   
-----------------------------------------------------------------------------                                                                                                                                                                   
                                                                   16787.5743                                                                                                                                                                   

SQL> SELECT SYSDATE - ADD_MONTHS('15-JAN-71',TRUNC(MONTHS_BETWEEN(SYSDATE,'15-JAN-71'))) FROM DUAL;

SYSDATE-ADD_MONTHS('15-JAN-71',TRUNC(MONTHS_BETWEEN(SYSDATE,'15-JAN-71')))                                                                                                                                                                      
--------------------------------------------------------------------------                                                                                                                                                                      
                                                                13.5744097                                                                                                                                                                      

SQL> SELECT SYSDATE - ADD_MONTHS('15-JAN-71',TRUNC(MONTHS_BETWEEN(SYSDATE,'15-JAN-71')/12))*12 FROM DUAL;
SELECT SYSDATE - ADD_MONTHS('15-JAN-71',TRUNC(MONTHS_BETWEEN(SYSDATE,'15-JAN-71')/12))*12 FROM DUAL
                 *
ERROR at line 1:
ORA-00932: inconsistent datatypes: expected NUMBER got DATE 


SQL> SELECT SYSDATE - ADD_MONTHS('15-JAN-71',(TRUNC(MONTHS_BETWEEN(SYSDATE,'15-JAN-71')/12))*12) FROM DUAL;

SYSDATE-ADD_MONTHS('15-JAN-71',(TRUNC(MONTHS_BETWEEN(SYSDATE,'15-JAN-71')/12))*12)                                                                                                                                                              
----------------------------------------------------------------------------------                                                                                                                                                              
                                                                        44.5748727                                                                                                                                                              

SQL> SELECT TRUNC(MONTHS_BETWEEN(SYSDATE,'15-JAN-71')) FROM DUAL;

TRUNC(MONTHS_BETWEEN(SYSDATE,'15-JAN-71'))                                                                                                                                                                                                      
------------------------------------------                                                                                                                                                                                                      
                                       601                                                                                                                                                                                                      

SQL> SELECT ADD_MONTHS('15-JAN-71',TRUNC(MONTHS_BETWEEN(SYSDATE,'15-JAN-71'))) FROM DUAL;

ADD_MONTHS('15-JAN-7                                                                                                                                                                                                                            
--------------------                                                                                                                                                                                                                            
15-FEB-2021 00:00.00                                                                                                                                                                                                                            

SQL> SELECT '15-JAN-71' - ADD_MONTHS('15-JAN-71',TRUNC(MONTHS_BETWEEN(SYSDATE,'15-JAN-71'))) FROM DUAL;
SELECT '15-JAN-71' - ADD_MONTHS('15-JAN-71',TRUNC(MONTHS_BETWEEN(SYSDATE,'15-JAN-71'))) FROM DUAL
       *
ERROR at line 1:
ORA-00932: inconsistent datatypes: expected CHAR got DATE 


SQL> SELECT TO_DATE('15-JAN-71') - ADD_MONTHS('15-JAN-71',TRUNC(MONTHS_BETWEEN(SYSDATE,'15-JAN-71'))) FROM DUAL;

TO_DATE('15-JAN-71')-ADD_MONTHS('15-JAN-71',TRUNC(MONTHS_BETWEEN(SYSDATE,'15-JAN-71')))                                                                                                                                                         
---------------------------------------------------------------------------------------                                                                                                                                                         
                                                                                 -18294                                                                                                                                                         

SQL> SELECT SYSDATE - ADD_MONTHS('15-JAN-71',TRUNC(MONTHS_BETWEEN(SYSDATE,'15-JAN-71'))) FROM DUAL;

SYSDATE-ADD_MONTHS('15-JAN-71',TRUNC(MONTHS_BETWEEN(SYSDATE,'15-JAN-71')))                                                                                                                                                                      
--------------------------------------------------------------------------                                                                                                                                                                      
                                                                 13.576794                                                                                                                                                                      

SQL> SELECT MOD(TRUNC(MONTHS_BETWEEN(SYSDATE,'15-JAN-71')),12) FROM DUAL;

MOD(TRUNC(MONTHS_BETWEEN(SYSDATE,'15-JAN-71')),12)                                                                                                                                                                                              
--------------------------------------------------                                                                                                                                                                                              
                                                 1                                                                                                                                                                                              

SQL> SELECT MOD(30,7) FROM DUAL;

 MOD(30,7)                                                                                                                                                                                                                                      
----------                                                                                                                                                                                                                                      
         2                                                                                                                                                                                                                                      

SQL> SELECT MOD(30.45,7) FROM DUAL;

MOD(30.45,7)                                                                                                                                                                                                                                    
------------                                                                                                                                                                                                                                    
        2.45                                                                                                                                                                                                                                    

SQL> SELECT MOD(30.45,7.67) FROM DUAL;

MOD(30.45,7.67)                                                                                                                                                                                                                                 
---------------                                                                                                                                                                                                                                 
           7.44                                                                                                                                                                                                                                 

SQL> SELECT MOD(-30.45,7.67) FROM DUAL;

MOD(-30.45,7.67)                                                                                                                                                                                                                                
----------------                                                                                                                                                                                                                                
           -7.44                                                                                                                                                                                                                                

SQL> SELECT MOD(-30.45,-7.67) FROM DUAL;

MOD(-30.45,-7.67)                                                                                                                                                                                                                               
-----------------                                                                                                                                                                                                                               
            -7.44                                                                                                                                                                                                                               

SQL> SELECT MOD(30.45,7) FROM DUAL;

MOD(30.45,7)                                                                                                                                                                                                                                    
------------                                                                                                                                                                                                                                    
        2.45                                                                                                                                                                                                                                    

SQL> SELECT FIRST_NAME , HIRE_DATE FROM EMPLOYEES;

FIRST_NAME           HIRE_DATE                                                                                                                                                                                                                  
-------------------- --------------------                                                                                                                                                                                                       
Steven               17-JUL-1987 00:00.00                                                                                                                                                                                                       
Neena                21-SEP-1989 00:00.00                                                                                                                                                                                                       
Lex                  13-JAN-1993 00:00.00                                                                                                                                                                                                       
Alexander            03-JAN-1990 00:00.00                                                                                                                                                                                                       
Bruce                21-MAY-1991 00:00.00                                                                                                                                                                                                       
Diana                07-FEB-1999 00:00.00                                                                                                                                                                                                       
Kevin                16-NOV-1999 00:00.00                                                                                                                                                                                                       
Trenna               17-OCT-1995 00:00.00                                                                                                                                                                                                       
Curtis               29-JAN-1997 00:00.00                                                                                                                                                                                                       
Randall              15-MAR-1998 00:00.00                                                                                                                                                                                                       
Peter                09-JUL-1998 00:00.00                                                                                                                                                                                                       
Eleni                29-JAN-2000 00:00.00                                                                                                                                                                                                       
Ellen                11-MAY-1996 00:00.00                                                                                                                                                                                                       
Jonathon             24-MAR-1998 00:00.00                                                                                                                                                                                                       
Kimerely             24-MAY-1999 00:00.00                                                                                                                                                                                                       
Jennifer             17-SEP-1987 00:00.00                                                                                                                                                                                                       
Michael              17-FEB-1996 00:00.00                                                                                                                                                                                                       
Pat                  17-AUG-1997 00:00.00                                                                                                                                                                                                       
Shelley              07-JUN-1994 00:00.00                                                                                                                                                                                                       
William              07-JUN-1994 00:00.00                                                                                                                                                                                                       

20 rows selected.

SQL> SELECT FIRST_NAME , HIRE_DATE , MONTH(CURRENT_DATE - HIRE_DATE) FROM EMPLOYEES;
SELECT FIRST_NAME , HIRE_DATE , MONTH(CURRENT_DATE - HIRE_DATE) FROM EMPLOYEES
                                *
ERROR at line 1:
ORA-00904: "MONTH": invalid identifier 


SQL> SELECT FIRST_NAME , HIRE_DATE , MON(CURRENT_DATE - HIRE_DATE) FROM EMPLOYEES;
SELECT FIRST_NAME , HIRE_DATE , MON(CURRENT_DATE - HIRE_DATE) FROM EMPLOYEES
                                *
ERROR at line 1:
ORA-00904: "MON": invalid identifier 


SQL> SELECT FIRST_NAME , HIRE_DATE , MONTHS_BETWEEN(CURRENT_DATE,HIRE_DATE) FROM EMPLOYEES;

FIRST_NAME           HIRE_DATE            MONTHS_BETWEEN(CURRENT_DATE,HIRE_DATE)                                                                                                                                                                
-------------------- -------------------- --------------------------------------                                                                                                                                                                
Steven               17-JUL-1987 00:00.00                             403.373569                                                                                                                                                                
Neena                21-SEP-1989 00:00.00                             377.244536                                                                                                                                                                
Lex                  13-JAN-1993 00:00.00                             337.502601                                                                                                                                                                
Alexander            03-JAN-1990 00:00.00                             373.825181                                                                                                                                                                
Bruce                21-MAY-1991 00:00.00                             357.244536                                                                                                                                                                
Diana                07-FEB-1999 00:00.00                             264.696149                                                                                                                                                                
Kevin                16-NOV-1999 00:00.00                             255.405827                                                                                                                                                                
Trenna               17-OCT-1995 00:00.00                             304.373569                                                                                                                                                                
Curtis               29-JAN-1997 00:00.00                             288.986472                                                                                                                                                                
Randall              15-MAR-1998 00:00.00                             275.438085                                                                                                                                                                
Peter                09-JUL-1998 00:00.00                             271.631633                                                                                                                                                                
Eleni                29-JAN-2000 00:00.00                             252.986472                                                                                                                                                                
Ellen                11-MAY-1996 00:00.00                             297.567117                                                                                                                                                                
Jonathon             24-MAR-1998 00:00.00                             275.147762                                                                                                                                                                
Kimerely             24-MAY-1999 00:00.00                             261.147762                                                                                                                                                                
Jennifer             17-SEP-1987 00:00.00                             401.373569                                                                                                                                                                
Michael              17-FEB-1996 00:00.00                             300.373569                                                                                                                                                                
Pat                  17-AUG-1997 00:00.00                             282.373569                                                                                                                                                                
Shelley              07-JUN-1994 00:00.00                             320.696149                                                                                                                                                                
William              07-JUN-1994 00:00.00                             320.696149                                                                                                                                                                

20 rows selected.

SQL> SELECT FIRST_NAME , HIRE_DATE , TRUNC(MONTHS_BETWEEN(CURRENT_DATE,HIRE_DATE)) FROM EMPLOYEES;

FIRST_NAME           HIRE_DATE            TRUNC(MONTHS_BETWEEN(CURRENT_DATE,HIRE_DATE))                                                                                                                                                         
-------------------- -------------------- ---------------------------------------------                                                                                                                                                         
Steven               17-JUL-1987 00:00.00                                           403                                                                                                                                                         
Neena                21-SEP-1989 00:00.00                                           377                                                                                                                                                         
Lex                  13-JAN-1993 00:00.00                                           337                                                                                                                                                         
Alexander            03-JAN-1990 00:00.00                                           373                                                                                                                                                         
Bruce                21-MAY-1991 00:00.00                                           357                                                                                                                                                         
Diana                07-FEB-1999 00:00.00                                           264                                                                                                                                                         
Kevin                16-NOV-1999 00:00.00                                           255                                                                                                                                                         
Trenna               17-OCT-1995 00:00.00                                           304                                                                                                                                                         
Curtis               29-JAN-1997 00:00.00                                           288                                                                                                                                                         
Randall              15-MAR-1998 00:00.00                                           275                                                                                                                                                         
Peter                09-JUL-1998 00:00.00                                           271                                                                                                                                                         
Eleni                29-JAN-2000 00:00.00                                           252                                                                                                                                                         
Ellen                11-MAY-1996 00:00.00                                           297                                                                                                                                                         
Jonathon             24-MAR-1998 00:00.00                                           275                                                                                                                                                         
Kimerely             24-MAY-1999 00:00.00                                           261                                                                                                                                                         
Jennifer             17-SEP-1987 00:00.00                                           401                                                                                                                                                         
Michael              17-FEB-1996 00:00.00                                           300                                                                                                                                                         
Pat                  17-AUG-1997 00:00.00                                           282                                                                                                                                                         
Shelley              07-JUN-1994 00:00.00                                           320                                                                                                                                                         
William              07-JUN-1994 00:00.00                                           320                                                                                                                                                         

20 rows selected.

SQL> SELECT FIRST_NAME , HIRE_DATE , TRUNC(MONTHS_BETWEEN(CURRENT_DATE,HIRE_DATE))/12 FROM EMPLOYEES;

FIRST_NAME           HIRE_DATE            TRUNC(MONTHS_BETWEEN(CURRENT_DATE,HIRE_DATE))/12                                                                                                                                                      
-------------------- -------------------- ------------------------------------------------                                                                                                                                                      
Steven               17-JUL-1987 00:00.00                                       33.5833333                                                                                                                                                      
Neena                21-SEP-1989 00:00.00                                       31.4166667                                                                                                                                                      
Lex                  13-JAN-1993 00:00.00                                       28.0833333                                                                                                                                                      
Alexander            03-JAN-1990 00:00.00                                       31.0833333                                                                                                                                                      
Bruce                21-MAY-1991 00:00.00                                            29.75                                                                                                                                                      
Diana                07-FEB-1999 00:00.00                                               22                                                                                                                                                      
Kevin                16-NOV-1999 00:00.00                                            21.25                                                                                                                                                      
Trenna               17-OCT-1995 00:00.00                                       25.3333333                                                                                                                                                      
Curtis               29-JAN-1997 00:00.00                                               24                                                                                                                                                      
Randall              15-MAR-1998 00:00.00                                       22.9166667                                                                                                                                                      
Peter                09-JUL-1998 00:00.00                                       22.5833333                                                                                                                                                      
Eleni                29-JAN-2000 00:00.00                                               21                                                                                                                                                      
Ellen                11-MAY-1996 00:00.00                                            24.75                                                                                                                                                      
Jonathon             24-MAR-1998 00:00.00                                       22.9166667                                                                                                                                                      
Kimerely             24-MAY-1999 00:00.00                                            21.75                                                                                                                                                      
Jennifer             17-SEP-1987 00:00.00                                       33.4166667                                                                                                                                                      
Michael              17-FEB-1996 00:00.00                                               25                                                                                                                                                      
Pat                  17-AUG-1997 00:00.00                                             23.5                                                                                                                                                      
Shelley              07-JUN-1994 00:00.00                                       26.6666667                                                                                                                                                      
William              07-JUN-1994 00:00.00                                       26.6666667                                                                                                                                                      

20 rows selected.

SQL> SELECT FIRST_NAME , HIRE_DATE , TRUNC(MONTHS_BETWEEN(CURRENT_DATE,HIRE_DATE)/12) FROM EMPLOYEES;

FIRST_NAME           HIRE_DATE            TRUNC(MONTHS_BETWEEN(CURRENT_DATE,HIRE_DATE)/12)                                                                                                                                                      
-------------------- -------------------- ------------------------------------------------                                                                                                                                                      
Steven               17-JUL-1987 00:00.00                                               33                                                                                                                                                      
Neena                21-SEP-1989 00:00.00                                               31                                                                                                                                                      
Lex                  13-JAN-1993 00:00.00                                               28                                                                                                                                                      
Alexander            03-JAN-1990 00:00.00                                               31                                                                                                                                                      
Bruce                21-MAY-1991 00:00.00                                               29                                                                                                                                                      
Diana                07-FEB-1999 00:00.00                                               22                                                                                                                                                      
Kevin                16-NOV-1999 00:00.00                                               21                                                                                                                                                      
Trenna               17-OCT-1995 00:00.00                                               25                                                                                                                                                      
Curtis               29-JAN-1997 00:00.00                                               24                                                                                                                                                      
Randall              15-MAR-1998 00:00.00                                               22                                                                                                                                                      
Peter                09-JUL-1998 00:00.00                                               22                                                                                                                                                      
Eleni                29-JAN-2000 00:00.00                                               21                                                                                                                                                      
Ellen                11-MAY-1996 00:00.00                                               24                                                                                                                                                      
Jonathon             24-MAR-1998 00:00.00                                               22                                                                                                                                                      
Kimerely             24-MAY-1999 00:00.00                                               21                                                                                                                                                      
Jennifer             17-SEP-1987 00:00.00                                               33                                                                                                                                                      
Michael              17-FEB-1996 00:00.00                                               25                                                                                                                                                      
Pat                  17-AUG-1997 00:00.00                                               23                                                                                                                                                      
Shelley              07-JUN-1994 00:00.00                                               26                                                                                                                                                      
William              07-JUN-1994 00:00.00                                               26                                                                                                                                                      

20 rows selected.

SQL> SELECT FIRST_NAME , HIRE_DATE , TRUNC(MONTHS_BETWEEN(CURRENT_DATE,HIRE_DATE)/12) YEAR FROM EMPLOYEES;

FIRST_NAME           HIRE_DATE                  YEAR                                                                                                                                                                                            
-------------------- -------------------- ----------                                                                                                                                                                                            
Steven               17-JUL-1987 00:00.00         33                                                                                                                                                                                            
Neena                21-SEP-1989 00:00.00         31                                                                                                                                                                                            
Lex                  13-JAN-1993 00:00.00         28                                                                                                                                                                                            
Alexander            03-JAN-1990 00:00.00         31                                                                                                                                                                                            
Bruce                21-MAY-1991 00:00.00         29                                                                                                                                                                                            
Diana                07-FEB-1999 00:00.00         22                                                                                                                                                                                            
Kevin                16-NOV-1999 00:00.00         21                                                                                                                                                                                            
Trenna               17-OCT-1995 00:00.00         25                                                                                                                                                                                            
Curtis               29-JAN-1997 00:00.00         24                                                                                                                                                                                            
Randall              15-MAR-1998 00:00.00         22                                                                                                                                                                                            
Peter                09-JUL-1998 00:00.00         22                                                                                                                                                                                            
Eleni                29-JAN-2000 00:00.00         21                                                                                                                                                                                            
Ellen                11-MAY-1996 00:00.00         24                                                                                                                                                                                            
Jonathon             24-MAR-1998 00:00.00         22                                                                                                                                                                                            
Kimerely             24-MAY-1999 00:00.00         21                                                                                                                                                                                            
Jennifer             17-SEP-1987 00:00.00         33                                                                                                                                                                                            
Michael              17-FEB-1996 00:00.00         25                                                                                                                                                                                            
Pat                  17-AUG-1997 00:00.00         23                                                                                                                                                                                            
Shelley              07-JUN-1994 00:00.00         26                                                                                                                                                                                            
William              07-JUN-1994 00:00.00         26                                                                                                                                                                                            

20 rows selected.

SQL> SELECT FIRST_NAME , HIRE_DATE , TRUNC(MONTHS_BETWEEN(CURRENT_DATE,HIRE_DATE)/12) "YEARS COMPLETED" FROM EMPLOYEES;

FIRST_NAME           HIRE_DATE            YEARS COMPLETED                                                                                                                                                                                       
-------------------- -------------------- ---------------                                                                                                                                                                                       
Steven               17-JUL-1987 00:00.00              33                                                                                                                                                                                       
Neena                21-SEP-1989 00:00.00              31                                                                                                                                                                                       
Lex                  13-JAN-1993 00:00.00              28                                                                                                                                                                                       
Alexander            03-JAN-1990 00:00.00              31                                                                                                                                                                                       
Bruce                21-MAY-1991 00:00.00              29                                                                                                                                                                                       
Diana                07-FEB-1999 00:00.00              22                                                                                                                                                                                       
Kevin                16-NOV-1999 00:00.00              21                                                                                                                                                                                       
Trenna               17-OCT-1995 00:00.00              25                                                                                                                                                                                       
Curtis               29-JAN-1997 00:00.00              24                                                                                                                                                                                       
Randall              15-MAR-1998 00:00.00              22                                                                                                                                                                                       
Peter                09-JUL-1998 00:00.00              22                                                                                                                                                                                       
Eleni                29-JAN-2000 00:00.00              21                                                                                                                                                                                       
Ellen                11-MAY-1996 00:00.00              24                                                                                                                                                                                       
Jonathon             24-MAR-1998 00:00.00              22                                                                                                                                                                                       
Kimerely             24-MAY-1999 00:00.00              21                                                                                                                                                                                       
Jennifer             17-SEP-1987 00:00.00              33                                                                                                                                                                                       
Michael              17-FEB-1996 00:00.00              25                                                                                                                                                                                       
Pat                  17-AUG-1997 00:00.00              23                                                                                                                                                                                       
Shelley              07-JUN-1994 00:00.00              26                                                                                                                                                                                       
William              07-JUN-1994 00:00.00              26                                                                                                                                                                                       

20 rows selected.

SQL> SELECT FIRST_NAME , HIRE_DATE , LAST_DAY(HIRE_DATE) FROM EMPLOYEES;

FIRST_NAME           HIRE_DATE            LAST_DAY(HIRE_DATE)                                                                                                                                                                                   
-------------------- -------------------- --------------------                                                                                                                                                                                  
Steven               17-JUL-1987 00:00.00 31-JUL-1987 00:00.00                                                                                                                                                                                  
Neena                21-SEP-1989 00:00.00 30-SEP-1989 00:00.00                                                                                                                                                                                  
Lex                  13-JAN-1993 00:00.00 31-JAN-1993 00:00.00                                                                                                                                                                                  
Alexander            03-JAN-1990 00:00.00 31-JAN-1990 00:00.00                                                                                                                                                                                  
Bruce                21-MAY-1991 00:00.00 31-MAY-1991 00:00.00                                                                                                                                                                                  
Diana                07-FEB-1999 00:00.00 28-FEB-1999 00:00.00                                                                                                                                                                                  
Kevin                16-NOV-1999 00:00.00 30-NOV-1999 00:00.00                                                                                                                                                                                  
Trenna               17-OCT-1995 00:00.00 31-OCT-1995 00:00.00                                                                                                                                                                                  
Curtis               29-JAN-1997 00:00.00 31-JAN-1997 00:00.00                                                                                                                                                                                  
Randall              15-MAR-1998 00:00.00 31-MAR-1998 00:00.00                                                                                                                                                                                  
Peter                09-JUL-1998 00:00.00 31-JUL-1998 00:00.00                                                                                                                                                                                  
Eleni                29-JAN-2000 00:00.00 31-JAN-2000 00:00.00                                                                                                                                                                                  
Ellen                11-MAY-1996 00:00.00 31-MAY-1996 00:00.00                                                                                                                                                                                  
Jonathon             24-MAR-1998 00:00.00 31-MAR-1998 00:00.00                                                                                                                                                                                  
Kimerely             24-MAY-1999 00:00.00 31-MAY-1999 00:00.00                                                                                                                                                                                  
Jennifer             17-SEP-1987 00:00.00 30-SEP-1987 00:00.00                                                                                                                                                                                  
Michael              17-FEB-1996 00:00.00 29-FEB-1996 00:00.00                                                                                                                                                                                  
Pat                  17-AUG-1997 00:00.00 31-AUG-1997 00:00.00                                                                                                                                                                                  
Shelley              07-JUN-1994 00:00.00 30-JUN-1994 00:00.00                                                                                                                                                                                  
William              07-JUN-1994 00:00.00 30-JUN-1994 00:00.00                                                                                                                                                                                  

20 rows selected.

SQL> SELECT FIRST_NAME , HIRE_DATE , LAST_DAY(HIRE_DATE)+1 FROM EMPLOYEES;

FIRST_NAME           HIRE_DATE            LAST_DAY(HIRE_DATE)+                                                                                                                                                                                  
-------------------- -------------------- --------------------                                                                                                                                                                                  
Steven               17-JUL-1987 00:00.00 01-AUG-1987 00:00.00                                                                                                                                                                                  
Neena                21-SEP-1989 00:00.00 01-OCT-1989 00:00.00                                                                                                                                                                                  
Lex                  13-JAN-1993 00:00.00 01-FEB-1993 00:00.00                                                                                                                                                                                  
Alexander            03-JAN-1990 00:00.00 01-FEB-1990 00:00.00                                                                                                                                                                                  
Bruce                21-MAY-1991 00:00.00 01-JUN-1991 00:00.00                                                                                                                                                                                  
Diana                07-FEB-1999 00:00.00 01-MAR-1999 00:00.00                                                                                                                                                                                  
Kevin                16-NOV-1999 00:00.00 01-DEC-1999 00:00.00                                                                                                                                                                                  
Trenna               17-OCT-1995 00:00.00 01-NOV-1995 00:00.00                                                                                                                                                                                  
Curtis               29-JAN-1997 00:00.00 01-FEB-1997 00:00.00                                                                                                                                                                                  
Randall              15-MAR-1998 00:00.00 01-APR-1998 00:00.00                                                                                                                                                                                  
Peter                09-JUL-1998 00:00.00 01-AUG-1998 00:00.00                                                                                                                                                                                  
Eleni                29-JAN-2000 00:00.00 01-FEB-2000 00:00.00                                                                                                                                                                                  
Ellen                11-MAY-1996 00:00.00 01-JUN-1996 00:00.00                                                                                                                                                                                  
Jonathon             24-MAR-1998 00:00.00 01-APR-1998 00:00.00                                                                                                                                                                                  
Kimerely             24-MAY-1999 00:00.00 01-JUN-1999 00:00.00                                                                                                                                                                                  
Jennifer             17-SEP-1987 00:00.00 01-OCT-1987 00:00.00                                                                                                                                                                                  
Michael              17-FEB-1996 00:00.00 01-MAR-1996 00:00.00                                                                                                                                                                                  
Pat                  17-AUG-1997 00:00.00 01-SEP-1997 00:00.00                                                                                                                                                                                  
Shelley              07-JUN-1994 00:00.00 01-JUL-1994 00:00.00                                                                                                                                                                                  
William              07-JUN-1994 00:00.00 01-JUL-1994 00:00.00                                                                                                                                                                                  

20 rows selected.

SQL> SELECT FIRST_NAME , HIRE_DATE , LAST_DAY(HIRE_DATE)+7 FROM EMPLOYEES;

FIRST_NAME           HIRE_DATE            LAST_DAY(HIRE_DATE)+                                                                                                                                                                                  
-------------------- -------------------- --------------------                                                                                                                                                                                  
Steven               17-JUL-1987 00:00.00 07-AUG-1987 00:00.00                                                                                                                                                                                  
Neena                21-SEP-1989 00:00.00 07-OCT-1989 00:00.00                                                                                                                                                                                  
Lex                  13-JAN-1993 00:00.00 07-FEB-1993 00:00.00                                                                                                                                                                                  
Alexander            03-JAN-1990 00:00.00 07-FEB-1990 00:00.00                                                                                                                                                                                  
Bruce                21-MAY-1991 00:00.00 07-JUN-1991 00:00.00                                                                                                                                                                                  
Diana                07-FEB-1999 00:00.00 07-MAR-1999 00:00.00                                                                                                                                                                                  
Kevin                16-NOV-1999 00:00.00 07-DEC-1999 00:00.00                                                                                                                                                                                  
Trenna               17-OCT-1995 00:00.00 07-NOV-1995 00:00.00                                                                                                                                                                                  
Curtis               29-JAN-1997 00:00.00 07-FEB-1997 00:00.00                                                                                                                                                                                  
Randall              15-MAR-1998 00:00.00 07-APR-1998 00:00.00                                                                                                                                                                                  
Peter                09-JUL-1998 00:00.00 07-AUG-1998 00:00.00                                                                                                                                                                                  
Eleni                29-JAN-2000 00:00.00 07-FEB-2000 00:00.00                                                                                                                                                                                  
Ellen                11-MAY-1996 00:00.00 07-JUN-1996 00:00.00                                                                                                                                                                                  
Jonathon             24-MAR-1998 00:00.00 07-APR-1998 00:00.00                                                                                                                                                                                  
Kimerely             24-MAY-1999 00:00.00 07-JUN-1999 00:00.00                                                                                                                                                                                  
Jennifer             17-SEP-1987 00:00.00 07-OCT-1987 00:00.00                                                                                                                                                                                  
Michael              17-FEB-1996 00:00.00 07-MAR-1996 00:00.00                                                                                                                                                                                  
Pat                  17-AUG-1997 00:00.00 07-SEP-1997 00:00.00                                                                                                                                                                                  
Shelley              07-JUN-1994 00:00.00 07-JUL-1994 00:00.00                                                                                                                                                                                  
William              07-JUN-1994 00:00.00 07-JUL-1994 00:00.00                                                                                                                                                                                  

20 rows selected.

SQL> SELECT SYSDATE , NEXT_DAY(SYSDATE,'THU') FROM DUAL;

SYSDATE              NEXT_DAY(SYSDATE,'TH                                                                                                                                                                                                       
-------------------- --------------------                                                                                                                                                                                                       
28-FEB-2021 14:00.52 04-MAR-2021 14:00.52                                                                                                                                                                                                       

SQL> SELECT SYSDATE , NEXT_DAY(SYSDATE,'SUN') FROM DUAL;

SYSDATE              NEXT_DAY(SYSDATE,'SU                                                                                                                                                                                                       
-------------------- --------------------                                                                                                                                                                                                       
28-FEB-2021 14:01.10 07-MAR-2021 14:01.10                                                                                                                                                                                                       

SQL> SELECT SYSDATE , NEXT_DAY(SYSDATE,'SUN')+7 FROM DUAL;

SYSDATE              NEXT_DAY(SYSDATE,'SU                                                                                                                                                                                                       
-------------------- --------------------                                                                                                                                                                                                       
28-FEB-2021 14:01.33 14-MAR-2021 14:01.33                                                                                                                                                                                                       

SQL> SELECT SYSDATE , NEXT_DAY(SYSDATE,'THU')+7 FROM DUAL;

SYSDATE              NEXT_DAY(SYSDATE,'TH                                                                                                                                                                                                       
-------------------- --------------------                                                                                                                                                                                                       
28-FEB-2021 14:01.44 11-MAR-2021 14:01.44                                                                                                                                                                                                       

SQL> SELECT SYSDATE , NEXT_DAY(SYSDATE,'THURSDAY')+7 FROM DUAL;

SYSDATE              NEXT_DAY(SYSDATE,'TH                                                                                                                                                                                                       
-------------------- --------------------                                                                                                                                                                                                       
28-FEB-2021 14:02.15 11-MAR-2021 14:02.15                                                                                                                                                                                                       

SQL> SELECT SYSDATE , NEXT_DAY(SYSDATE,'THUrsday')+7 FROM DUAL;

SYSDATE              NEXT_DAY(SYSDATE,'TH                                                                                                                                                                                                       
-------------------- --------------------                                                                                                                                                                                                       
28-FEB-2021 14:02.24 11-MAR-2021 14:02.24                                                                                                                                                                                                       

SQL> SELECT SYSDATE , NEXT_DAY(SYSDATE,'THUr')+7 FROM DUAL;

SYSDATE              NEXT_DAY(SYSDATE,'TH                                                                                                                                                                                                       
-------------------- --------------------                                                                                                                                                                                                       
28-FEB-2021 14:03.11 11-MAR-2021 14:03.11                                                                                                                                                                                                       

SQL> SELECT SYSDATE , NEXT_DAY(SYSDATE,'THUrS')+7 FROM DUAL;

SYSDATE              NEXT_DAY(SYSDATE,'TH                                                                                                                                                                                                       
-------------------- --------------------                                                                                                                                                                                                       
28-FEB-2021 14:03.28 11-MAR-2021 14:03.28                                                                                                                                                                                                       

SQL> SPOOL OFF
