SQL> 
SQL> CL SCR

SQL> REM TYPES OF GENERAL FUNCTIONS : 1 NULL RELATED FUNCTIONS 2 CONDITIONAL FUNCTIONS
SQL> 
SQL> 
SQL> REM LIST OF NULL RELATED FUNCTIONS : 1 NVL 2 NVL2 3 NULLIF 4 COALESCE
SQL> 
SQL> SELECT FIRST_NAME , COMMISSION_PCT FROM EMPLOYEES;

FIRST_NAME           COMMISSION_PCT                                             
-------------------- --------------                                             
Steven                                                                          
Neena                                                                           
Lex                                                                             
Alexander                                                                       
Bruce                                                                           
Diana                                                                           
Kevin                                                                           
Trenna                                                                          
Curtis                                                                          
Randall                                                                         
Peter                                                                           

FIRST_NAME           COMMISSION_PCT                                             
-------------------- --------------                                             
Eleni                            .2                                             
Ellen                            .3                                             
Jonathon                         .3                                             
Kimerely                        .15                                             
Jennifer                                                                        
Michael                                                                         
Pat                                                                             
Shelley                                                                         
William                                                                         

20 rows selected.

SQL> SET LINES 240 PAGES 24
SQL> 
SQL> R
  1* SELECT FIRST_NAME , COMMISSION_PCT FROM EMPLOYEES

FIRST_NAME           COMMISSION_PCT                                                                                                                                                                                                             
-------------------- --------------                                                                                                                                                                                                             
Steven                                                                                                                                                                                                                                          
Neena                                                                                                                                                                                                                                           
Lex                                                                                                                                                                                                                                             
Alexander                                                                                                                                                                                                                                       
Bruce                                                                                                                                                                                                                                           
Diana                                                                                                                                                                                                                                           
Kevin                                                                                                                                                                                                                                           
Trenna                                                                                                                                                                                                                                          
Curtis                                                                                                                                                                                                                                          
Randall                                                                                                                                                                                                                                         
Peter                                                                                                                                                                                                                                           
Eleni                            .2                                                                                                                                                                                                             
Ellen                            .3                                                                                                                                                                                                             
Jonathon                         .3                                                                                                                                                                                                             
Kimerely                        .15                                                                                                                                                                                                             
Jennifer                                                                                                                                                                                                                                        
Michael                                                                                                                                                                                                                                         
Pat                                                                                                                                                                                                                                             
Shelley                                                                                                                                                                                                                                         
William                                                                                                                                                                                                                                         

20 rows selected.

SQL> SELECT FIRST_NAME , JOB_ID , COMMISSION_PCT FROM EMPLOYEES;

FIRST_NAME           JOB_ID     COMMISSION_PCT                                                                                                                                                                                                  
-------------------- ---------- --------------                                                                                                                                                                                                  
Steven               AD_PRES                                                                                                                                                                                                                    
Neena                AD_VP                                                                                                                                                                                                                      
Lex                  AD_VP                                                                                                                                                                                                                      
Alexander            IT_PROG                                                                                                                                                                                                                    
Bruce                IT_PROG                                                                                                                                                                                                                    
Diana                IT_PROG                                                                                                                                                                                                                    
Kevin                ST_MAN                                                                                                                                                                                                                     
Trenna               ST_CLERK                                                                                                                                                                                                                   
Curtis               ST_CLERK                                                                                                                                                                                                                   
Randall              ST_CLERK                                                                                                                                                                                                                   
Peter                ST_CLERK                                                                                                                                                                                                                   
Eleni                SA_MAN                 .2                                                                                                                                                                                                  
Ellen                SA_REP                 .3                                                                                                                                                                                                  
Jonathon             SA_REP                 .3                                                                                                                                                                                                  
Kimerely             SA_REP                .15                                                                                                                                                                                                  
Jennifer             AD_ASST                                                                                                                                                                                                                    
Michael              MK_MAN                                                                                                                                                                                                                     
Pat                  MK_REP                                                                                                                                                                                                                     
Shelley              AC_MGR                                                                                                                                                                                                                     
William              AC_ACCOUNT                                                                                                                                                                                                                 

20 rows selected.

SQL> SELECT FIRST_NAME , JOB_ID , SALARY , COMMISSION_PCT FROM EMPLOYEES;

FIRST_NAME           JOB_ID         SALARY COMMISSION_PCT                                                                                                                                                                                       
-------------------- ---------- ---------- --------------                                                                                                                                                                                       
Steven               AD_PRES         24000                                                                                                                                                                                                      
Neena                AD_VP           17000                                                                                                                                                                                                      
Lex                  AD_VP           17000                                                                                                                                                                                                      
Alexander            IT_PROG          9000                                                                                                                                                                                                      
Bruce                IT_PROG          6000                                                                                                                                                                                                      
Diana                IT_PROG          4200                                                                                                                                                                                                      
Kevin                ST_MAN           5800                                                                                                                                                                                                      
Trenna               ST_CLERK         3500                                                                                                                                                                                                      
Curtis               ST_CLERK         3100                                                                                                                                                                                                      
Randall              ST_CLERK         2600                                                                                                                                                                                                      
Peter                ST_CLERK         2500                                                                                                                                                                                                      
Eleni                SA_MAN          10500             .2                                                                                                                                                                                       
Ellen                SA_REP          11000             .3                                                                                                                                                                                       
Jonathon             SA_REP           8600             .3                                                                                                                                                                                       
Kimerely             SA_REP           7000            .15                                                                                                                                                                                       
Jennifer             AD_ASST          4400                                                                                                                                                                                                      
Michael              MK_MAN          13000                                                                                                                                                                                                      
Pat                  MK_REP           6000                                                                                                                                                                                                      
Shelley              AC_MGR          12000                                                                                                                                                                                                      
William              AC_ACCOUNT       8300                                                                                                                                                                                                      

20 rows selected.

SQL> SELECT FIRST_NAME , JOB_ID , SALARY , COMMISSION_PCT , SALARY * COMMISSION_PCT COMM_AMOUNT FROM EMPLOYEES;

FIRST_NAME           JOB_ID         SALARY COMMISSION_PCT COMM_AMOUNT                                                                                                                                                                           
-------------------- ---------- ---------- -------------- -----------                                                                                                                                                                           
Steven               AD_PRES         24000                                                                                                                                                                                                      
Neena                AD_VP           17000                                                                                                                                                                                                      
Lex                  AD_VP           17000                                                                                                                                                                                                      
Alexander            IT_PROG          9000                                                                                                                                                                                                      
Bruce                IT_PROG          6000                                                                                                                                                                                                      
Diana                IT_PROG          4200                                                                                                                                                                                                      
Kevin                ST_MAN           5800                                                                                                                                                                                                      
Trenna               ST_CLERK         3500                                                                                                                                                                                                      
Curtis               ST_CLERK         3100                                                                                                                                                                                                      
Randall              ST_CLERK         2600                                                                                                                                                                                                      
Peter                ST_CLERK         2500                                                                                                                                                                                                      
Eleni                SA_MAN          10500             .2        2100                                                                                                                                                                           
Ellen                SA_REP          11000             .3        3300                                                                                                                                                                           
Jonathon             SA_REP           8600             .3        2580                                                                                                                                                                           
Kimerely             SA_REP           7000            .15        1050                                                                                                                                                                           
Jennifer             AD_ASST          4400                                                                                                                                                                                                      
Michael              MK_MAN          13000                                                                                                                                                                                                      
Pat                  MK_REP           6000                                                                                                                                                                                                      
Shelley              AC_MGR          12000                                                                                                                                                                                                      
William              AC_ACCOUNT       8300                                                                                                                                                                                                      

20 rows selected.

SQL> SELECT FIRST_NAME , JOB_ID , SALARY , COMMISSION_PCT , SALARY * COMMISSION_PCT COMM_AMOUNT , SALARY + (SALARY * COMMISSION_PCT) FROM EMPLOYEES;

FIRST_NAME           JOB_ID         SALARY COMMISSION_PCT COMM_AMOUNT SALARY+(SALARY*COMMISSION_PCT)                                                                                                                                            
-------------------- ---------- ---------- -------------- ----------- ------------------------------                                                                                                                                            
Steven               AD_PRES         24000                                                                                                                                                                                                      
Neena                AD_VP           17000                                                                                                                                                                                                      
Lex                  AD_VP           17000                                                                                                                                                                                                      
Alexander            IT_PROG          9000                                                                                                                                                                                                      
Bruce                IT_PROG          6000                                                                                                                                                                                                      
Diana                IT_PROG          4200                                                                                                                                                                                                      
Kevin                ST_MAN           5800                                                                                                                                                                                                      
Trenna               ST_CLERK         3500                                                                                                                                                                                                      
Curtis               ST_CLERK         3100                                                                                                                                                                                                      
Randall              ST_CLERK         2600                                                                                                                                                                                                      
Peter                ST_CLERK         2500                                                                                                                                                                                                      
Eleni                SA_MAN          10500             .2        2100                          12600                                                                                                                                            
Ellen                SA_REP          11000             .3        3300                          14300                                                                                                                                            
Jonathon             SA_REP           8600             .3        2580                          11180                                                                                                                                            
Kimerely             SA_REP           7000            .15        1050                           8050                                                                                                                                            
Jennifer             AD_ASST          4400                                                                                                                                                                                                      
Michael              MK_MAN          13000                                                                                                                                                                                                      
Pat                  MK_REP           6000                                                                                                                                                                                                      
Shelley              AC_MGR          12000                                                                                                                                                                                                      
William              AC_ACCOUNT       8300                                                                                                                                                                                                      

20 rows selected.

SQL> SELECT FIRST_NAME , JOB_ID , SALARY , COMMISSION_PCT , SALARY * COMMISSION_PCT COMM_AMOUNT , SALARY + NVL((SALARY * COMMISSION_PCT),0) FROM EMPLOYEES;

FIRST_NAME           JOB_ID         SALARY COMMISSION_PCT COMM_AMOUNT SALARY+NVL((SALARY*COMMISSION_PCT),0)                                                                                                                                     
-------------------- ---------- ---------- -------------- ----------- -------------------------------------                                                                                                                                     
Steven               AD_PRES         24000                                                            24000                                                                                                                                     
Neena                AD_VP           17000                                                            17000                                                                                                                                     
Lex                  AD_VP           17000                                                            17000                                                                                                                                     
Alexander            IT_PROG          9000                                                             9000                                                                                                                                     
Bruce                IT_PROG          6000                                                             6000                                                                                                                                     
Diana                IT_PROG          4200                                                             4200                                                                                                                                     
Kevin                ST_MAN           5800                                                             5800                                                                                                                                     
Trenna               ST_CLERK         3500                                                             3500                                                                                                                                     
Curtis               ST_CLERK         3100                                                             3100                                                                                                                                     
Randall              ST_CLERK         2600                                                             2600                                                                                                                                     
Peter                ST_CLERK         2500                                                             2500                                                                                                                                     
Eleni                SA_MAN          10500             .2        2100                                 12600                                                                                                                                     
Ellen                SA_REP          11000             .3        3300                                 14300                                                                                                                                     
Jonathon             SA_REP           8600             .3        2580                                 11180                                                                                                                                     
Kimerely             SA_REP           7000            .15        1050                                  8050                                                                                                                                     
Jennifer             AD_ASST          4400                                                             4400                                                                                                                                     
Michael              MK_MAN          13000                                                            13000                                                                                                                                     
Pat                  MK_REP           6000                                                             6000                                                                                                                                     
Shelley              AC_MGR          12000                                                            12000                                                                                                                                     
William              AC_ACCOUNT       8300                                                             8300                                                                                                                                     

20 rows selected.

SQL> REM NVL : NULL VALUE LOCATOR
SQL> 
SQL> REM NVL : USED TO CHECK FOR VALUE, IF VALUE IS NULL IT WILL REPLACE NULL WITH SECOND ARGUMENT
SQL> 
SQL> 
SQL> SELECT FIRST_NAME , COMMISSION_PCT , NVL(COMMISSION_PCT,.1) FROM EMPLOYEES;

FIRST_NAME           COMMISSION_PCT NVL(COMMISSION_PCT,.1)                                                                                                                                                                                      
-------------------- -------------- ----------------------                                                                                                                                                                                      
Steven                                                  .1                                                                                                                                                                                      
Neena                                                   .1                                                                                                                                                                                      
Lex                                                     .1                                                                                                                                                                                      
Alexander                                               .1                                                                                                                                                                                      
Bruce                                                   .1                                                                                                                                                                                      
Diana                                                   .1                                                                                                                                                                                      
Kevin                                                   .1                                                                                                                                                                                      
Trenna                                                  .1                                                                                                                                                                                      
Curtis                                                  .1                                                                                                                                                                                      
Randall                                                 .1                                                                                                                                                                                      
Peter                                                   .1                                                                                                                                                                                      
Eleni                            .2                     .2                                                                                                                                                                                      
Ellen                            .3                     .3                                                                                                                                                                                      
Jonathon                         .3                     .3                                                                                                                                                                                      
Kimerely                        .15                    .15                                                                                                                                                                                      
Jennifer                                                .1                                                                                                                                                                                      
Michael                                                 .1                                                                                                                                                                                      
Pat                                                     .1                                                                                                                                                                                      
Shelley                                                 .1                                                                                                                                                                                      
William                                                 .1                                                                                                                                                                                      

20 rows selected.

SQL> SELECT FIRST_NAME , COMMISSION_PCT , NVL(COMMISSION_PCT,NO COMM) FROM EMPLOYEES;
SELECT FIRST_NAME , COMMISSION_PCT , NVL(COMMISSION_PCT,NO COMM) FROM EMPLOYEES
                                                           *
ERROR at line 1:
ORA-00907: missing right parenthesis 


SQL> SELECT FIRST_NAME , COMMISSION_PCT , NVL(COMMISSION_PCT,'NO COMM') FROM EMPLOYEES;
SELECT FIRST_NAME , COMMISSION_PCT , NVL(COMMISSION_PCT,'NO COMM') FROM EMPLOYEES
                                                        *
ERROR at line 1:
ORA-01722: invalid number 


SQL> SELECT FIRST_NAME , COMMISSION_PCT , NVL(TO_CHAR(COMMISSION_PCT),'NO COMM') FROM EMPLOYEES;

FIRST_NAME           COMMISSION_PCT NVL(TO_CHAR(COMMISSION_PCT),'NOCOMM')                                                                                                                                                                       
-------------------- -------------- ----------------------------------------                                                                                                                                                                    
Steven                              NO COMM                                                                                                                                                                                                     
Neena                               NO COMM                                                                                                                                                                                                     
Lex                                 NO COMM                                                                                                                                                                                                     
Alexander                           NO COMM                                                                                                                                                                                                     
Bruce                               NO COMM                                                                                                                                                                                                     
Diana                               NO COMM                                                                                                                                                                                                     
Kevin                               NO COMM                                                                                                                                                                                                     
Trenna                              NO COMM                                                                                                                                                                                                     
Curtis                              NO COMM                                                                                                                                                                                                     
Randall                             NO COMM                                                                                                                                                                                                     
Peter                               NO COMM                                                                                                                                                                                                     
Eleni                            .2 .2                                                                                                                                                                                                          
Ellen                            .3 .3                                                                                                                                                                                                          
Jonathon                         .3 .3                                                                                                                                                                                                          
Kimerely                        .15 .15                                                                                                                                                                                                         
Jennifer                            NO COMM                                                                                                                                                                                                     
Michael                             NO COMM                                                                                                                                                                                                     
Pat                                 NO COMM                                                                                                                                                                                                     
Shelley                             NO COMM                                                                                                                                                                                                     
William                             NO COMM                                                                                                                                                                                                     

20 rows selected.

SQL> SELECT FIRST_NAME , COMMISSION_PCT , NVL(TO_CHAR(COMMISSION_PCT),'NO COMM') FROM EMPLOYEES;

FIRST_NAME           COMMISSION_PCT NVL(TO_CHAR(COMMISSION_PCT),'NOCOMM')                                                                                                                                                                       
-------------------- -------------- ----------------------------------------                                                                                                                                                                    
Steven                              NO COMM                                                                                                                                                                                                     
Neena                               NO COMM                                                                                                                                                                                                     
Lex                                 NO COMM                                                                                                                                                                                                     
Alexander                           NO COMM                                                                                                                                                                                                     
Bruce                               NO COMM                                                                                                                                                                                                     
Diana                               NO COMM                                                                                                                                                                                                     
Kevin                               NO COMM                                                                                                                                                                                                     
Trenna                              NO COMM                                                                                                                                                                                                     
Curtis                              NO COMM                                                                                                                                                                                                     
Randall                             NO COMM                                                                                                                                                                                                     
Peter                               NO COMM                                                                                                                                                                                                     
Eleni                            .2 .2                                                                                                                                                                                                          
Ellen                            .3 .3                                                                                                                                                                                                          
Jonathon                         .3 .3                                                                                                                                                                                                          
Kimerely                        .15 .15                                                                                                                                                                                                         
Jennifer                            NO COMM                                                                                                                                                                                                     
Michael                             NO COMM                                                                                                                                                                                                     
Pat                                 NO COMM                                                                                                                                                                                                     
Shelley                             NO COMM                                                                                                                                                                                                     
William                             NO COMM                                                                                                                                                                                                     

20 rows selected.

SQL> REM NVL2 IS USED FOR BOTH WAY REPLACEMENT
SQL> 
SQL> 
SQL> SELECT FIRST_NAME , COMMISSION_PCT , NVL2(COMMISSION_PCT,COMMISSION_PCT+.1,.1) FROM EMPLOYEES;

FIRST_NAME           COMMISSION_PCT NVL2(COMMISSION_PCT,COMMISSION_PCT+.1,.1)                                                                                                                                                                   
-------------------- -------------- -----------------------------------------                                                                                                                                                                   
Steven                                                                     .1                                                                                                                                                                   
Neena                                                                      .1                                                                                                                                                                   
Lex                                                                        .1                                                                                                                                                                   
Alexander                                                                  .1                                                                                                                                                                   
Bruce                                                                      .1                                                                                                                                                                   
Diana                                                                      .1                                                                                                                                                                   
Kevin                                                                      .1                                                                                                                                                                   
Trenna                                                                     .1                                                                                                                                                                   
Curtis                                                                     .1                                                                                                                                                                   
Randall                                                                    .1                                                                                                                                                                   
Peter                                                                      .1                                                                                                                                                                   
Eleni                            .2                                        .3                                                                                                                                                                   
Ellen                            .3                                        .4                                                                                                                                                                   
Jonathon                         .3                                        .4                                                                                                                                                                   
Kimerely                        .15                                       .25                                                                                                                                                                   
Jennifer                                                                   .1                                                                                                                                                                   
Michael                                                                    .1                                                                                                                                                                   
Pat                                                                        .1                                                                                                                                                                   
Shelley                                                                    .1                                                                                                                                                                   
William                                                                    .1                                                                                                                                                                   

20 rows selected.

SQL> SELECT FIRST_NAME , COMMISSION_PCT , NVL2(COMMISSION_PCT,'YES','NO') FROM EMPLOYEES;

FIRST_NAME           COMMISSION_PCT NVL                                                                                                                                                                                                         
-------------------- -------------- ---                                                                                                                                                                                                         
Steven                              NO                                                                                                                                                                                                          
Neena                               NO                                                                                                                                                                                                          
Lex                                 NO                                                                                                                                                                                                          
Alexander                           NO                                                                                                                                                                                                          
Bruce                               NO                                                                                                                                                                                                          
Diana                               NO                                                                                                                                                                                                          
Kevin                               NO                                                                                                                                                                                                          
Trenna                              NO                                                                                                                                                                                                          
Curtis                              NO                                                                                                                                                                                                          
Randall                             NO                                                                                                                                                                                                          
Peter                               NO                                                                                                                                                                                                          
Eleni                            .2 YES                                                                                                                                                                                                         
Ellen                            .3 YES                                                                                                                                                                                                         
Jonathon                         .3 YES                                                                                                                                                                                                         
Kimerely                        .15 YES                                                                                                                                                                                                         
Jennifer                            NO                                                                                                                                                                                                          
Michael                             NO                                                                                                                                                                                                          
Pat                                 NO                                                                                                                                                                                                          
Shelley                             NO                                                                                                                                                                                                          
William                             NO                                                                                                                                                                                                          

20 rows selected.

SQL> SELECT FIRST_NAME , COMMISSION_PCT , NVL2(COMMISSION_PCT,'YES',0) FROM EMPLOYEES;

FIRST_NAME           COMMISSION_PCT NVL                                                                                                                                                                                                         
-------------------- -------------- ---                                                                                                                                                                                                         
Steven                              0                                                                                                                                                                                                           
Neena                               0                                                                                                                                                                                                           
Lex                                 0                                                                                                                                                                                                           
Alexander                           0                                                                                                                                                                                                           
Bruce                               0                                                                                                                                                                                                           
Diana                               0                                                                                                                                                                                                           
Kevin                               0                                                                                                                                                                                                           
Trenna                              0                                                                                                                                                                                                           
Curtis                              0                                                                                                                                                                                                           
Randall                             0                                                                                                                                                                                                           
Peter                               0                                                                                                                                                                                                           
Eleni                            .2 YES                                                                                                                                                                                                         
Ellen                            .3 YES                                                                                                                                                                                                         
Jonathon                         .3 YES                                                                                                                                                                                                         
Kimerely                        .15 YES                                                                                                                                                                                                         
Jennifer                            0                                                                                                                                                                                                           
Michael                             0                                                                                                                                                                                                           
Pat                                 0                                                                                                                                                                                                           
Shelley                             0                                                                                                                                                                                                           
William                             0                                                                                                                                                                                                           

20 rows selected.

SQL> SELECT FIRST_NAME , COMMISSION_PCT , NVL2(COMMISSION_PCT,COMMISSION_PCT+.1,'NO COMM') FROM EMPLOYEES;
SELECT FIRST_NAME , COMMISSION_PCT , NVL2(COMMISSION_PCT,COMMISSION_PCT+.1,'NO COMM') FROM EMPLOYEES
                                                                           *
ERROR at line 1:
ORA-01722: invalid number 


SQL> REM NULLIF : IT COMPARES TWO ARGUMENTS, IF BOTH ARE IDENTICAL WILL RETURN NULL OTHERWISE WILL RETURN FIRST ARGUMENT
SQL> 
SQL> SELECT FIRST_NAME , LAST_NAME , SUBSTR(FIRST_NAME,2,1) , SUBSTR(LAST_NAME,2,1) FROM EMPLOYEES;

FIRST_NAME           LAST_NAME                 SUBS SUBS                                                                                                                                                                                        
-------------------- ------------------------- ---- ----                                                                                                                                                                                        
Steven               King                      t    i                                                                                                                                                                                           
Neena                Kochhar                   e    o                                                                                                                                                                                           
Lex                  De Haan                   e    e                                                                                                                                                                                           
Alexander            Hunold                    l    u                                                                                                                                                                                           
Bruce                Ernst                     r    r                                                                                                                                                                                           
Diana                Lorentz                   i    o                                                                                                                                                                                           
Kevin                Mourgos                   e    o                                                                                                                                                                                           
Trenna               Rajs                      r    a                                                                                                                                                                                           
Curtis               Davies                    u    a                                                                                                                                                                                           
Randall              Matos                     a    a                                                                                                                                                                                           
Peter                Vargas                    e    a                                                                                                                                                                                           
Eleni                Zlotkey                   l    l                                                                                                                                                                                           
Ellen                Abel                      l    b                                                                                                                                                                                           
Jonathon             Taylor                    o    a                                                                                                                                                                                           
Kimerely             Grant                     i    r                                                                                                                                                                                           
Jennifer             Whalen                    e    h                                                                                                                                                                                           
Michael              Hartstein                 i    a                                                                                                                                                                                           
Pat                  Fay                       a    a                                                                                                                                                                                           
Shelley              Higgins                   h    i                                                                                                                                                                                           
William              Gietz                     i    i                                                                                                                                                                                           

20 rows selected.

SQL> SELECT FIRST_NAME , LAST_NAME , SUBSTR(FIRST_NAME,2,1) , SUBSTR(LAST_NAME,2,1) , NULLIF(SUBSTR(FIRST_NAME,2,1) , SUBSTR(LAST_NAME,2,1)) FROM EMPLOYEES;

FIRST_NAME           LAST_NAME                 SUBS SUBS NULL                                                                                                                                                                                   
-------------------- ------------------------- ---- ---- ----                                                                                                                                                                                   
Steven               King                      t    i    t                                                                                                                                                                                      
Neena                Kochhar                   e    o    e                                                                                                                                                                                      
Lex                  De Haan                   e    e                                                                                                                                                                                           
Alexander            Hunold                    l    u    l                                                                                                                                                                                      
Bruce                Ernst                     r    r                                                                                                                                                                                           
Diana                Lorentz                   i    o    i                                                                                                                                                                                      
Kevin                Mourgos                   e    o    e                                                                                                                                                                                      
Trenna               Rajs                      r    a    r                                                                                                                                                                                      
Curtis               Davies                    u    a    u                                                                                                                                                                                      
Randall              Matos                     a    a                                                                                                                                                                                           
Peter                Vargas                    e    a    e                                                                                                                                                                                      
Eleni                Zlotkey                   l    l                                                                                                                                                                                           
Ellen                Abel                      l    b    l                                                                                                                                                                                      
Jonathon             Taylor                    o    a    o                                                                                                                                                                                      
Kimerely             Grant                     i    r    i                                                                                                                                                                                      
Jennifer             Whalen                    e    h    e                                                                                                                                                                                      
Michael              Hartstein                 i    a    i                                                                                                                                                                                      
Pat                  Fay                       a    a                                                                                                                                                                                           
Shelley              Higgins                   h    i    h                                                                                                                                                                                      
William              Gietz                     i    i                                                                                                                                                                                           

20 rows selected.

SQL> SELECT ROWNUM , CHR(ROWNUM) FROM DICT WHERE ROWNUM < 128;

    ROWNUM CHR(                                                                                                                                                                                                                                 
---------- ----                                                                                                                                                                                                                                 
         1                                                                                                                                                                                                                                     
         2                                                                                                                                                                                                                                     
         3                                                                                                                                                                                                                                     
         4                                                                                                                                                                                                                                     
         5                                                                                                                                                                                                                                     
         6                                                                                                                                                                                                                                     
         7                                                                                                                                                                                                                                     
         8                                                                                                                                                                                                                                     
         9 	                                                                                                                                                                                                                                    
        10                                                                                                                                                                                                                                      
        11                                                                                                                                                                                                                                     
        12                                                                                                                                                                                                                                     
        13                                                                                                                                                                                                                                      
        14                                                                                                                                                                                                                                     
        15                                                                                                                                                                                                                                     
        16                                                                                                                                                                                                                                     
        17                                                                                                                                                                                                                                     
        18                                                                                                                                                                                                                                     
        19                                                                                                                                                                                                                                     
        20                                                                                                                                                                                                                                     
        21                                                                                                                                                                                                                                     

    ROWNUM CHR(                                                                                                                                                                                                                                 
---------- ----                                                                                                                                                                                                                                 
        22                                                                                                                                                                                                                                     
        23                                                                                                                                                                                                                                     
        24                                                                                                                                                                                                                                     
        25                                                                                                                                                                                                                                     
        26                                                                                                                                                                                                                                     
        27                                                                                                                                                                                                                                     
        28                                                                                                                                                                                                                                     
        29                                                                                                                                                                                                                                     
        30                                                                                                                                                                                                                                     
        31                                                                                                                                                                                                                                     
        32                                                                                                                                                                                                                                      
        33 !                                                                                                                                                                                                                                    
        34 "                                                                                                                                                                                                                                    
        35 #                                                                                                                                                                                                                                    
        36 $                                                                                                                                                                                                                                    
        37 %                                                                                                                                                                                                                                    
        38 &                                                                                                                                                                                                                                    
        39 '                                                                                                                                                                                                                                    
        40 (                                                                                                                                                                                                                                    
        41 )                                                                                                                                                                                                                                    
        42 *                                                                                                                                                                                                                                    

    ROWNUM CHR(                                                                                                                                                                                                                                 
---------- ----                                                                                                                                                                                                                                 
        43 +                                                                                                                                                                                                                                    
        44 ,                                                                                                                                                                                                                                    
        45 -                                                                                                                                                                                                                                    
        46 .                                                                                                                                                                                                                                    
        47 /                                                                                                                                                                                                                                    
        48 0                                                                                                                                                                                                                                    
        49 1                                                                                                                                                                                                                                    
        50 2                                                                                                                                                                                                                                    
        51 3                                                                                                                                                                                                                                    
        52 4                                                                                                                                                                                                                                    
        53 5                                                                                                                                                                                                                                    
        54 6                                                                                                                                                                                                                                    
        55 7                                                                                                                                                                                                                                    
        56 8                                                                                                                                                                                                                                    
        57 9                                                                                                                                                                                                                                    
        58 :                                                                                                                                                                                                                                    
        59 ;                                                                                                                                                                                                                                    
        60 <                                                                                                                                                                                                                                    
        61 =                                                                                                                                                                                                                                    
        62 >                                                                                                                                                                                                                                    
        63 ?                                                                                                                                                                                                                                    

    ROWNUM CHR(                                                                                                                                                                                                                                 
---------- ----                                                                                                                                                                                                                                 
        64 @                                                                                                                                                                                                                                    
        65 A                                                                                                                                                                                                                                    
        66 B                                                                                                                                                                                                                                    
        67 C                                                                                                                                                                                                                                    
        68 D                                                                                                                                                                                                                                    
        69 E                                                                                                                                                                                                                                    
        70 F                                                                                                                                                                                                                                    
        71 G                                                                                                                                                                                                                                    
        72 H                                                                                                                                                                                                                                    
        73 I                                                                                                                                                                                                                                    
        74 J                                                                                                                                                                                                                                    
        75 K                                                                                                                                                                                                                                    
        76 L                                                                                                                                                                                                                                    
        77 M                                                                                                                                                                                                                                    
        78 N                                                                                                                                                                                                                                    
        79 O                                                                                                                                                                                                                                    
        80 P                                                                                                                                                                                                                                    
        81 Q                                                                                                                                                                                                                                    
        82 R                                                                                                                                                                                                                                    
        83 S                                                                                                                                                                                                                                    
        84 T                                                                                                                                                                                                                                    

    ROWNUM CHR(                                                                                                                                                                                                                                 
---------- ----                                                                                                                                                                                                                                 
        85 U                                                                                                                                                                                                                                    
        86 V                                                                                                                                                                                                                                    
        87 W                                                                                                                                                                                                                                    
        88 X                                                                                                                                                                                                                                    
        89 Y                                                                                                                                                                                                                                    
        90 Z                                                                                                                                                                                                                                    
        91 [                                                                                                                                                                                                                                    
        92 \                                                                                                                                                                                                                                    
        93 ]                                                                                                                                                                                                                                    
        94 ^                                                                                                                                                                                                                                    
        95 _                                                                                                                                                                                                                                    
        96 `                                                                                                                                                                                                                                    
        97 a                                                                                                                                                                                                                                    
        98 b                                                                                                                                                                                                                                    
        99 c                                                                                                                                                                                                                                    
       100 d                                                                                                                                                                                                                                    
       101 e                                                                                                                                                                                                                                    
       102 f                                                                                                                                                                                                                                    
       103 g                                                                                                                                                                                                                                    
       104 h                                                                                                                                                                                                                                    
       105 i                                                                                                                                                                                                                                    

    ROWNUM CHR(                                                                                                                                                                                                                                 
---------- ----                                                                                                                                                                                                                                 
       106 j                                                                                                                                                                                                                                    
       107 k                                                                                                                                                                                                                                    
       108 l                                                                                                                                                                                                                                    
       109 m                                                                                                                                                                                                                                    
       110 n                                                                                                                                                                                                                                    
       111 o                                                                                                                                                                                                                                    
       112 p                                                                                                                                                                                                                                    
       113 q                                                                                                                                                                                                                                    
       114 r                                                                                                                                                                                                                                    
       115 s                                                                                                                                                                                                                                    
       116 t                                                                                                                                                                                                                                    
       117 u                                                                                                                                                                                                                                    
       118 v                                                                                                                                                                                                                                    
       119 w                                                                                                                                                                                                                                    
       120 x                                                                                                                                                                                                                                    
       121 y                                                                                                                                                                                                                                    
       122 z                                                                                                                                                                                                                                    
       123 {                                                                                                                                                                                                                                    
       124 |                                                                                                                                                                                                                                    
       125 }                                                                                                                                                                                                                                    
       126 ~                                                                                                                                                                                                                                    

    ROWNUM CHR(                                                                                                                                                                                                                                 
---------- ----                                                                                                                                                                                                                                 
       127                                                                                                                                                                                                                                     

127 rows selected.

SQL> SELECT FIRST_NAME , LAST_NAME , SUBSTR(FIRST_NAME,2,1) , UPPER(SUBSTR(LAST_NAME,2,1)) , NULLIF(SUBSTR(FIRST_NAME,2,1) , UPPER(SUBSTR(LAST_NAME,2,1))) FROM EMPLOYEES;

FIRST_NAME           LAST_NAME                 SUBS UPPE NULL                                                                                                                                                                                   
-------------------- ------------------------- ---- ---- ----                                                                                                                                                                                   
Steven               King                      t    I    t                                                                                                                                                                                      
Neena                Kochhar                   e    O    e                                                                                                                                                                                      
Lex                  De Haan                   e    E    e                                                                                                                                                                                      
Alexander            Hunold                    l    U    l                                                                                                                                                                                      
Bruce                Ernst                     r    R    r                                                                                                                                                                                      
Diana                Lorentz                   i    O    i                                                                                                                                                                                      
Kevin                Mourgos                   e    O    e                                                                                                                                                                                      
Trenna               Rajs                      r    A    r                                                                                                                                                                                      
Curtis               Davies                    u    A    u                                                                                                                                                                                      
Randall              Matos                     a    A    a                                                                                                                                                                                      
Peter                Vargas                    e    A    e                                                                                                                                                                                      
Eleni                Zlotkey                   l    L    l                                                                                                                                                                                      
Ellen                Abel                      l    B    l                                                                                                                                                                                      
Jonathon             Taylor                    o    A    o                                                                                                                                                                                      
Kimerely             Grant                     i    R    i                                                                                                                                                                                      
Jennifer             Whalen                    e    H    e                                                                                                                                                                                      
Michael              Hartstein                 i    A    i                                                                                                                                                                                      
Pat                  Fay                       a    A    a                                                                                                                                                                                      
Shelley              Higgins                   h    I    h                                                                                                                                                                                      
William              Gietz                     i    I    i                                                                                                                                                                                      

20 rows selected.

SQL> REM COALESCE
SQL> 
SQL> SELECT * FROM CONTACTNO;

NAME                     MOBILE     OPHONE     RPHONE                                                                                                                                                                                           
-------------------- ---------- ---------- ----------                                                                                                                                                                                           
AMIT                 1234567890 9876543210 1122334455                                                                                                                                                                                           
BIREN                6644882244            9876452316                                                                                                                                                                                           
CHETAN                          2277554488                                                                                                                                                                                                      
DHIREN                                     6789054123                                                                                                                                                                                           
EKTA                                                                                                                                                                                                                                            

SQL> SELECT NAME , COALESCE(MOBILE,OPHONE,RPHONE) FROM CONTACTNO;

NAME                 COALESCE(MOBILE,OPHONE,RPHONE)                                                                                                                                                                                             
-------------------- ------------------------------                                                                                                                                                                                             
AMIT                                     1234567890                                                                                                                                                                                             
BIREN                                    6644882244                                                                                                                                                                                             
CHETAN                                   2277554488                                                                                                                                                                                             
DHIREN                                   6789054123                                                                                                                                                                                             
EKTA                                                                                                                                                                                                                                            

SQL> SELECT NAME , COALESCE(MOBILE,OPHONE,RPHONE) FROM CONTACTNO WHERE COALESCE(MOBILE,OPHONE,RPHONE) IS NOT NULL;

NAME                 COALESCE(MOBILE,OPHONE,RPHONE)                                                                                                                                                                                             
-------------------- ------------------------------                                                                                                                                                                                             
AMIT                                     1234567890                                                                                                                                                                                             
BIREN                                    6644882244                                                                                                                                                                                             
CHETAN                                   2277554488                                                                                                                                                                                             
DHIREN                                   6789054123                                                                                                                                                                                             

SQL> SELECT NAME , COALESCE(MOBILE,OPHONE,RPHONE) FROM CONTACTNO;

NAME                 COALESCE(MOBILE,OPHONE,RPHONE)                                                                                                                                                                                             
-------------------- ------------------------------                                                                                                                                                                                             
AMIT                                     1234567890                                                                                                                                                                                             
BIREN                                    6644882244                                                                                                                                                                                             
CHETAN                                   2277554488                                                                                                                                                                                             
DHIREN                                   6789054123                                                                                                                                                                                             
EKTA                                                                                                                                                                                                                                            

SQL> SELECT NAME , COALESCE(OPHONE,MOBILE,RPHONE) FROM CONTACTNO;

NAME                 COALESCE(OPHONE,MOBILE,RPHONE)                                                                                                                                                                                             
-------------------- ------------------------------                                                                                                                                                                                             
AMIT                                     9876543210                                                                                                                                                                                             
BIREN                                    6644882244                                                                                                                                                                                             
CHETAN                                   2277554488                                                                                                                                                                                             
DHIREN                                   6789054123                                                                                                                                                                                             
EKTA                                                                                                                                                                                                                                            

SQL> SELECT NAME , COALESCE(OPHONE,MOBILE,RPHONE,1800600300) FROM CONTACTNO;

NAME                 COALESCE(OPHONE,MOBILE,RPHONE,1800600300)                                                                                                                                                                                  
-------------------- -----------------------------------------                                                                                                                                                                                  
AMIT                                                9876543210                                                                                                                                                                                  
BIREN                                               6644882244                                                                                                                                                                                  
CHETAN                                              2277554488                                                                                                                                                                                  
DHIREN                                              6789054123                                                                                                                                                                                  
EKTA                                                1800600300                                                                                                                                                                                  

SQL> INSERT INTO CONTACTNO VALUES ('SPIDY',123456789,NULL,'');

1 row created.

SQL> COMMIT;

Commit complete.

SQL> SELECT NAME , COALESCE(OPHONE,MOBILE,RPHONE,1800600300) FROM CONTACTNO;

NAME                 COALESCE(OPHONE,MOBILE,RPHONE,1800600300)                                                                                                                                                                                  
-------------------- -----------------------------------------                                                                                                                                                                                  
AMIT                                                9876543210                                                                                                                                                                                  
BIREN                                               6644882244                                                                                                                                                                                  
CHETAN                                              2277554488                                                                                                                                                                                  
DHIREN                                              6789054123                                                                                                                                                                                  
EKTA                                                1800600300                                                                                                                                                                                  
SPIDY                                                123456789                                                                                                                                                                                  

6 rows selected.

SQL> SELECT NAME , COALESCE(OPHONE,MOBILE,RPHONE,1800600300) FROM CONTACTNO WHERE LENGTH(COALESCE(OPHONE,MOBILE,RPHONE,1800600300)) <> 10;

NAME                 COALESCE(OPHONE,MOBILE,RPHONE,1800600300)                                                                                                                                                                                  
-------------------- -----------------------------------------                                                                                                                                                                                  
SPIDY                                                123456789                                                                                                                                                                                  

SQL> SELECT NAME , COALESCE(OPHONE,MOBILE,RPHONE,1800600300) FROM CONTACTNO WHERE LENGTH(COALESCE(OPHONE,MOBILE,RPHONE,1800600300)) = 10;

NAME                 COALESCE(OPHONE,MOBILE,RPHONE,1800600300)                                                                                                                                                                                  
-------------------- -----------------------------------------                                                                                                                                                                                  
AMIT                                                9876543210                                                                                                                                                                                  
BIREN                                               6644882244                                                                                                                                                                                  
CHETAN                                              2277554488                                                                                                                                                                                  
DHIREN                                              6789054123                                                                                                                                                                                  
EKTA                                                1800600300                                                                                                                                                                                  

SQL> SELECT NAME , COALESCE(OPHONE,MOBILE,RPHONE,'NULL') FROM CONTACTNO;
SELECT NAME , COALESCE(OPHONE,MOBILE,RPHONE,'NULL') FROM CONTACTNO
                                            *
ERROR at line 1:
ORA-00932: inconsistent datatypes: expected NUMBER got CHAR 


SQL> SELECT NAME , COALESCE(TO_CHAR(OPHONE),MOBILE,RPHONE,'NULL') FROM CONTACTNO;
SELECT NAME , COALESCE(TO_CHAR(OPHONE),MOBILE,RPHONE,'NULL') FROM CONTACTNO
                                       *
ERROR at line 1:
ORA-00932: inconsistent datatypes: expected CHAR got NUMBER 


SQL> SELECT NAME , COALESCE(TO_CHAR(OPHONE),TO_CHAR(MOBILE),TO_CHAR(RPHONE),'NULL') FROM CONTACTNO;

NAME                 COALESCE(TO_CHAR(OPHONE),TO_CHAR(MOBILE)                                                                                                                                                                                   
-------------------- ----------------------------------------                                                                                                                                                                                   
AMIT                 9876543210                                                                                                                                                                                                                 
BIREN                6644882244                                                                                                                                                                                                                 
CHETAN               2277554488                                                                                                                                                                                                                 
DHIREN               6789054123                                                                                                                                                                                                                 
EKTA                 NULL                                                                                                                                                                                                                       
SPIDY                123456789                                                                                                                                                                                                                  

6 rows selected.

SQL> REM CONDITIONAL FUNCTIONS : 1 DECODE 2 CASE (2 SYNTAXES)
SQL> 
SQL> SELECT FIRST_NAME , JOB_ID , SALARY FROM EMPOYEES;
SELECT FIRST_NAME , JOB_ID , SALARY FROM EMPOYEES
                                         *
ERROR at line 1:
ORA-00942: table or view does not exist 


SQL> SELECT FIRST_NAME , JOB_ID , SALARY FROM EMPLOYEES;

FIRST_NAME           JOB_ID         SALARY                                                                                                                                                                                                      
-------------------- ---------- ----------                                                                                                                                                                                                      
Steven               AD_PRES         24000                                                                                                                                                                                                      
Neena                AD_VP           17000                                                                                                                                                                                                      
Lex                  AD_VP           17000                                                                                                                                                                                                      
Alexander            IT_PROG          9000                                                                                                                                                                                                      
Bruce                IT_PROG          6000                                                                                                                                                                                                      
Diana                IT_PROG          4200                                                                                                                                                                                                      
Kevin                ST_MAN           5800                                                                                                                                                                                                      
Trenna               ST_CLERK         3500                                                                                                                                                                                                      
Curtis               ST_CLERK         3100                                                                                                                                                                                                      
Randall              ST_CLERK         2600                                                                                                                                                                                                      
Peter                ST_CLERK         2500                                                                                                                                                                                                      
Eleni                SA_MAN          10500                                                                                                                                                                                                      
Ellen                SA_REP          11000                                                                                                                                                                                                      
Jonathon             SA_REP           8600                                                                                                                                                                                                      
Kimerely             SA_REP           7000                                                                                                                                                                                                      
Jennifer             AD_ASST          4400                                                                                                                                                                                                      
Michael              MK_MAN          13000                                                                                                                                                                                                      
Pat                  MK_REP           6000                                                                                                                                                                                                      
Shelley              AC_MGR          12000                                                                                                                                                                                                      
William              AC_ACCOUNT       8300                                                                                                                                                                                                      

20 rows selected.

SQL> SELECT FIRST_NAME , JOB_ID , SALARY , SALARY + 500 FROM EMPLOYEES;

FIRST_NAME           JOB_ID         SALARY SALARY+500                                                                                                                                                                                           
-------------------- ---------- ---------- ----------                                                                                                                                                                                           
Steven               AD_PRES         24000      24500                                                                                                                                                                                           
Neena                AD_VP           17000      17500                                                                                                                                                                                           
Lex                  AD_VP           17000      17500                                                                                                                                                                                           
Alexander            IT_PROG          9000       9500                                                                                                                                                                                           
Bruce                IT_PROG          6000       6500                                                                                                                                                                                           
Diana                IT_PROG          4200       4700                                                                                                                                                                                           
Kevin                ST_MAN           5800       6300                                                                                                                                                                                           
Trenna               ST_CLERK         3500       4000                                                                                                                                                                                           
Curtis               ST_CLERK         3100       3600                                                                                                                                                                                           
Randall              ST_CLERK         2600       3100                                                                                                                                                                                           
Peter                ST_CLERK         2500       3000                                                                                                                                                                                           
Eleni                SA_MAN          10500      11000                                                                                                                                                                                           
Ellen                SA_REP          11000      11500                                                                                                                                                                                           
Jonathon             SA_REP           8600       9100                                                                                                                                                                                           
Kimerely             SA_REP           7000       7500                                                                                                                                                                                           
Jennifer             AD_ASST          4400       4900                                                                                                                                                                                           
Michael              MK_MAN          13000      13500                                                                                                                                                                                           
Pat                  MK_REP           6000       6500                                                                                                                                                                                           
Shelley              AC_MGR          12000      12500                                                                                                                                                                                           
William              AC_ACCOUNT       8300       8800                                                                                                                                                                                           

20 rows selected.

SQL> SELECT FIRST_NAME , JOB_ID , SALARY , SALARY * 1.1 FROM EMPLOYEES;

FIRST_NAME           JOB_ID         SALARY SALARY*1.1                                                                                                                                                                                           
-------------------- ---------- ---------- ----------                                                                                                                                                                                           
Steven               AD_PRES         24000      26400                                                                                                                                                                                           
Neena                AD_VP           17000      18700                                                                                                                                                                                           
Lex                  AD_VP           17000      18700                                                                                                                                                                                           
Alexander            IT_PROG          9000       9900                                                                                                                                                                                           
Bruce                IT_PROG          6000       6600                                                                                                                                                                                           
Diana                IT_PROG          4200       4620                                                                                                                                                                                           
Kevin                ST_MAN           5800       6380                                                                                                                                                                                           
Trenna               ST_CLERK         3500       3850                                                                                                                                                                                           
Curtis               ST_CLERK         3100       3410                                                                                                                                                                                           
Randall              ST_CLERK         2600       2860                                                                                                                                                                                           
Peter                ST_CLERK         2500       2750                                                                                                                                                                                           
Eleni                SA_MAN          10500      11550                                                                                                                                                                                           
Ellen                SA_REP          11000      12100                                                                                                                                                                                           
Jonathon             SA_REP           8600       9460                                                                                                                                                                                           
Kimerely             SA_REP           7000       7700                                                                                                                                                                                           
Jennifer             AD_ASST          4400       4840                                                                                                                                                                                           
Michael              MK_MAN          13000      14300                                                                                                                                                                                           
Pat                  MK_REP           6000       6600                                                                                                                                                                                           
Shelley              AC_MGR          12000      13200                                                                                                                                                                                           
William              AC_ACCOUNT       8300       9130                                                                                                                                                                                           

20 rows selected.

SQL> SELECT FIRST_NAME , JOB_ID , SALARY , SALARY + (SALARY * 10 / 100) FROM EMPLOYEES;

FIRST_NAME           JOB_ID         SALARY SALARY+(SALARY*10/100)                                                                                                                                                                               
-------------------- ---------- ---------- ----------------------                                                                                                                                                                               
Steven               AD_PRES         24000                  26400                                                                                                                                                                               
Neena                AD_VP           17000                  18700                                                                                                                                                                               
Lex                  AD_VP           17000                  18700                                                                                                                                                                               
Alexander            IT_PROG          9000                   9900                                                                                                                                                                               
Bruce                IT_PROG          6000                   6600                                                                                                                                                                               
Diana                IT_PROG          4200                   4620                                                                                                                                                                               
Kevin                ST_MAN           5800                   6380                                                                                                                                                                               
Trenna               ST_CLERK         3500                   3850                                                                                                                                                                               
Curtis               ST_CLERK         3100                   3410                                                                                                                                                                               
Randall              ST_CLERK         2600                   2860                                                                                                                                                                               
Peter                ST_CLERK         2500                   2750                                                                                                                                                                               
Eleni                SA_MAN          10500                  11550                                                                                                                                                                               
Ellen                SA_REP          11000                  12100                                                                                                                                                                               
Jonathon             SA_REP           8600                   9460                                                                                                                                                                               
Kimerely             SA_REP           7000                   7700                                                                                                                                                                               
Jennifer             AD_ASST          4400                   4840                                                                                                                                                                               
Michael              MK_MAN          13000                  14300                                                                                                                                                                               
Pat                  MK_REP           6000                   6600                                                                                                                                                                               
Shelley              AC_MGR          12000                  13200                                                                                                                                                                               
William              AC_ACCOUNT       8300                   9130                                                                                                                                                                               

20 rows selected.

SQL> REM JOB_ID : IT_PROG 1000 , ST_CLERK 500 , SA_REP 700 , REMAINING 1200
SQL> 
SQL> SELECT FIRST_NAME , JOB_ID , SALARY ,
  2  DECODE(JOB_ID,'IT_PROG',SALARY + 1000,
  3                'ST_CLERK',SALARY+500,
  4                'SA_REP',SALARY+700,
  5                                    SALARY+1200) NEW_SALARY
  6  FROM EMPLOYEES;

FIRST_NAME           JOB_ID         SALARY NEW_SALARY                                                                                                                                                                                           
-------------------- ---------- ---------- ----------                                                                                                                                                                                           
Steven               AD_PRES         24000      25200                                                                                                                                                                                           
Neena                AD_VP           17000      18200                                                                                                                                                                                           
Lex                  AD_VP           17000      18200                                                                                                                                                                                           
Alexander            IT_PROG          9000      10000                                                                                                                                                                                           
Bruce                IT_PROG          6000       7000                                                                                                                                                                                           
Diana                IT_PROG          4200       5200                                                                                                                                                                                           
Kevin                ST_MAN           5800       7000                                                                                                                                                                                           
Trenna               ST_CLERK         3500       4000                                                                                                                                                                                           
Curtis               ST_CLERK         3100       3600                                                                                                                                                                                           
Randall              ST_CLERK         2600       3100                                                                                                                                                                                           
Peter                ST_CLERK         2500       3000                                                                                                                                                                                           
Eleni                SA_MAN          10500      11700                                                                                                                                                                                           
Ellen                SA_REP          11000      11700                                                                                                                                                                                           
Jonathon             SA_REP           8600       9300                                                                                                                                                                                           
Kimerely             SA_REP           7000       7700                                                                                                                                                                                           
Jennifer             AD_ASST          4400       5600                                                                                                                                                                                           
Michael              MK_MAN          13000      14200                                                                                                                                                                                           
Pat                  MK_REP           6000       7200                                                                                                                                                                                           
Shelley              AC_MGR          12000      13200                                                                                                                                                                                           
William              AC_ACCOUNT       8300       9500                                                                                                                                                                                           

20 rows selected.

SQL> SELECT FIRST_NAME , DEPARTMENT_ID , SALARY , SALARY + (SALARY * 10 / 100) FROM EMPLOYEES;

FIRST_NAME           DEPARTMENT_ID     SALARY SALARY+(SALARY*10/100)                                                                                                                                                                            
-------------------- ------------- ---------- ----------------------                                                                                                                                                                            
Steven                          90      24000                  26400                                                                                                                                                                            
Neena                           90      17000                  18700                                                                                                                                                                            
Lex                             90      17000                  18700                                                                                                                                                                            
Alexander                       60       9000                   9900                                                                                                                                                                            
Bruce                           60       6000                   6600                                                                                                                                                                            
Diana                           60       4200                   4620                                                                                                                                                                            
Kevin                           50       5800                   6380                                                                                                                                                                            
Trenna                          50       3500                   3850                                                                                                                                                                            
Curtis                          50       3100                   3410                                                                                                                                                                            
Randall                         50       2600                   2860                                                                                                                                                                            
Peter                           50       2500                   2750                                                                                                                                                                            
Eleni                           80      10500                  11550                                                                                                                                                                            
Ellen                           80      11000                  12100                                                                                                                                                                            
Jonathon                        80       8600                   9460                                                                                                                                                                            
Kimerely                                 7000                   7700                                                                                                                                                                            
Jennifer                        10       4400                   4840                                                                                                                                                                            
Michael                         20      13000                  14300                                                                                                                                                                            
Pat                             20       6000                   6600                                                                                                                                                                            
Shelley                        110      12000                  13200                                                                                                                                                                            
William                        110       8300                   9130                                                                                                                                                                            

20 rows selected.

SQL> REM DEPARTMENT_ID = 90 -> 20% , 50 -> 30% , 80 -> 40% , REMAINING 25%
SQL> 
SQL> SELECT FIRST_NAME , DEPARTMENT_ID , SALARY ,
  2  DECODE(DEPARTMENT_ID , 90 , SALARY * 1.2,
  3                         50 , SALARY * 1.3,
  4                         80 , SALARY * 1.4,
  5                                           SALARY * 1.25) NEW_SALARY
  6  FROM EMPLOYEES;

FIRST_NAME           DEPARTMENT_ID     SALARY NEW_SALARY                                                                                                                                                                                        
-------------------- ------------- ---------- ----------                                                                                                                                                                                        
Steven                          90      24000      28800                                                                                                                                                                                        
Neena                           90      17000      20400                                                                                                                                                                                        
Lex                             90      17000      20400                                                                                                                                                                                        
Alexander                       60       9000      11250                                                                                                                                                                                        
Bruce                           60       6000       7500                                                                                                                                                                                        
Diana                           60       4200       5250                                                                                                                                                                                        
Kevin                           50       5800       7540                                                                                                                                                                                        
Trenna                          50       3500       4550                                                                                                                                                                                        
Curtis                          50       3100       4030                                                                                                                                                                                        
Randall                         50       2600       3380                                                                                                                                                                                        
Peter                           50       2500       3250                                                                                                                                                                                        
Eleni                           80      10500      14700                                                                                                                                                                                        
Ellen                           80      11000      15400                                                                                                                                                                                        
Jonathon                        80       8600      12040                                                                                                                                                                                        
Kimerely                                 7000       8750                                                                                                                                                                                        
Jennifer                        10       4400       5500                                                                                                                                                                                        
Michael                         20      13000      16250                                                                                                                                                                                        
Pat                             20       6000       7500                                                                                                                                                                                        
Shelley                        110      12000      15000                                                                                                                                                                                        
William                        110       8300      10375                                                                                                                                                                                        

20 rows selected.

SQL> REM CASE :
SQL> 
SQL> SELECT FIRST_NAME , JOB_ID , SALARY ,
  2  DECODE(JOB_ID,'IT_PROG',SALARY + 1000,
  3                'ST_CLERK',SALARY+500,
  4                'SA_REP',SALARY+700,
  5                                    SALARY+1200) NEW_SALARY
  6  FROM EMPLOYEES;

FIRST_NAME           JOB_ID         SALARY NEW_SALARY                                                                                                                                                                                           
-------------------- ---------- ---------- ----------                                                                                                                                                                                           
Steven               AD_PRES         24000      25200                                                                                                                                                                                           
Neena                AD_VP           17000      18200                                                                                                                                                                                           
Lex                  AD_VP           17000      18200                                                                                                                                                                                           
Alexander            IT_PROG          9000      10000                                                                                                                                                                                           
Bruce                IT_PROG          6000       7000                                                                                                                                                                                           
Diana                IT_PROG          4200       5200                                                                                                                                                                                           
Kevin                ST_MAN           5800       7000                                                                                                                                                                                           
Trenna               ST_CLERK         3500       4000                                                                                                                                                                                           
Curtis               ST_CLERK         3100       3600                                                                                                                                                                                           
Randall              ST_CLERK         2600       3100                                                                                                                                                                                           
Peter                ST_CLERK         2500       3000                                                                                                                                                                                           
Eleni                SA_MAN          10500      11700                                                                                                                                                                                           
Ellen                SA_REP          11000      11700                                                                                                                                                                                           
Jonathon             SA_REP           8600       9300                                                                                                                                                                                           
Kimerely             SA_REP           7000       7700                                                                                                                                                                                           
Jennifer             AD_ASST          4400       5600                                                                                                                                                                                           
Michael              MK_MAN          13000      14200                                                                                                                                                                                           
Pat                  MK_REP           6000       7200                                                                                                                                                                                           
Shelley              AC_MGR          12000      13200                                                                                                                                                                                           
William              AC_ACCOUNT       8300       9500                                                                                                                                                                                           

20 rows selected.

SQL> 
SQL> SELECT FIRST_NAME , JOB_ID , SALARY ,
  2  CASE JOB_ID WHEN 'IT_PROG' THEN SALARY + 1000
  3              WHEN 'ST_CLERK' THEN SALARY + 500
  4              WHEN 'SA_REP'   THEN SALARY + 700
  5                                                ELSE SALARY + 1200 END NEW_SALARY
  6  FROM EMPLOYEES;

FIRST_NAME           JOB_ID         SALARY NEW_SALARY                                                                                                                                                                                           
-------------------- ---------- ---------- ----------                                                                                                                                                                                           
Steven               AD_PRES         24000      25200                                                                                                                                                                                           
Neena                AD_VP           17000      18200                                                                                                                                                                                           
Lex                  AD_VP           17000      18200                                                                                                                                                                                           
Alexander            IT_PROG          9000      10000                                                                                                                                                                                           
Bruce                IT_PROG          6000       7000                                                                                                                                                                                           
Diana                IT_PROG          4200       5200                                                                                                                                                                                           
Kevin                ST_MAN           5800       7000                                                                                                                                                                                           
Trenna               ST_CLERK         3500       4000                                                                                                                                                                                           
Curtis               ST_CLERK         3100       3600                                                                                                                                                                                           
Randall              ST_CLERK         2600       3100                                                                                                                                                                                           
Peter                ST_CLERK         2500       3000                                                                                                                                                                                           
Eleni                SA_MAN          10500      11700                                                                                                                                                                                           
Ellen                SA_REP          11000      11700                                                                                                                                                                                           
Jonathon             SA_REP           8600       9300                                                                                                                                                                                           
Kimerely             SA_REP           7000       7700                                                                                                                                                                                           
Jennifer             AD_ASST          4400       5600                                                                                                                                                                                           
Michael              MK_MAN          13000      14200                                                                                                                                                                                           
Pat                  MK_REP           6000       7200                                                                                                                                                                                           
Shelley              AC_MGR          12000      13200                                                                                                                                                                                           
William              AC_ACCOUNT       8300       9500                                                                                                                                                                                           

20 rows selected.

SQL> REM DEPARTMENT_ID = 90 -> 20% , 50 -> 30% , 80 -> 40% , REMAINING 25%
SQL> 
SQL> SELECT FIRST_NAME , DEPARTMENT_ID , SALARY ,
  2  CASE DEPARTMENT_ID WHEN 90 THEN SALARY * 1.2
  3                     WHEN 50 THEN SALARY * 1.3
  4                     WHEN 80 THEN SALARY * 1.4
  5                                               ELSE SALARY * 1.25 END NEW_SALARY
  6  FROM EMPLOYEES;

FIRST_NAME           DEPARTMENT_ID     SALARY NEW_SALARY                                                                                                                                                                                        
-------------------- ------------- ---------- ----------                                                                                                                                                                                        
Steven                          90      24000      28800                                                                                                                                                                                        
Neena                           90      17000      20400                                                                                                                                                                                        
Lex                             90      17000      20400                                                                                                                                                                                        
Alexander                       60       9000      11250                                                                                                                                                                                        
Bruce                           60       6000       7500                                                                                                                                                                                        
Diana                           60       4200       5250                                                                                                                                                                                        
Kevin                           50       5800       7540                                                                                                                                                                                        
Trenna                          50       3500       4550                                                                                                                                                                                        
Curtis                          50       3100       4030                                                                                                                                                                                        
Randall                         50       2600       3380                                                                                                                                                                                        
Peter                           50       2500       3250                                                                                                                                                                                        
Eleni                           80      10500      14700                                                                                                                                                                                        
Ellen                           80      11000      15400                                                                                                                                                                                        
Jonathon                        80       8600      12040                                                                                                                                                                                        
Kimerely                                 7000       8750                                                                                                                                                                                        
Jennifer                        10       4400       5500                                                                                                                                                                                        
Michael                         20      13000      16250                                                                                                                                                                                        
Pat                             20       6000       7500                                                                                                                                                                                        
Shelley                        110      12000      15000                                                                                                                                                                                        
William                        110       8300      10375                                                                                                                                                                                        

20 rows selected.

SQL> REM DEPARTMENT_ID = 90 -> 20% , 50 -> 30% , 80 -> 40%
SQL> 
SQL> SELECT FIRST_NAME , JOB_ID , SALARY ,
  2  DECODE(JOB_ID,'IT_PROG',SALARY + 1000,
  3                'ST_CLERK',SALARY+500,
  4                'SA_REP',SALARY+700) NEW_SALARY
  5  FROM EMPLOYEES;

FIRST_NAME           JOB_ID         SALARY NEW_SALARY                                                                                                                                                                                           
-------------------- ---------- ---------- ----------                                                                                                                                                                                           
Steven               AD_PRES         24000                                                                                                                                                                                                      
Neena                AD_VP           17000                                                                                                                                                                                                      
Lex                  AD_VP           17000                                                                                                                                                                                                      
Alexander            IT_PROG          9000      10000                                                                                                                                                                                           
Bruce                IT_PROG          6000       7000                                                                                                                                                                                           
Diana                IT_PROG          4200       5200                                                                                                                                                                                           
Kevin                ST_MAN           5800                                                                                                                                                                                                      
Trenna               ST_CLERK         3500       4000                                                                                                                                                                                           
Curtis               ST_CLERK         3100       3600                                                                                                                                                                                           
Randall              ST_CLERK         2600       3100                                                                                                                                                                                           
Peter                ST_CLERK         2500       3000                                                                                                                                                                                           
Eleni                SA_MAN          10500                                                                                                                                                                                                      
Ellen                SA_REP          11000      11700                                                                                                                                                                                           
Jonathon             SA_REP           8600       9300                                                                                                                                                                                           
Kimerely             SA_REP           7000       7700                                                                                                                                                                                           
Jennifer             AD_ASST          4400                                                                                                                                                                                                      
Michael              MK_MAN          13000                                                                                                                                                                                                      
Pat                  MK_REP           6000                                                                                                                                                                                                      
Shelley              AC_MGR          12000                                                                                                                                                                                                      
William              AC_ACCOUNT       8300                                                                                                                                                                                                      

20 rows selected.

SQL> ED
Wrote file afiedt.buf

  1  SELECT FIRST_NAME , JOB_ID , SALARY ,
  2  DECODE(JOB_ID,'IT_PROG',SALARY + 1000,
  3                'ST_CLERK',SALARY+500,
  4                'SA_REP',SALARY+700,
  5                                                               SALARY) NEW_SALARY
  6* FROM EMPLOYEES
SQL> /

FIRST_NAME           JOB_ID         SALARY NEW_SALARY                                                                                                                                                                                           
-------------------- ---------- ---------- ----------                                                                                                                                                                                           
Steven               AD_PRES         24000      24000                                                                                                                                                                                           
Neena                AD_VP           17000      17000                                                                                                                                                                                           
Lex                  AD_VP           17000      17000                                                                                                                                                                                           
Alexander            IT_PROG          9000      10000                                                                                                                                                                                           
Bruce                IT_PROG          6000       7000                                                                                                                                                                                           
Diana                IT_PROG          4200       5200                                                                                                                                                                                           
Kevin                ST_MAN           5800       5800                                                                                                                                                                                           
Trenna               ST_CLERK         3500       4000                                                                                                                                                                                           
Curtis               ST_CLERK         3100       3600                                                                                                                                                                                           
Randall              ST_CLERK         2600       3100                                                                                                                                                                                           
Peter                ST_CLERK         2500       3000                                                                                                                                                                                           
Eleni                SA_MAN          10500      10500                                                                                                                                                                                           
Ellen                SA_REP          11000      11700                                                                                                                                                                                           
Jonathon             SA_REP           8600       9300                                                                                                                                                                                           
Kimerely             SA_REP           7000       7700                                                                                                                                                                                           
Jennifer             AD_ASST          4400       4400                                                                                                                                                                                           
Michael              MK_MAN          13000      13000                                                                                                                                                                                           
Pat                  MK_REP           6000       6000                                                                                                                                                                                           
Shelley              AC_MGR          12000      12000                                                                                                                                                                                           
William              AC_ACCOUNT       8300       8300                                                                                                                                                                                           

20 rows selected.

SQL> SELECT FIRST_NAME , JOB_ID , SALARY ,
  2  DECODE(JOB_ID,'IT_PROG',SALARY + 1000,
  3                'ST_CLERK',SALARY+500,
  4                'SA_REP',SALARY+700) NEW_SALARY
  5  FROM EMPLOYEES;

FIRST_NAME           JOB_ID         SALARY NEW_SALARY                                                                                                                                                                                           
-------------------- ---------- ---------- ----------                                                                                                                                                                                           
Steven               AD_PRES         24000                                                                                                                                                                                                      
Neena                AD_VP           17000                                                                                                                                                                                                      
Lex                  AD_VP           17000                                                                                                                                                                                                      
Alexander            IT_PROG          9000      10000                                                                                                                                                                                           
Bruce                IT_PROG          6000       7000                                                                                                                                                                                           
Diana                IT_PROG          4200       5200                                                                                                                                                                                           
Kevin                ST_MAN           5800                                                                                                                                                                                                      
Trenna               ST_CLERK         3500       4000                                                                                                                                                                                           
Curtis               ST_CLERK         3100       3600                                                                                                                                                                                           
Randall              ST_CLERK         2600       3100                                                                                                                                                                                           
Peter                ST_CLERK         2500       3000                                                                                                                                                                                           
Eleni                SA_MAN          10500                                                                                                                                                                                                      
Ellen                SA_REP          11000      11700                                                                                                                                                                                           
Jonathon             SA_REP           8600       9300                                                                                                                                                                                           
Kimerely             SA_REP           7000       7700                                                                                                                                                                                           
Jennifer             AD_ASST          4400                                                                                                                                                                                                      
Michael              MK_MAN          13000                                                                                                                                                                                                      
Pat                  MK_REP           6000                                                                                                                                                                                                      
Shelley              AC_MGR          12000                                                                                                                                                                                                      
William              AC_ACCOUNT       8300                                                                                                                                                                                                      

20 rows selected.

SQL> SELECT FIRST_NAME , DEPARTMENT_ID , SALARY ,
  2  CASE DEPARTMENT_ID WHEN 90 THEN SALARY * 1.2
  3                     WHEN 50 THEN SALARY * 1.3
  4                     WHEN 80 THEN SALARY * 1.4
  5                                               ELSE SALARY * 1.25 END NEW_SALARY
  6  FROM EMPLOYEES;

FIRST_NAME           DEPARTMENT_ID     SALARY NEW_SALARY                                                                                                                                                                                        
-------------------- ------------- ---------- ----------                                                                                                                                                                                        
Steven                          90      24000      28800                                                                                                                                                                                        
Neena                           90      17000      20400                                                                                                                                                                                        
Lex                             90      17000      20400                                                                                                                                                                                        
Alexander                       60       9000      11250                                                                                                                                                                                        
Bruce                           60       6000       7500                                                                                                                                                                                        
Diana                           60       4200       5250                                                                                                                                                                                        
Kevin                           50       5800       7540                                                                                                                                                                                        
Trenna                          50       3500       4550                                                                                                                                                                                        
Curtis                          50       3100       4030                                                                                                                                                                                        
Randall                         50       2600       3380                                                                                                                                                                                        
Peter                           50       2500       3250                                                                                                                                                                                        
Eleni                           80      10500      14700                                                                                                                                                                                        
Ellen                           80      11000      15400                                                                                                                                                                                        
Jonathon                        80       8600      12040                                                                                                                                                                                        
Kimerely                                 7000       8750                                                                                                                                                                                        
Jennifer                        10       4400       5500                                                                                                                                                                                        
Michael                         20      13000      16250                                                                                                                                                                                        
Pat                             20       6000       7500                                                                                                                                                                                        
Shelley                        110      12000      15000                                                                                                                                                                                        
William                        110       8300      10375                                                                                                                                                                                        

20 rows selected.

SQL> SELECT FIRST_NAME , DEPARTMENT_ID , SALARY ,
  2  CASE DEPARTMENT_ID WHEN 90 THEN SALARY * 1.2
  3                     WHEN 50 THEN SALARY * 1.3
  4                     WHEN 80 THEN SALARY * 1.4
  5  END NEW_SALARY
  6  FROM EMPLOYEES;

FIRST_NAME           DEPARTMENT_ID     SALARY NEW_SALARY                                                                                                                                                                                        
-------------------- ------------- ---------- ----------                                                                                                                                                                                        
Steven                          90      24000      28800                                                                                                                                                                                        
Neena                           90      17000      20400                                                                                                                                                                                        
Lex                             90      17000      20400                                                                                                                                                                                        
Alexander                       60       9000                                                                                                                                                                                                   
Bruce                           60       6000                                                                                                                                                                                                   
Diana                           60       4200                                                                                                                                                                                                   
Kevin                           50       5800       7540                                                                                                                                                                                        
Trenna                          50       3500       4550                                                                                                                                                                                        
Curtis                          50       3100       4030                                                                                                                                                                                        
Randall                         50       2600       3380                                                                                                                                                                                        
Peter                           50       2500       3250                                                                                                                                                                                        
Eleni                           80      10500      14700                                                                                                                                                                                        
Ellen                           80      11000      15400                                                                                                                                                                                        
Jonathon                        80       8600      12040                                                                                                                                                                                        
Kimerely                                 7000                                                                                                                                                                                                   
Jennifer                        10       4400                                                                                                                                                                                                   
Michael                         20      13000                                                                                                                                                                                                   
Pat                             20       6000                                                                                                                                                                                                   
Shelley                        110      12000                                                                                                                                                                                                   
William                        110       8300                                                                                                                                                                                                   

20 rows selected.

SQL> SELECT FIRST_NAME , DEPARTMENT_ID , SALARY ,
  2  CASE DEPARTMENT_ID WHEN 90 THEN SALARY * 1.2
  3                     WHEN 50 THEN SALARY * 1.3
  4                     WHEN 80 THEN SALARY * 1.4
  5                     ELSE SALARY END NEW_SALARY
  6  FROM EMPLOYEES;

FIRST_NAME           DEPARTMENT_ID     SALARY NEW_SALARY                                                                                                                                                                                        
-------------------- ------------- ---------- ----------                                                                                                                                                                                        
Steven                          90      24000      28800                                                                                                                                                                                        
Neena                           90      17000      20400                                                                                                                                                                                        
Lex                             90      17000      20400                                                                                                                                                                                        
Alexander                       60       9000       9000                                                                                                                                                                                        
Bruce                           60       6000       6000                                                                                                                                                                                        
Diana                           60       4200       4200                                                                                                                                                                                        
Kevin                           50       5800       7540                                                                                                                                                                                        
Trenna                          50       3500       4550                                                                                                                                                                                        
Curtis                          50       3100       4030                                                                                                                                                                                        
Randall                         50       2600       3380                                                                                                                                                                                        
Peter                           50       2500       3250                                                                                                                                                                                        
Eleni                           80      10500      14700                                                                                                                                                                                        
Ellen                           80      11000      15400                                                                                                                                                                                        
Jonathon                        80       8600      12040                                                                                                                                                                                        
Kimerely                                 7000       7000                                                                                                                                                                                        
Jennifer                        10       4400       4400                                                                                                                                                                                        
Michael                         20      13000      13000                                                                                                                                                                                        
Pat                             20       6000       6000                                                                                                                                                                                        
Shelley                        110      12000      12000                                                                                                                                                                                        
William                        110       8300       8300                                                                                                                                                                                        

20 rows selected.

SQL> REM SALARY : UPTO 6000 40% , 6001 - 10000 30% , 10001 TO 15000 20% , REMAINING 10%
SQL> 
SQL> SELECT FIRST_NAME , SALARY ,
  2  CASE WHEN SALARY <= 6000      THEN SALARY * 1.4
  3       WHEN SALARY BETWEEN 6001 AND 10000 THEN SALARY * 1.3
  4       WHEN SALARY BETWEEN 10001 AND 15000 THEN SALARY * 1.2
  5       ELSE SALARY * 1.1 END NEW_SALARY
  6  FROM EMPLOYEES
  7  ORDER BY 2;

FIRST_NAME               SALARY NEW_SALARY                                                                                                                                                                                                      
-------------------- ---------- ----------                                                                                                                                                                                                      
Peter                      2500       3500                                                                                                                                                                                                      
Randall                    2600       3640                                                                                                                                                                                                      
Curtis                     3100       4340                                                                                                                                                                                                      
Trenna                     3500       4900                                                                                                                                                                                                      
Diana                      4200       5880                                                                                                                                                                                                      
Jennifer                   4400       6160                                                                                                                                                                                                      
Kevin                      5800       8120                                                                                                                                                                                                      
Bruce                      6000       8400                                                                                                                                                                                                      
Pat                        6000       8400                                                                                                                                                                                                      
Kimerely                   7000       9100                                                                                                                                                                                                      
William                    8300      10790                                                                                                                                                                                                      
Jonathon                   8600      11180                                                                                                                                                                                                      
Alexander                  9000      11700                                                                                                                                                                                                      
Eleni                     10500      12600                                                                                                                                                                                                      
Ellen                     11000      13200                                                                                                                                                                                                      
Shelley                   12000      14400                                                                                                                                                                                                      
Michael                   13000      15600                                                                                                                                                                                                      
Neena                     17000      18700                                                                                                                                                                                                      
Lex                       17000      18700                                                                                                                                                                                                      
Steven                    24000      26400                                                                                                                                                                                                      

20 rows selected.

SQL> 
SQL> REM HIRE YEAR : UPTO 1990 40%  1991 -1995 30% , 1996-1998 20% , REMAINING 10%
SQL> 
SQL> SELECT FIRST_NAME , HIRE_DATE , SALARY ,
  2  CASE WHEN HIRE_DATE <= '31-DEC-90' THEN SALARY * 1.4
  3       WHEN HIRE_DATE BETWEEN '01-JAN-91' AND '31-DEC-95' THEN SALARY * 1.3
  4       WHEN HIRE_DATE BETWEEN '01-JAN-96' AND '31-DEC-98' THEN SALARY * 1.2
  5       ELSE SALARY * 1.1 END NEW_SALARY
  6  FROM EMPLOYEES
  7  ORDER BY 2;

FIRST_NAME           HIRE_DATE     SALARY NEW_SALARY                                                                                                                                                                                            
-------------------- --------- ---------- ----------                                                                                                                                                                                            
Steven               17-JUL-87      24000      33600                                                                                                                                                                                            
Jennifer             17-SEP-87       4400       6160                                                                                                                                                                                            
Neena                21-SEP-89      17000      23800                                                                                                                                                                                            
Alexander            03-JAN-90       9000      12600                                                                                                                                                                                            
Bruce                21-MAY-91       6000       7800                                                                                                                                                                                            
Lex                  13-JAN-93      17000      22100                                                                                                                                                                                            
Shelley              07-JUN-94      12000      15600                                                                                                                                                                                            
William              07-JUN-94       8300      10790                                                                                                                                                                                            
Trenna               17-OCT-95       3500       4550                                                                                                                                                                                            
Michael              17-FEB-96      13000      15600                                                                                                                                                                                            
Ellen                11-MAY-96      11000      13200                                                                                                                                                                                            
Curtis               29-JAN-97       3100       3720                                                                                                                                                                                            
Pat                  17-AUG-97       6000       7200                                                                                                                                                                                            
Randall              15-MAR-98       2600       3120                                                                                                                                                                                            
Jonathon             24-MAR-98       8600      10320                                                                                                                                                                                            
Peter                09-JUL-98       2500       3000                                                                                                                                                                                            
Diana                07-FEB-99       4200       4620                                                                                                                                                                                            
Kimerely             24-MAY-99       7000       7700                                                                                                                                                                                            
Kevin                16-NOV-99       5800       6380                                                                                                                                                                                            
Eleni                29-JAN-00      10500      11550                                                                                                                                                                                            

20 rows selected.

SQL> SELECT FIRST_NAME , HIRE_DATE , SALARY ,
  2  CASE WHEN TO_CHAR(HIRE_DATE,'YYYY') <= 1990 THEN SALARY * 1.4
  3       WHEN TO_CHAR(HIRE_DATE,'RRRR') BETWEEN 1991 AND 1995 THEN SALARY * 1.3
  4       WHEN TO_CHAR(HIRE_DATE,'RRYY') BETWEEN 1996 AND 1998 THEN SALARY * 1.2
  5       ELSE SALARY * 1.1 END NEW_SALARY
  6  FROM EMPLOYEES
  7  ORDER BY 2;

FIRST_NAME           HIRE_DATE     SALARY NEW_SALARY                                                                                                                                                                                            
-------------------- --------- ---------- ----------                                                                                                                                                                                            
Steven               17-JUL-87      24000      33600                                                                                                                                                                                            
Jennifer             17-SEP-87       4400       6160                                                                                                                                                                                            
Neena                21-SEP-89      17000      23800                                                                                                                                                                                            
Alexander            03-JAN-90       9000      12600                                                                                                                                                                                            
Bruce                21-MAY-91       6000       7800                                                                                                                                                                                            
Lex                  13-JAN-93      17000      22100                                                                                                                                                                                            
Shelley              07-JUN-94      12000      15600                                                                                                                                                                                            
William              07-JUN-94       8300      10790                                                                                                                                                                                            
Trenna               17-OCT-95       3500       4550                                                                                                                                                                                            
Michael              17-FEB-96      13000      14300                                                                                                                                                                                            
Ellen                11-MAY-96      11000      12100                                                                                                                                                                                            
Curtis               29-JAN-97       3100       3410                                                                                                                                                                                            
Pat                  17-AUG-97       6000       6600                                                                                                                                                                                            
Randall              15-MAR-98       2600       2860                                                                                                                                                                                            
Jonathon             24-MAR-98       8600       9460                                                                                                                                                                                            
Peter                09-JUL-98       2500       2750                                                                                                                                                                                            
Diana                07-FEB-99       4200       4620                                                                                                                                                                                            
Kimerely             24-MAY-99       7000       7700                                                                                                                                                                                            
Kevin                16-NOV-99       5800       6380                                                                                                                                                                                            
Eleni                29-JAN-00      10500      11550                                                                                                                                                                                            

20 rows selected.

SQL> ED
Wrote file afiedt.buf

  1  SELECT FIRST_NAME , HIRE_DATE , SALARY ,
  2  CASE WHEN TO_CHAR(HIRE_DATE,'YYYY') <= 1990 THEN SALARY * 1.4
  3       WHEN TO_CHAR(HIRE_DATE,'RRRR') BETWEEN 1991 AND 1995 THEN SALARY * 1.3
  4       WHEN TO_CHAR(HIRE_DATE,'RYYR') BETWEEN 1996 AND 1998 THEN SALARY * 1.2
  5       ELSE SALARY * 1.1 END NEW_SALARY
  6  FROM EMPLOYEES
  7* ORDER BY 2
SQL> /
     WHEN TO_CHAR(HIRE_DATE,'RYYR') BETWEEN 1996 AND 1998 THEN SALARY * 1.2
                            *
ERROR at line 4:
ORA-01821: date format not recognized 


SQL> REM NVL NVL2 NULLIF CASE DECODE COALESCE
SQL> 
SQL> SPOOL OFF
