SQL> CL SCR

SQL> REM 1 CONVERSION FUNCTIONS 2 GENERAL FUNCTIONS
SQL> 
SQL> REM CONVERSION FUNCTIONS : 1 TO_NUMBER 2 TO_DATE 3 TO_CHAR
SQL> 
SQL> REM TO_NUMBER : TO CONVERT CHARACTER CHARACTER VALUE TO NUMBER VALUE
SQL> 
SQL> REM TO_DATE : TO CONVERT CHARACTER CHARACTER VALUE TO DATE VALUE
SQL> 
SQL> REM TO_CHAR : 1. NUMBER TO CHARACTER 2 DATE TO CHARACTER
SQL> 
SQL> SELECT FIRST_NAME , SALARY FROM EMPLOYEES WHERE SALARY = 10000;

no rows selected

SQL> SELECT FIRST_NAME , SALARY FROM EMPLOYEES WHERE SALARY = 1Q000;
SELECT FIRST_NAME , SALARY FROM EMPLOYEES WHERE SALARY = 1Q000
                                                          *
ERROR at line 1:
ORA-00933: SQL command not properly ended 


SQL> SELECT FIRST_NAME , SALARY FROM EMPLOYEES WHERE SALARY = 11000;

FIRST_NAME               SALARY                                                 
-------------------- ----------                                                 
Ellen                     11000                                                 

SQL> SELECT FIRST_NAME , SALARY FROM EMPLOYEES WHERE SALARY = '11000';

FIRST_NAME               SALARY                                                 
-------------------- ----------                                                 
Ellen                     11000                                                 

SQL> REM IMPLICIT/AUTOMATIC CONVERSION : WHICH IS NOT RELIABLE
SQL> 
SQL> SELECT FIRST_NAME , SALARY FROM EMPLOYEES WHERE SALARY = '11000.00';

FIRST_NAME               SALARY                                                 
-------------------- ----------                                                 
Ellen                     11000                                                 

SQL> SELECT FIRST_NAME , SALARY FROM EMPLOYEES WHERE SALARY = '11,000.00';
SELECT FIRST_NAME , SALARY FROM EMPLOYEES WHERE SALARY = '11,000.00'
                                                         *
ERROR at line 1:
ORA-01722: invalid number 


SQL> SELECT FIRST_NAME , SALARY FROM EMPLOYEES WHERE SALARY = '$11000.00';
SELECT FIRST_NAME , SALARY FROM EMPLOYEES WHERE SALARY = '$11000.00'
                                                         *
ERROR at line 1:
ORA-01722: invalid number 


SQL> SELECT FIRST_NAME , SALARY FROM EMPLOYEES WHERE SALARY = TO_NUMBER('11,000.00','99,999.99');

FIRST_NAME               SALARY                                                 
-------------------- ----------                                                 
Ellen                     11000                                                 

SQL> SELECT FIRST_NAME , SALARY FROM EMPLOYEES WHERE SALARY = TO_NUMBER('11,000.00','00,000.00');

FIRST_NAME               SALARY                                                 
-------------------- ----------                                                 
Ellen                     11000                                                 

SQL> SELECT FIRST_NAME , SALARY FROM EMPLOYEES WHERE SALARY = TO_NUMBER('11,000.00','90,099.09');

FIRST_NAME               SALARY                                                 
-------------------- ----------                                                 
Ellen                     11000                                                 

SQL> SELECT FIRST_NAME , SALARY FROM EMPLOYEES WHERE SALARY = TO_NUMBER('11,000.00','90,699.09');
SELECT FIRST_NAME , SALARY FROM EMPLOYEES WHERE SALARY = TO_NUMBER('11,000.00','90,699.09')
                                                                               *
ERROR at line 1:
ORA-01481: invalid number format model 


SQL> SELECT FIRST_NAME , SALARY FROM EMPLOYEES WHERE SALARY = TO_NUMBER('$11000.00','$99999.99');

FIRST_NAME               SALARY                                                 
-------------------- ----------                                                 
Ellen                     11000                                                 

SQL> REM TO_DATE : CONVERT CHARACTER VALUE INTO DATE VALUE
SQL> 
SQL> REM DATE DEFAULT FORMAT : DD-MON-RR
SQL> 
SQL> REM DATE COMPATIBLE FORMATS : DD-MONTH-RR DD-MONTH-RRRR DD-MON-RRRR DD/MON\RRRR DDMONRRRR
SQL> 
SQL> REM DATE INCOMPATIBLE FORMATS : DD-MM-RR MON-DD-RR
SQL> 
SQL> 
SQL> SELECT FIRST_NAME , HIRE_DATE FROM EMPLOYEES WHERE HIRE_DATE > '31-DEC-95';

FIRST_NAME           HIRE_DATE                                                  
-------------------- ---------                                                  
Diana                07-FEB-99                                                  
Kevin                16-NOV-99                                                  
Curtis               29-JAN-97                                                  
Randall              15-MAR-98                                                  
Peter                09-JUL-98                                                  
Eleni                29-JAN-00                                                  
Ellen                11-MAY-96                                                  
Jonathon             24-MAR-98                                                  
Kimerely             24-MAY-99                                                  
Michael              17-FEB-96                                                  
Pat                  17-AUG-97                                                  

11 rows selected.

SQL> SELECT FIRST_NAME , HIRE_DATE FROM EMPLOYEES WHERE HIRE_DATE > '31-DEC-1995';

FIRST_NAME           HIRE_DATE                                                  
-------------------- ---------                                                  
Diana                07-FEB-99                                                  
Kevin                16-NOV-99                                                  
Curtis               29-JAN-97                                                  
Randall              15-MAR-98                                                  
Peter                09-JUL-98                                                  
Eleni                29-JAN-00                                                  
Ellen                11-MAY-96                                                  
Jonathon             24-MAR-98                                                  
Kimerely             24-MAY-99                                                  
Michael              17-FEB-96                                                  
Pat                  17-AUG-97                                                  

11 rows selected.

SQL> SELECT FIRST_NAME , HIRE_DATE FROM EMPLOYEES WHERE HIRE_DATE > '31-DECEMBER-1995';

FIRST_NAME           HIRE_DATE                                                  
-------------------- ---------                                                  
Diana                07-FEB-99                                                  
Kevin                16-NOV-99                                                  
Curtis               29-JAN-97                                                  
Randall              15-MAR-98                                                  
Peter                09-JUL-98                                                  
Eleni                29-JAN-00                                                  
Ellen                11-MAY-96                                                  
Jonathon             24-MAR-98                                                  
Kimerely             24-MAY-99                                                  
Michael              17-FEB-96                                                  
Pat                  17-AUG-97                                                  

11 rows selected.

SQL> SELECT FIRST_NAME , HIRE_DATE FROM EMPLOYEES WHERE HIRE_DATE > '31/DECEMBER\1995';

FIRST_NAME           HIRE_DATE                                                  
-------------------- ---------                                                  
Diana                07-FEB-99                                                  
Kevin                16-NOV-99                                                  
Curtis               29-JAN-97                                                  
Randall              15-MAR-98                                                  
Peter                09-JUL-98                                                  
Eleni                29-JAN-00                                                  
Ellen                11-MAY-96                                                  
Jonathon             24-MAR-98                                                  
Kimerely             24-MAY-99                                                  
Michael              17-FEB-96                                                  
Pat                  17-AUG-97                                                  

11 rows selected.

SQL> SELECT FIRST_NAME , HIRE_DATE FROM EMPLOYEES WHERE HIRE_DATE > '31DECEMBER1995';

FIRST_NAME           HIRE_DATE                                                  
-------------------- ---------                                                  
Diana                07-FEB-99                                                  
Kevin                16-NOV-99                                                  
Curtis               29-JAN-97                                                  
Randall              15-MAR-98                                                  
Peter                09-JUL-98                                                  
Eleni                29-JAN-00                                                  
Ellen                11-MAY-96                                                  
Jonathon             24-MAR-98                                                  
Kimerely             24-MAY-99                                                  
Michael              17-FEB-96                                                  
Pat                  17-AUG-97                                                  

11 rows selected.

SQL> SELECT FIRST_NAME , HIRE_DATE FROM EMPLOYEES WHERE HIRE_DATE > '31Dec1995';

FIRST_NAME           HIRE_DATE                                                  
-------------------- ---------                                                  
Diana                07-FEB-99                                                  
Kevin                16-NOV-99                                                  
Curtis               29-JAN-97                                                  
Randall              15-MAR-98                                                  
Peter                09-JUL-98                                                  
Eleni                29-JAN-00                                                  
Ellen                11-MAY-96                                                  
Jonathon             24-MAR-98                                                  
Kimerely             24-MAY-99                                                  
Michael              17-FEB-96                                                  
Pat                  17-AUG-97                                                  

11 rows selected.

SQL> SELECT FIRST_NAME , HIRE_DATE FROM EMPLOYEES WHERE HIRE_DATE > '31dec1995';

FIRST_NAME           HIRE_DATE                                                  
-------------------- ---------                                                  
Diana                07-FEB-99                                                  
Kevin                16-NOV-99                                                  
Curtis               29-JAN-97                                                  
Randall              15-MAR-98                                                  
Peter                09-JUL-98                                                  
Eleni                29-JAN-00                                                  
Ellen                11-MAY-96                                                  
Jonathon             24-MAR-98                                                  
Kimerely             24-MAY-99                                                  
Michael              17-FEB-96                                                  
Pat                  17-AUG-97                                                  

11 rows selected.

SQL> SELECT FIRST_NAME , HIRE_DATE FROM EMPLOYEES WHERE HIRE_DATE > '31dece1995';
SELECT FIRST_NAME , HIRE_DATE FROM EMPLOYEES WHERE HIRE_DATE > '31dece1995'
                                                               *
ERROR at line 1:
ORA-01861: literal does not match format string 


SQL> SELECT FIRST_NAME , HIRE_DATE FROM EMPLOYEES WHERE HIRE_DATE > '31-12-1995';
SELECT FIRST_NAME , HIRE_DATE FROM EMPLOYEES WHERE HIRE_DATE > '31-12-1995'
                                                               *
ERROR at line 1:
ORA-01843: not a valid month 


SQL> SELECT FIRST_NAME , HIRE_DATE FROM EMPLOYEES WHERE HIRE_DATE > 'DEC-31-95';
SELECT FIRST_NAME , HIRE_DATE FROM EMPLOYEES WHERE HIRE_DATE > 'DEC-31-95'
                                                               *
ERROR at line 1:
ORA-01858: a non-numeric character was found where a numeric was expected 


SQL> SELECT FIRST_NAME , HIRE_DATE FROM EMPLOYEES WHERE HIRE_DATE > '95-DEC-31';
SELECT FIRST_NAME , HIRE_DATE FROM EMPLOYEES WHERE HIRE_DATE > '95-DEC-31'
                                                               *
ERROR at line 1:
ORA-01847: day of month must be between 1 and last day of month 


SQL> SELECT FIRST_NAME , HIRE_DATE FROM EMPLOYEES WHERE HIRE_DATE > TO_DATE('31-12-1995','DD-MM-RRRR');

FIRST_NAME           HIRE_DATE                                                  
-------------------- ---------                                                  
Diana                07-FEB-99                                                  
Kevin                16-NOV-99                                                  
Curtis               29-JAN-97                                                  
Randall              15-MAR-98                                                  
Peter                09-JUL-98                                                  
Eleni                29-JAN-00                                                  
Ellen                11-MAY-96                                                  
Jonathon             24-MAR-98                                                  
Kimerely             24-MAY-99                                                  
Michael              17-FEB-96                                                  
Pat                  17-AUG-97                                                  

11 rows selected.

SQL> SELECT FIRST_NAME , HIRE_DATE FROM EMPLOYEES WHERE HIRE_DATE > TO_DATE('12-31-1995','MM-DD-RRRR');

FIRST_NAME           HIRE_DATE                                                  
-------------------- ---------                                                  
Diana                07-FEB-99                                                  
Kevin                16-NOV-99                                                  
Curtis               29-JAN-97                                                  
Randall              15-MAR-98                                                  
Peter                09-JUL-98                                                  
Eleni                29-JAN-00                                                  
Ellen                11-MAY-96                                                  
Jonathon             24-MAR-98                                                  
Kimerely             24-MAY-99                                                  
Michael              17-FEB-96                                                  
Pat                  17-AUG-97                                                  

11 rows selected.

SQL> SELECT FIRST_NAME , HIRE_DATE FROM EMPLOYEES WHERE HIRE_DATE > TO_DATE('DEC-31-1995','DEC-DD-RRRR');
SELECT FIRST_NAME , HIRE_DATE FROM EMPLOYEES WHERE HIRE_DATE > TO_DATE('DEC-31-1995','DEC-DD-RRRR')
                                                                                     *
ERROR at line 1:
ORA-01821: date format not recognized 


SQL> SELECT FIRST_NAME , HIRE_DATE FROM EMPLOYEES WHERE HIRE_DATE > TO_DATE('DEC-31-1995','MON-DD-RRRR');

FIRST_NAME           HIRE_DATE                                                  
-------------------- ---------                                                  
Diana                07-FEB-99                                                  
Kevin                16-NOV-99                                                  
Curtis               29-JAN-97                                                  
Randall              15-MAR-98                                                  
Peter                09-JUL-98                                                  
Eleni                29-JAN-00                                                  
Ellen                11-MAY-96                                                  
Jonathon             24-MAR-98                                                  
Kimerely             24-MAY-99                                                  
Michael              17-FEB-96                                                  
Pat                  17-AUG-97                                                  

11 rows selected.

SQL> REM TO_CHAR : 1 DATE TO CHAR 2 NUMBER TO CHAR
SQL> 
SQL> 
SQL> REM TO_CHAR : TO DISPLAY NUMBER OR DATE IN NON-DEFAULT FORMATS
SQL> 
SQL> SELECT FIRST_NAME , HIRE_DATE FROM EMPLOYEES WHERE HIRE_DATE > TO_DATE('&DT','DD-MON-RRRR');
Enter value for dt: 31-DECEMBER=95
old   1: SELECT FIRST_NAME , HIRE_DATE FROM EMPLOYEES WHERE HIRE_DATE > TO_DATE('&DT','DD-MON-RRRR')
new   1: SELECT FIRST_NAME , HIRE_DATE FROM EMPLOYEES WHERE HIRE_DATE > TO_DATE('31-DECEMBER=95','DD-MON-RRRR')

FIRST_NAME           HIRE_DATE                                                  
-------------------- ---------                                                  
Diana                07-FEB-99                                                  
Kevin                16-NOV-99                                                  
Curtis               29-JAN-97                                                  
Randall              15-MAR-98                                                  
Peter                09-JUL-98                                                  
Eleni                29-JAN-00                                                  
Ellen                11-MAY-96                                                  
Jonathon             24-MAR-98                                                  
Kimerely             24-MAY-99                                                  
Michael              17-FEB-96                                                  
Pat                  17-AUG-97                                                  

11 rows selected.

SQL> SELECT FIRST_NAME , HIRE_DATE FROM EMPLOYEES WHERE HIRE_DATE > TO_DATE('&DT','FXDD-MON-RRRR');
Enter value for dt: 31-DECEMBER=95
old   1: SELECT FIRST_NAME , HIRE_DATE FROM EMPLOYEES WHERE HIRE_DATE > TO_DATE('&DT','FXDD-MON-RRRR')
new   1: SELECT FIRST_NAME , HIRE_DATE FROM EMPLOYEES WHERE HIRE_DATE > TO_DATE('31-DECEMBER=95','FXDD-MON-RRRR')
SELECT FIRST_NAME , HIRE_DATE FROM EMPLOYEES WHERE HIRE_DATE > TO_DATE('31-DECEMBER=95','FXDD-MON-RRRR')
                                                                       *
ERROR at line 1:
ORA-01861: literal does not match format string 


SQL> /
Enter value for dt: 31-DEC-1995
old   1: SELECT FIRST_NAME , HIRE_DATE FROM EMPLOYEES WHERE HIRE_DATE > TO_DATE('&DT','FXDD-MON-RRRR')
new   1: SELECT FIRST_NAME , HIRE_DATE FROM EMPLOYEES WHERE HIRE_DATE > TO_DATE('31-DEC-1995','FXDD-MON-RRRR')

FIRST_NAME           HIRE_DATE                                                  
-------------------- ---------                                                  
Diana                07-FEB-99                                                  
Kevin                16-NOV-99                                                  
Curtis               29-JAN-97                                                  
Randall              15-MAR-98                                                  
Peter                09-JUL-98                                                  
Eleni                29-JAN-00                                                  
Ellen                11-MAY-96                                                  
Jonathon             24-MAR-98                                                  
Kimerely             24-MAY-99                                                  
Michael              17-FEB-96                                                  
Pat                  17-AUG-97                                                  

11 rows selected.

SQL> /
Enter value for dt: 31-DEC=1995
old   1: SELECT FIRST_NAME , HIRE_DATE FROM EMPLOYEES WHERE HIRE_DATE > TO_DATE('&DT','FXDD-MON-RRRR')
new   1: SELECT FIRST_NAME , HIRE_DATE FROM EMPLOYEES WHERE HIRE_DATE > TO_DATE('31-DEC=1995','FXDD-MON-RRRR')
SELECT FIRST_NAME , HIRE_DATE FROM EMPLOYEES WHERE HIRE_DATE > TO_DATE('31-DEC=1995','FXDD-MON-RRRR')
                                                                       *
ERROR at line 1:
ORA-01861: literal does not match format string 


SQL> /
Enter value for dt: 31-DEC=95
old   1: SELECT FIRST_NAME , HIRE_DATE FROM EMPLOYEES WHERE HIRE_DATE > TO_DATE('&DT','FXDD-MON-RRRR')
new   1: SELECT FIRST_NAME , HIRE_DATE FROM EMPLOYEES WHERE HIRE_DATE > TO_DATE('31-DEC=95','FXDD-MON-RRRR')
SELECT FIRST_NAME , HIRE_DATE FROM EMPLOYEES WHERE HIRE_DATE > TO_DATE('31-DEC=95','FXDD-MON-RRRR')
                                                                       *
ERROR at line 1:
ORA-01861: literal does not match format string 


SQL> /
Enter value for dt: 31-DEC-95
old   1: SELECT FIRST_NAME , HIRE_DATE FROM EMPLOYEES WHERE HIRE_DATE > TO_DATE('&DT','FXDD-MON-RRRR')
new   1: SELECT FIRST_NAME , HIRE_DATE FROM EMPLOYEES WHERE HIRE_DATE > TO_DATE('31-DEC-95','FXDD-MON-RRRR')
SELECT FIRST_NAME , HIRE_DATE FROM EMPLOYEES WHERE HIRE_DATE > TO_DATE('31-DEC-95','FXDD-MON-RRRR')
                                                                       *
ERROR at line 1:
ORA-01862: the numeric value does not match the length of the format item 


SQL> REM FX : FORMAT EXACT
SQL> 
SQL> 
SQL> SELECT * FROM NLS_SESSION_PARAMETERS;

PARAMETER                                                                       
--------------------------------------------------------------------------------
VALUE                                                                           
--------------------------------------------------------------------------------
NLS_LANGUAGE                                                                    
AMERICAN                                                                        
                                                                                
NLS_TERRITORY                                                                   
AMERICA                                                                         
                                                                                
NLS_CURRENCY                                                                    
$                                                                               
                                                                                

PARAMETER                                                                       
--------------------------------------------------------------------------------
VALUE                                                                           
--------------------------------------------------------------------------------
NLS_ISO_CURRENCY                                                                
AMERICA                                                                         
                                                                                
NLS_NUMERIC_CHARACTERS                                                          
.,                                                                              
                                                                                
NLS_CALENDAR                                                                    
GREGORIAN                                                                       
                                                                                

PARAMETER                                                                       
--------------------------------------------------------------------------------
VALUE                                                                           
--------------------------------------------------------------------------------
NLS_DATE_FORMAT                                                                 
DD-MON-RR                                                                       
                                                                                
NLS_DATE_LANGUAGE                                                               
AMERICAN                                                                        
                                                                                
NLS_SORT                                                                        
BINARY                                                                          
                                                                                

PARAMETER                                                                       
--------------------------------------------------------------------------------
VALUE                                                                           
--------------------------------------------------------------------------------
NLS_TIME_FORMAT                                                                 
HH.MI.SSXFF AM                                                                  
                                                                                
NLS_TIMESTAMP_FORMAT                                                            
DD-MON-RR HH.MI.SSXFF AM                                                        
                                                                                
NLS_TIME_TZ_FORMAT                                                              
HH.MI.SSXFF AM TZR                                                              
                                                                                

PARAMETER                                                                       
--------------------------------------------------------------------------------
VALUE                                                                           
--------------------------------------------------------------------------------
NLS_TIMESTAMP_TZ_FORMAT                                                         
DD-MON-RR HH.MI.SSXFF AM TZR                                                    
                                                                                
NLS_DUAL_CURRENCY                                                               
$                                                                               
                                                                                
NLS_COMP                                                                        
BINARY                                                                          
                                                                                

PARAMETER                                                                       
--------------------------------------------------------------------------------
VALUE                                                                           
--------------------------------------------------------------------------------
NLS_LENGTH_SEMANTICS                                                            
BYTE                                                                            
                                                                                
NLS_NCHAR_CONV_EXCP                                                             
FALSE                                                                           
                                                                                

17 rows selected.

SQL> SET LINES 240 PAGES 24
SQL> 
SQL> /

PARAMETER                                                                                                                                                                                                                                       
------------------------------------------------------------------------------------------------------------------------                                                                                                                        
VALUE                                                                                                                                                                                                                                           
------------------------------------------------------------------------------------------------------------------------------------------------------------------------------------------------------------------------------------------------
NLS_LANGUAGE                                                                                                                                                                                                                                    
AMERICAN                                                                                                                                                                                                                                        
                                                                                                                                                                                                                                                
NLS_TERRITORY                                                                                                                                                                                                                                   
AMERICA                                                                                                                                                                                                                                         
                                                                                                                                                                                                                                                
NLS_CURRENCY                                                                                                                                                                                                                                    
$                                                                                                                                                                                                                                               
                                                                                                                                                                                                                                                
NLS_ISO_CURRENCY                                                                                                                                                                                                                                
AMERICA                                                                                                                                                                                                                                         
                                                                                                                                                                                                                                                
NLS_NUMERIC_CHARACTERS                                                                                                                                                                                                                          
.,                                                                                                                                                                                                                                              
                                                                                                                                                                                                                                                
NLS_CALENDAR                                                                                                                                                                                                                                    
GREGORIAN                                                                                                                                                                                                                                       
                                                                                                                                                                                                                                                
NLS_DATE_FORMAT                                                                                                                                                                                                                                 

PARAMETER                                                                                                                                                                                                                                       
------------------------------------------------------------------------------------------------------------------------                                                                                                                        
VALUE                                                                                                                                                                                                                                           
------------------------------------------------------------------------------------------------------------------------------------------------------------------------------------------------------------------------------------------------
DD-MON-RR                                                                                                                                                                                                                                       
                                                                                                                                                                                                                                                
NLS_DATE_LANGUAGE                                                                                                                                                                                                                               
AMERICAN                                                                                                                                                                                                                                        
                                                                                                                                                                                                                                                
NLS_SORT                                                                                                                                                                                                                                        
BINARY                                                                                                                                                                                                                                          
                                                                                                                                                                                                                                                
NLS_TIME_FORMAT                                                                                                                                                                                                                                 
HH.MI.SSXFF AM                                                                                                                                                                                                                                  
                                                                                                                                                                                                                                                
NLS_TIMESTAMP_FORMAT                                                                                                                                                                                                                            
DD-MON-RR HH.MI.SSXFF AM                                                                                                                                                                                                                        
                                                                                                                                                                                                                                                
NLS_TIME_TZ_FORMAT                                                                                                                                                                                                                              
HH.MI.SSXFF AM TZR                                                                                                                                                                                                                              
                                                                                                                                                                                                                                                
NLS_TIMESTAMP_TZ_FORMAT                                                                                                                                                                                                                         
DD-MON-RR HH.MI.SSXFF AM TZR                                                                                                                                                                                                                    

PARAMETER                                                                                                                                                                                                                                       
------------------------------------------------------------------------------------------------------------------------                                                                                                                        
VALUE                                                                                                                                                                                                                                           
------------------------------------------------------------------------------------------------------------------------------------------------------------------------------------------------------------------------------------------------
                                                                                                                                                                                                                                                
NLS_DUAL_CURRENCY                                                                                                                                                                                                                               
$                                                                                                                                                                                                                                               
                                                                                                                                                                                                                                                
NLS_COMP                                                                                                                                                                                                                                        
BINARY                                                                                                                                                                                                                                          
                                                                                                                                                                                                                                                
NLS_LENGTH_SEMANTICS                                                                                                                                                                                                                            
BYTE                                                                                                                                                                                                                                            
                                                                                                                                                                                                                                                
NLS_NCHAR_CONV_EXCP                                                                                                                                                                                                                             
FALSE                                                                                                                                                                                                                                           
                                                                                                                                                                                                                                                

17 rows selected.

SQL> COL PARAMETER FORMAT A40
SQL> COL VALUE FORMAT A40
SQL> 
SQL> /

PARAMETER                                VALUE                                                                                                                                                                                                  
---------------------------------------- ----------------------------------------                                                                                                                                                               
NLS_LANGUAGE                             AMERICAN                                                                                                                                                                                               
NLS_TERRITORY                            AMERICA                                                                                                                                                                                                
NLS_CURRENCY                             $                                                                                                                                                                                                      
NLS_ISO_CURRENCY                         AMERICA                                                                                                                                                                                                
NLS_NUMERIC_CHARACTERS                   .,                                                                                                                                                                                                     
NLS_CALENDAR                             GREGORIAN                                                                                                                                                                                              
NLS_DATE_FORMAT                          DD-MON-RR                                                                                                                                                                                              
NLS_DATE_LANGUAGE                        AMERICAN                                                                                                                                                                                               
NLS_SORT                                 BINARY                                                                                                                                                                                                 
NLS_TIME_FORMAT                          HH.MI.SSXFF AM                                                                                                                                                                                         
NLS_TIMESTAMP_FORMAT                     DD-MON-RR HH.MI.SSXFF AM                                                                                                                                                                               
NLS_TIME_TZ_FORMAT                       HH.MI.SSXFF AM TZR                                                                                                                                                                                     
NLS_TIMESTAMP_TZ_FORMAT                  DD-MON-RR HH.MI.SSXFF AM TZR                                                                                                                                                                           
NLS_DUAL_CURRENCY                        $                                                                                                                                                                                                      
NLS_COMP                                 BINARY                                                                                                                                                                                                 
NLS_LENGTH_SEMANTICS                     BYTE                                                                                                                                                                                                   
NLS_NCHAR_CONV_EXCP                      FALSE                                                                                                                                                                                                  

17 rows selected.

SQL> ALTER SESSION SET NLS_DATE_FORMAT = 'DD-MONTH-RRRR HH:MI.SS AM DAY';

Session altered.

SQL> SELECT SYSDATE , TO_CHAR(SYSDATE,'D DD DDD DY DAY dy day Dy Day') FROM DUAL;

SYSDATE                                 TO_CHAR(SYSDATE,'DDDDDDDYDAYDYDAYDYDAY')                                                                                                                                                                
--------------------------------------- --------------------------------------------------------------------------------------------------------------------------------------------------------------                                          
06-MARCH    -2021 06:42.13 PM SATURDAY  7 06 065 SAT SATURDAY  sat saturday  Sat Saturday                                                                                                                                                       

SQL> SELECT SYSDATE , TO_CHAR(SYSDATE,'D DD DDD DY DAY dy dAY Dy DAy') FROM DUAL;

SYSDATE                                 TO_CHAR(SYSDATE,'DDDDDDDYDAYDYDAYDYDAY')                                                                                                                                                                
--------------------------------------- --------------------------------------------------------------------------------------------------------------------------------------------------------------                                          
06-MARCH    -2021 06:44.50 PM SATURDAY  7 06 065 SAT SATURDAY  sat saturday  Sat SATURDAY                                                                                                                                                       

SQL> SELECT SYSDATE , TO_CHAR(SYSDATE,'MM RM rm mon month MON MONTH Mon Month') FROM DUAL;

SYSDATE                                 TO_CHAR(SYSDATE,'MMRMRMMONMONTHMONMONTHMONMONTH')                                                                                                                                                       
--------------------------------------- ------------------------------------------------------------------------------------------------------------------------------------------------------------------                                      
06-MARCH    -2021 06:46.46 PM SATURDAY  03 III  iii  mar march     MAR MARCH     Mar March                                                                                                                                                      

SQL> SELECT SYSDATE , TO_CHAR(SYSDATE,'MM RM rm mon fmmonth MON MONTH Mon Month') FROM DUAL;

SYSDATE                                 TO_CHAR(SYSDATE,'MMRMRMMONFMMONTHMONMONTHMONMONTH')                                                                                                                                                     
--------------------------------------- ------------------------------------------------------------------------------------------------------------------------------------------------------------------                                      
06-MARCH    -2021 06:47.43 PM SATURDAY  03 III  iii  mar march MAR MARCH Mar March                                                                                                                                                              

SQL> SELECT SYSDATE , TO_CHAR(SYSDATE,'MM RM rm mon fmmonth MON fmMONTH Mon Month') FROM DUAL;

SYSDATE                                 TO_CHAR(SYSDATE,'MMRMRMMONFMMONTHMONFMMONTHMONMONTH')                                                                                                                                                   
--------------------------------------- ------------------------------------------------------------------------------------------------------------------------------------------------------------------                                      
06-MARCH    -2021 06:48.07 PM SATURDAY  03 III  iii  mar march MAR MARCH     Mar March                                                                                                                                                          

SQL> rem FM : FILL MODE
SQL> 
SQL> SELECT SYSDATE , TO_CHAR(SYSDATE,'D DD DDD DY FMDAY dy FMdAY Dy DAy') FROM DUAL;

SYSDATE                                 TO_CHAR(SYSDATE,'DDDDDDDYFMDAYDYFMDAYDYDAY')                                                                                                                                                            
--------------------------------------- --------------------------------------------------------------------------------------------------------------------------------------------------------------                                          
06-MARCH    -2021 06:48.41 PM SATURDAY  7 06 065 SAT SATURDAY sat saturday  Sat SATURDAY                                                                                                                                                        

SQL> SELECT SYSDATE , TO_CHAR(SYSDATE,'Y YY YYY YYYY RR RRRR YYYYSP RRRRSP YEAR') FROM DUAL;

SYSDATE                                 TO_CHAR(SYSDATE,'YYYYYYYYYYRRRRRRYYYYSPRRRRSPYEAR')                                                                                                                                                     
--------------------------------------- ------------------------------------------------------------------------------------------------------------------------------------------------------                                                  
06-MARCH    -2021 06:50.13 PM SATURDAY  1 21 021 2021 21 2021 TWO THOUSAND TWENTY-ONE TWO THOUSAND TWENTY-ONE TWENTY TWENTY-ONE                                                                                                                 

SQL> REM SP : SPELLED OUT
SQL> 
SQL> SELECT SYSDATE , TO_CHAR(SYSDATE,'Y YY YYY YYYY RR RRRR YYYYSP RRRRSP YEAR') FROM DUAL;

SYSDATE                                 TO_CHAR(SYSDATE,'YYYYYYYYYYRRRRRRYYYYSPRRRRSPYEAR')                                                                                                                                                     
--------------------------------------- ------------------------------------------------------------------------------------------------------------------------------------------------------                                                  
06-MARCH    -2000 06:52.18 PM MONDAY    0 00 000 2000 00 2000 TWO THOUSAND TWO THOUSAND TWO THOUSAND                                                                                                                                            

SQL> SELECT SYSDATE , TO_CHAR(SYSDATE,'W WW Q J') FROM DUAL;

SYSDATE                                 TO_CHAR(SYSDAT                                                                                                                                                                                          
--------------------------------------- --------------                                                                                                                                                                                          
06-MARCH    -2021 06:54.36 PM SATURDAY  1 10 1 2459280                                                                                                                                                                                          

SQL> REM JULIAN DAY : 01-JAN-4712BC
SQL> 
SQL> SELECT (4712 + 2021 ) * 365 FROM DUAL;

(4712+2021)*365                                                                                                                                                                                                                                 
---------------                                                                                                                                                                                                                                 
        2457545                                                                                                                                                                                                                                 

SQL> REM JULIAN DAY : 01-JAN-4713BC
SQL> 
SQL> SELECT (4712 + 2021 ) * 365 FROM DUAL;

(4712+2021)*365                                                                                                                                                                                                                                 
---------------                                                                                                                                                                                                                                 
        2457545                                                                                                                                                                                                                                 

SQL> SELECT (4713 + 2021 ) * 365 FROM DUAL;

(4713+2021)*365                                                                                                                                                                                                                                 
---------------                                                                                                                                                                                                                                 
        2457910                                                                                                                                                                                                                                 

SQL> SELECT (4713 + 2022 ) * 365 FROM DUAL;
(4713+2022)*365                                                                                                                                                                                                                                 
---------------                                                                                                                                                                                                                                 
        2458275                                                                                                                                                                                                                                 

SQL> SELECT (4712 + 2021 ) * 365.25 FROM DUAL;

(4712+2021)*365.25                                                                                                                                                                                                                              
------------------                                                                                                                                                                                                                              
        2459228.25                                                                                                                                                                                                                              

SQL> SELECT TO_CHAR(TO_DATE('&NO','J'),'JSP') FROM DUAL;
Enter value for no: 1
old   1: SELECT TO_CHAR(TO_DATE('&NO','J'),'JSP') FROM DUAL
new   1: SELECT TO_CHAR(TO_DATE('1','J'),'JSP') FROM DUAL

TO_                                                                                                                                                                                                                                             
---                                                                                                                                                                                                                                             
ONE                                                                                                                                                                                                                                             

SQL> /
Enter value for no: 12
old   1: SELECT TO_CHAR(TO_DATE('&NO','J'),'JSP') FROM DUAL
new   1: SELECT TO_CHAR(TO_DATE('12','J'),'JSP') FROM DUAL

TO_CHA                                                                                                                                                                                                                                          
------                                                                                                                                                                                                                                          
TWELVE                                                                                                                                                                                                                                          

SQL> /
Enter value for no: 123
old   1: SELECT TO_CHAR(TO_DATE('&NO','J'),'JSP') FROM DUAL
new   1: SELECT TO_CHAR(TO_DATE('123','J'),'JSP') FROM DUAL

TO_CHAR(TO_DATE('123','J                                                                                                                                                                                                                        
------------------------                                                                                                                                                                                                                        
ONE HUNDRED TWENTY-THREE                                                                                                                                                                                                                        

SQL> /
Enter value for no: 1234
old   1: SELECT TO_CHAR(TO_DATE('&NO','J'),'JSP') FROM DUAL
new   1: SELECT TO_CHAR(TO_DATE('1234','J'),'JSP') FROM DUAL

TO_CHAR(TO_DATE('1234','J'),'JSP')                                                                                                                                                                                                              
------------------------------------                                                                                                                                                                                                            
ONE THOUSAND TWO HUNDRED THIRTY-FOUR                                                                                                                                                                                                            

SQL> /
Enter value for no: 12345
old   1: SELECT TO_CHAR(TO_DATE('&NO','J'),'JSP') FROM DUAL
new   1: SELECT TO_CHAR(TO_DATE('12345','J'),'JSP') FROM DUAL

TO_CHAR(TO_DATE('12345','J'),'JSP')                                                                                                                                                                                                             
----------------------------------------                                                                                                                                                                                                        
TWELVE THOUSAND THREE HUNDRED FORTY-FIVE                                                                                                                                                                                                        

SQL> /
Enter value for no: 123456
old   1: SELECT TO_CHAR(TO_DATE('&NO','J'),'JSP') FROM DUAL
new   1: SELECT TO_CHAR(TO_DATE('123456','J'),'JSP') FROM DUAL

TO_CHAR(TO_DATE('123456','J'),'JSP')                                                                                                                                                                                                            
--------------------------------------------------------                                                                                                                                                                                        
ONE HUNDRED TWENTY-THREE THOUSAND FOUR HUNDRED FIFTY-SIX                                                                                                                                                                                        

SQL> /
Enter value for no: 1234567
old   1: SELECT TO_CHAR(TO_DATE('&NO','J'),'JSP') FROM DUAL
new   1: SELECT TO_CHAR(TO_DATE('1234567','J'),'JSP') FROM DUAL

TO_CHAR(TO_DATE('1234567','J'),'JSP')                                                                                                                                                                                                           
---------------------------------------------------------------------                                                                                                                                                                           
ONE MILLION TWO HUNDRED THIRTY-FOUR THOUSAND FIVE HUNDRED SIXTY-SEVEN                                                                                                                                                                           

SQL> /
Enter value for no: 12345678
old   1: SELECT TO_CHAR(TO_DATE('&NO','J'),'JSP') FROM DUAL
new   1: SELECT TO_CHAR(TO_DATE('12345678','J'),'JSP') FROM DUAL
SELECT TO_CHAR(TO_DATE('12345678','J'),'JSP') FROM DUAL
                       *
ERROR at line 1:
ORA-01830: date format picture ends before converting entire input string 


SQL> SELECT TO_CHAR(TO_DATE('31-DEC-9999'),'J') FROM DUAL;
SELECT TO_CHAR(TO_DATE('31-DEC-9999'),'J') FROM DUAL
                       *
ERROR at line 1:
ORA-01843: not a valid month 


SQL> ALTER SESSION SET NLS_DATE_FORMAT = 'DD-MON-RRRR';

Session altered.

SQL> SELECT TO_CHAR(TO_DATE('31-DEC-9999'),'J') FROM DUAL;

TO_CHAR                                                                                                                                                                                                                                         
-------                                                                                                                                                                                                                                         
5373484                                                                                                                                                                                                                                         

SQL> SELECT SYSDATE , TO_CHAR(SYSDATE,'HH HH12 HH24 MI SS SSSSS') FROM DUAL;

SYSDATE     TO_CHAR(SYSDATE,'HHH                                                                                                                                                                                                                
----------- --------------------                                                                                                                                                                                                                
06-MAR-2021 07 07 19 03 38 68618                                                                                                                                                                                                                

SQL> /

SYSDATE     TO_CHAR(SYSDATE,'HHH                                                                                                                                                                                                                
----------- --------------------                                                                                                                                                                                                                
06-MAR-2021 07 07 19 04 16 68656                                                                                                                                                                                                                

SQL> SELECT SYSDATE , TO_CHAR(SYSDATE,'HH HH12 HH24 MI SS SSSSS AM am a.m. p.m.') FROM DUAL;

SYSDATE     TO_CHAR(SYSDATE,'HHHH12HH24MISSSSSSS                                                                                                                                                                                                
----------- ------------------------------------                                                                                                                                                                                                
06-MAR-2021 07 07 19 05 53 68753 PM pm p.m. p.m.                                                                                                                                                                                                

SQL> SELECT SYSDATE , TO_CHAR(SYSDATE,'DD DDTH DDSP DDTHSP DDSPTH DDspth') FROM DUAL;

SYSDATE     TO_CHAR(SYSDATE,'DDDDTHDDSPDDTHSPDDSPTHDDSPTH')                                                                                                                                                                                     
----------- -----------------------------------------------------------------                                                                                                                                                                   
06-MAR-2021 06 06TH SIX SIXTH SIXTH SIXTH                                                                                                                                                                                                       

SQL> SELECT SYSDATE , TO_CHAR(SYSDATE,'DD DDTH DDSP DDTHSP DDSPTH ddspth ddSPTH') FROM DUAL;

SYSDATE     TO_CHAR(SYSDATE,'DDDDTHDDSPDDTHSPDDSPTHDDSPTHDDSPTH')                                                                                                                                                                               
----------- --------------------------------------------------------------------------------                                                                                                                                                    
06-MAR-2021 06 06TH SIX SIXTH SIXTH sixth sixth                                                                                                                                                                                                 

SQL> SELECT SYSDATE , TO_CHAR(SYSDATE,'DD DDTH DDSP DDTHSP DDSPTH ddspth dDSPTH') FROM DUAL;

SYSDATE     TO_CHAR(SYSDATE,'DDDDTHDDSPDDTHSPDDSPTHDDSPTHDDSPTH')                                                                                                                                                                               
----------- --------------------------------------------------------------------------------                                                                                                                                                    
06-MAR-2021 06 06TH SIX SIXTH SIXTH sixth sixth                                                                                                                                                                                                 

SQL> SELECT SYSDATE , TO_CHAR(SYSDATE,'"Today is " ddth "day of month " month, year ') FROM DUAL;

SYSDATE     TO_CHAR(SYSDATE,'"TODAYIS"DDTH"DAYOFMONTH"MONTH,YEAR')                                                                                                                                                                              
----------- --------------------------------------------------------------------------------------------------------------                                                                                                                      
06-MAR-2021 Today is  06th day of month  march    , twenty twenty-one                                                                                                                                                                           

SQL> SELECT SYSDATE , TO_CHAR(SYSDATE,'"Today is" ddth "day of month "fmmonth, year ') FROM DUAL;

SYSDATE     TO_CHAR(SYSDATE,'"TODAYIS"DDTH"DAYOFMONTH"FMMONTH,YEAR')                                                                                                                                                                            
----------- ------------------------------------------------------------------------------------------------------------                                                                                                                        
06-MAR-2021 Today is 06th day of month march, twenty twenty-one                                                                                                                                                                                 

SQL> SELECT SALARY , TO_CHAR(SALARY) FROM EMPLOYEES;

    SALARY TO_CHAR(SALARY)                                                                                                                                                                                                                      
---------- ----------------------------------------                                                                                                                                                                                             
     24000 24000                                                                                                                                                                                                                                
     17000 17000                                                                                                                                                                                                                                
     17000 17000                                                                                                                                                                                                                                
      9000 9000                                                                                                                                                                                                                                 
      6000 6000                                                                                                                                                                                                                                 
      4200 4200                                                                                                                                                                                                                                 
      5800 5800                                                                                                                                                                                                                                 
      3500 3500                                                                                                                                                                                                                                 
      3100 3100                                                                                                                                                                                                                                 
      2600 2600                                                                                                                                                                                                                                 
      2500 2500                                                                                                                                                                                                                                 
     10500 10500                                                                                                                                                                                                                                
     11000 11000                                                                                                                                                                                                                                
      8600 8600                                                                                                                                                                                                                                 
      7000 7000                                                                                                                                                                                                                                 
      4400 4400                                                                                                                                                                                                                                 
     13000 13000                                                                                                                                                                                                                                
      6000 6000                                                                                                                                                                                                                                 
     12000 12000                                                                                                                                                                                                                                
      8300 8300                                                                                                                                                                                                                                 

20 rows selected.

SQL> SELECT SALARY , TO_CHAR(SALARY,'99999') FROM EMPLOYEES;

    SALARY TO_CHA                                                                                                                                                                                                                               
---------- ------                                                                                                                                                                                                                               
     24000  24000                                                                                                                                                                                                                               
     17000  17000                                                                                                                                                                                                                               
     17000  17000                                                                                                                                                                                                                               
      9000   9000                                                                                                                                                                                                                               
      6000   6000                                                                                                                                                                                                                               
      4200   4200                                                                                                                                                                                                                               
      5800   5800                                                                                                                                                                                                                               
      3500   3500                                                                                                                                                                                                                               
      3100   3100                                                                                                                                                                                                                               
      2600   2600                                                                                                                                                                                                                               
      2500   2500                                                                                                                                                                                                                               
     10500  10500                                                                                                                                                                                                                               
     11000  11000                                                                                                                                                                                                                               
      8600   8600                                                                                                                                                                                                                               
      7000   7000                                                                                                                                                                                                                               
      4400   4400                                                                                                                                                                                                                               
     13000  13000                                                                                                                                                                                                                               
      6000   6000                                                                                                                                                                                                                               
     12000  12000                                                                                                                                                                                                                               
      8300   8300                                                                                                                                                                                                                               

20 rows selected.

SQL> SELECT SALARY , TO_CHAR(SALARY,'00000') FROM EMPLOYEES;

    SALARY TO_CHA                                                                                                                                                                                                                               
---------- ------                                                                                                                                                                                                                               
     24000  24000                                                                                                                                                                                                                               
     17000  17000                                                                                                                                                                                                                               
     17000  17000                                                                                                                                                                                                                               
      9000  09000                                                                                                                                                                                                                               
      6000  06000                                                                                                                                                                                                                               
      4200  04200                                                                                                                                                                                                                               
      5800  05800                                                                                                                                                                                                                               
      3500  03500                                                                                                                                                                                                                               
      3100  03100                                                                                                                                                                                                                               
      2600  02600                                                                                                                                                                                                                               
      2500  02500                                                                                                                                                                                                                               
     10500  10500                                                                                                                                                                                                                               
     11000  11000                                                                                                                                                                                                                               
      8600  08600                                                                                                                                                                                                                               
      7000  07000                                                                                                                                                                                                                               
      4400  04400                                                                                                                                                                                                                               
     13000  13000                                                                                                                                                                                                                               
      6000  06000                                                                                                                                                                                                                               
     12000  12000                                                                                                                                                                                                                               
      8300  08300                                                                                                                                                                                                                               

20 rows selected.

SQL> SELECT SALARY , TO_CHAR(SALARY,'90909') FROM EMPLOYEES;

    SALARY TO_CHA                                                                                                                                                                                                                               
---------- ------                                                                                                                                                                                                                               
     24000  24000                                                                                                                                                                                                                               
     17000  17000                                                                                                                                                                                                                               
     17000  17000                                                                                                                                                                                                                               
      9000   9000                                                                                                                                                                                                                               
      6000   6000                                                                                                                                                                                                                               
      4200   4200                                                                                                                                                                                                                               
      5800   5800                                                                                                                                                                                                                               
      3500   3500                                                                                                                                                                                                                               
      3100   3100                                                                                                                                                                                                                               
      2600   2600                                                                                                                                                                                                                               
      2500   2500                                                                                                                                                                                                                               
     10500  10500                                                                                                                                                                                                                               
     11000  11000                                                                                                                                                                                                                               
      8600   8600                                                                                                                                                                                                                               
      7000   7000                                                                                                                                                                                                                               
      4400   4400                                                                                                                                                                                                                               
     13000  13000                                                                                                                                                                                                                               
      6000   6000                                                                                                                                                                                                                               
     12000  12000                                                                                                                                                                                                                               
      8300   8300                                                                                                                                                                                                                               

20 rows selected.

SQL> SELECT SALARY , TO_CHAR(SALARY,'09090') FROM EMPLOYEES;

    SALARY TO_CHA                                                                                                                                                                                                                               
---------- ------                                                                                                                                                                                                                               
     24000  24000                                                                                                                                                                                                                               
     17000  17000                                                                                                                                                                                                                               
     17000  17000                                                                                                                                                                                                                               
      9000  09000                                                                                                                                                                                                                               
      6000  06000                                                                                                                                                                                                                               
      4200  04200                                                                                                                                                                                                                               
      5800  05800                                                                                                                                                                                                                               
      3500  03500                                                                                                                                                                                                                               
      3100  03100                                                                                                                                                                                                                               
      2600  02600                                                                                                                                                                                                                               
      2500  02500                                                                                                                                                                                                                               
     10500  10500                                                                                                                                                                                                                               
     11000  11000                                                                                                                                                                                                                               
      8600  08600                                                                                                                                                                                                                               
      7000  07000                                                                                                                                                                                                                               
      4400  04400                                                                                                                                                                                                                               
     13000  13000                                                                                                                                                                                                                               
      6000  06000                                                                                                                                                                                                                               
     12000  12000                                                                                                                                                                                                                               
      8300  08300                                                                                                                                                                                                                               

20 rows selected.

SQL> SELECT SALARY , TO_CHAR(SALARY,'09090.00') FROM EMPLOYEES;

    SALARY TO_CHAR(S                                                                                                                                                                                                                            
---------- ---------                                                                                                                                                                                                                            
     24000  24000.00                                                                                                                                                                                                                            
     17000  17000.00                                                                                                                                                                                                                            
     17000  17000.00                                                                                                                                                                                                                            
      9000  09000.00                                                                                                                                                                                                                            
      6000  06000.00                                                                                                                                                                                                                            
      4200  04200.00                                                                                                                                                                                                                            
      5800  05800.00                                                                                                                                                                                                                            
      3500  03500.00                                                                                                                                                                                                                            
      3100  03100.00                                                                                                                                                                                                                            
      2600  02600.00                                                                                                                                                                                                                            
      2500  02500.00                                                                                                                                                                                                                            
     10500  10500.00                                                                                                                                                                                                                            
     11000  11000.00                                                                                                                                                                                                                            
      8600  08600.00                                                                                                                                                                                                                            
      7000  07000.00                                                                                                                                                                                                                            
      4400  04400.00                                                                                                                                                                                                                            
     13000  13000.00                                                                                                                                                                                                                            
      6000  06000.00                                                                                                                                                                                                                            
     12000  12000.00                                                                                                                                                                                                                            
      8300  08300.00                                                                                                                                                                                                                            

20 rows selected.

SQL> SELECT SALARY , TO_CHAR(SALARY,'09090.99') FROM EMPLOYEES;

    SALARY TO_CHAR(S                                                                                                                                                                                                                            
---------- ---------                                                                                                                                                                                                                            
     24000  24000.00                                                                                                                                                                                                                            
     17000  17000.00                                                                                                                                                                                                                            
     17000  17000.00                                                                                                                                                                                                                            
      9000  09000.00                                                                                                                                                                                                                            
      6000  06000.00                                                                                                                                                                                                                            
      4200  04200.00                                                                                                                                                                                                                            
      5800  05800.00                                                                                                                                                                                                                            
      3500  03500.00                                                                                                                                                                                                                            
      3100  03100.00                                                                                                                                                                                                                            
      2600  02600.00                                                                                                                                                                                                                            
      2500  02500.00                                                                                                                                                                                                                            
     10500  10500.00                                                                                                                                                                                                                            
     11000  11000.00                                                                                                                                                                                                                            
      8600  08600.00                                                                                                                                                                                                                            
      7000  07000.00                                                                                                                                                                                                                            
      4400  04400.00                                                                                                                                                                                                                            
     13000  13000.00                                                                                                                                                                                                                            
      6000  06000.00                                                                                                                                                                                                                            
     12000  12000.00                                                                                                                                                                                                                            
      8300  08300.00                                                                                                                                                                                                                            

20 rows selected.

SQL> SELECT SALARY , TO_CHAR(SALARY,'9') FROM EMPLOYEES;

    SALARY TO                                                                                                                                                                                                                                   
---------- --                                                                                                                                                                                                                                   
     24000 ##                                                                                                                                                                                                                                   
     17000 ##                                                                                                                                                                                                                                   
     17000 ##                                                                                                                                                                                                                                   
      9000 ##                                                                                                                                                                                                                                   
      6000 ##                                                                                                                                                                                                                                   
      4200 ##                                                                                                                                                                                                                                   
      5800 ##                                                                                                                                                                                                                                   
      3500 ##                                                                                                                                                                                                                                   
      3100 ##                                                                                                                                                                                                                                   
      2600 ##                                                                                                                                                                                                                                   
      2500 ##                                                                                                                                                                                                                                   
     10500 ##                                                                                                                                                                                                                                   
     11000 ##                                                                                                                                                                                                                                   
      8600 ##                                                                                                                                                                                                                                   
      7000 ##                                                                                                                                                                                                                                   
      4400 ##                                                                                                                                                                                                                                   
     13000 ##                                                                                                                                                                                                                                   
      6000 ##                                                                                                                                                                                                                                   
     12000 ##                                                                                                                                                                                                                                   
      8300 ##                                                                                                                                                                                                                                   

20 rows selected.

SQL> SELECT SALARY , TO_CHAR(SALARY,'90909.99') FROM EMPLOYEES;

    SALARY TO_CHAR(S                                                                                                                                                                                                                            
---------- ---------                                                                                                                                                                                                                            
     24000  24000.00                                                                                                                                                                                                                            
     17000  17000.00                                                                                                                                                                                                                            
     17000  17000.00                                                                                                                                                                                                                            
      9000   9000.00                                                                                                                                                                                                                            
      6000   6000.00                                                                                                                                                                                                                            
      4200   4200.00                                                                                                                                                                                                                            
      5800   5800.00                                                                                                                                                                                                                            
      3500   3500.00                                                                                                                                                                                                                            
      3100   3100.00                                                                                                                                                                                                                            
      2600   2600.00                                                                                                                                                                                                                            
      2500   2500.00                                                                                                                                                                                                                            
     10500  10500.00                                                                                                                                                                                                                            
     11000  11000.00                                                                                                                                                                                                                            
      8600   8600.00                                                                                                                                                                                                                            
      7000   7000.00                                                                                                                                                                                                                            
      4400   4400.00                                                                                                                                                                                                                            
     13000  13000.00                                                                                                                                                                                                                            
      6000   6000.00                                                                                                                                                                                                                            
     12000  12000.00                                                                                                                                                                                                                            
      8300   8300.00                                                                                                                                                                                                                            

20 rows selected.

SQL> SELECT SALARY , TO_CHAR(SALARY,'90,909.99') FROM EMPLOYEES;

    SALARY TO_CHAR(SA                                                                                                                                                                                                                           
---------- ----------                                                                                                                                                                                                                           
     24000  24,000.00                                                                                                                                                                                                                           
     17000  17,000.00                                                                                                                                                                                                                           
     17000  17,000.00                                                                                                                                                                                                                           
      9000   9,000.00                                                                                                                                                                                                                           
      6000   6,000.00                                                                                                                                                                                                                           
      4200   4,200.00                                                                                                                                                                                                                           
      5800   5,800.00                                                                                                                                                                                                                           
      3500   3,500.00                                                                                                                                                                                                                           
      3100   3,100.00                                                                                                                                                                                                                           
      2600   2,600.00                                                                                                                                                                                                                           
      2500   2,500.00                                                                                                                                                                                                                           
     10500  10,500.00                                                                                                                                                                                                                           
     11000  11,000.00                                                                                                                                                                                                                           
      8600   8,600.00                                                                                                                                                                                                                           
      7000   7,000.00                                                                                                                                                                                                                           
      4400   4,400.00                                                                                                                                                                                                                           
     13000  13,000.00                                                                                                                                                                                                                           
      6000   6,000.00                                                                                                                                                                                                                           
     12000  12,000.00                                                                                                                                                                                                                           
      8300   8,300.00                                                                                                                                                                                                                           

20 rows selected.

SQL> SELECT SALARY , TO_CHAR(SALARY,'$90,909.99') FROM EMPLOYEES;

    SALARY TO_CHAR(SAL                                                                                                                                                                                                                          
---------- -----------                                                                                                                                                                                                                          
     24000  $24,000.00                                                                                                                                                                                                                          
     17000  $17,000.00                                                                                                                                                                                                                          
     17000  $17,000.00                                                                                                                                                                                                                          
      9000   $9,000.00                                                                                                                                                                                                                          
      6000   $6,000.00                                                                                                                                                                                                                          
      4200   $4,200.00                                                                                                                                                                                                                          
      5800   $5,800.00                                                                                                                                                                                                                          
      3500   $3,500.00                                                                                                                                                                                                                          
      3100   $3,100.00                                                                                                                                                                                                                          
      2600   $2,600.00                                                                                                                                                                                                                          
      2500   $2,500.00                                                                                                                                                                                                                          
     10500  $10,500.00                                                                                                                                                                                                                          
     11000  $11,000.00                                                                                                                                                                                                                          
      8600   $8,600.00                                                                                                                                                                                                                          
      7000   $7,000.00                                                                                                                                                                                                                          
      4400   $4,400.00                                                                                                                                                                                                                          
     13000  $13,000.00                                                                                                                                                                                                                          
      6000   $6,000.00                                                                                                                                                                                                                          
     12000  $12,000.00                                                                                                                                                                                                                          
      8300   $8,300.00                                                                                                                                                                                                                          

20 rows selected.

SQL> SELECT SALARY , TO_CHAR(SALARY,'Rs.90,909.99') FROM EMPLOYEES;
SELECT SALARY , TO_CHAR(SALARY,'Rs.90,909.99') FROM EMPLOYEES
                               *
ERROR at line 1:
ORA-01481: invalid number format model 


SQL> SELECT SALARY , TO_CHAR(SALARY,'l90,909.99') FROM EMPLOYEES;

    SALARY TO_CHAR(SALARY,'L90,                                                                                                                                                                                                                 
---------- --------------------                                                                                                                                                                                                                 
     24000           $24,000.00                                                                                                                                                                                                                 
     17000           $17,000.00                                                                                                                                                                                                                 
     17000           $17,000.00                                                                                                                                                                                                                 
      9000            $9,000.00                                                                                                                                                                                                                 
      6000            $6,000.00                                                                                                                                                                                                                 
      4200            $4,200.00                                                                                                                                                                                                                 
      5800            $5,800.00                                                                                                                                                                                                                 
      3500            $3,500.00                                                                                                                                                                                                                 
      3100            $3,100.00                                                                                                                                                                                                                 
      2600            $2,600.00                                                                                                                                                                                                                 
      2500            $2,500.00                                                                                                                                                                                                                 
     10500           $10,500.00                                                                                                                                                                                                                 
     11000           $11,000.00                                                                                                                                                                                                                 
      8600            $8,600.00                                                                                                                                                                                                                 
      7000            $7,000.00                                                                                                                                                                                                                 
      4400            $4,400.00                                                                                                                                                                                                                 
     13000           $13,000.00                                                                                                                                                                                                                 
      6000            $6,000.00                                                                                                                                                                                                                 
     12000           $12,000.00                                                                                                                                                                                                                 
      8300            $8,300.00                                                                                                                                                                                                                 

20 rows selected.

SQL> SELECT SALARY , TO_CHAR(SALARY,'U90,909.99') FROM EMPLOYEES;

    SALARY TO_CHAR(SALARY,'U90,                                                                                                                                                                                                                 
---------- --------------------                                                                                                                                                                                                                 
     24000           $24,000.00                                                                                                                                                                                                                 
     17000           $17,000.00                                                                                                                                                                                                                 
     17000           $17,000.00                                                                                                                                                                                                                 
      9000            $9,000.00                                                                                                                                                                                                                 
      6000            $6,000.00                                                                                                                                                                                                                 
      4200            $4,200.00                                                                                                                                                                                                                 
      5800            $5,800.00                                                                                                                                                                                                                 
      3500            $3,500.00                                                                                                                                                                                                                 
      3100            $3,100.00                                                                                                                                                                                                                 
      2600            $2,600.00                                                                                                                                                                                                                 
      2500            $2,500.00                                                                                                                                                                                                                 
     10500           $10,500.00                                                                                                                                                                                                                 
     11000           $11,000.00                                                                                                                                                                                                                 
      8600            $8,600.00                                                                                                                                                                                                                 
      7000            $7,000.00                                                                                                                                                                                                                 
      4400            $4,400.00                                                                                                                                                                                                                 
     13000           $13,000.00                                                                                                                                                                                                                 
      6000            $6,000.00                                                                                                                                                                                                                 
     12000           $12,000.00                                                                                                                                                                                                                 
      8300            $8,300.00                                                                                                                                                                                                                 

20 rows selected.

SQL> SELECT * FROM NLS_SESSION_PARAMETERS;

PARAMETER                                VALUE                                                                                                                                                                                                  
---------------------------------------- ----------------------------------------                                                                                                                                                               
NLS_LANGUAGE                             AMERICAN                                                                                                                                                                                               
NLS_TERRITORY                            AMERICA                                                                                                                                                                                                
NLS_CURRENCY                             $                                                                                                                                                                                                      
NLS_ISO_CURRENCY                         AMERICA                                                                                                                                                                                                
NLS_NUMERIC_CHARACTERS                   .,                                                                                                                                                                                                     
NLS_CALENDAR                             GREGORIAN                                                                                                                                                                                              
NLS_DATE_FORMAT                          DD-MON-RRRR                                                                                                                                                                                            
NLS_DATE_LANGUAGE                        AMERICAN                                                                                                                                                                                               
NLS_SORT                                 BINARY                                                                                                                                                                                                 
NLS_TIME_FORMAT                          HH.MI.SSXFF AM                                                                                                                                                                                         
NLS_TIMESTAMP_FORMAT                     DD-MON-RR HH.MI.SSXFF AM                                                                                                                                                                               
NLS_TIME_TZ_FORMAT                       HH.MI.SSXFF AM TZR                                                                                                                                                                                     
NLS_TIMESTAMP_TZ_FORMAT                  DD-MON-RR HH.MI.SSXFF AM TZR                                                                                                                                                                           
NLS_DUAL_CURRENCY                        $                                                                                                                                                                                                      
NLS_COMP                                 BINARY                                                                                                                                                                                                 
NLS_LENGTH_SEMANTICS                     BYTE                                                                                                                                                                                                   
NLS_NCHAR_CONV_EXCP                      FALSE                                                                                                                                                                                                  

17 rows selected.

SQL> ALTER SESSION SET NLS_CURRENCY = 'Rs.';

Session altered.

SQL> ALTER SESSION SET NLS_DUAL_CURRENCY = '~';

Session altered.

SQL> 
SQL> SELECT SALARY , TO_CHAR(SALARY,'l90,909.99') FROM EMPLOYEES;

    SALARY TO_CHAR(SALARY,'L90,                                                                                                                                                                                                                 
---------- --------------------                                                                                                                                                                                                                 
     24000         Rs.24,000.00                                                                                                                                                                                                                 
     17000         Rs.17,000.00                                                                                                                                                                                                                 
     17000         Rs.17,000.00                                                                                                                                                                                                                 
      9000          Rs.9,000.00                                                                                                                                                                                                                 
      6000          Rs.6,000.00                                                                                                                                                                                                                 
      4200          Rs.4,200.00                                                                                                                                                                                                                 
      5800          Rs.5,800.00                                                                                                                                                                                                                 
      3500          Rs.3,500.00                                                                                                                                                                                                                 
      3100          Rs.3,100.00                                                                                                                                                                                                                 
      2600          Rs.2,600.00                                                                                                                                                                                                                 
      2500          Rs.2,500.00                                                                                                                                                                                                                 
     10500         Rs.10,500.00                                                                                                                                                                                                                 
     11000         Rs.11,000.00                                                                                                                                                                                                                 
      8600          Rs.8,600.00                                                                                                                                                                                                                 
      7000          Rs.7,000.00                                                                                                                                                                                                                 
      4400          Rs.4,400.00                                                                                                                                                                                                                 
     13000         Rs.13,000.00                                                                                                                                                                                                                 
      6000          Rs.6,000.00                                                                                                                                                                                                                 
     12000         Rs.12,000.00                                                                                                                                                                                                                 
      8300          Rs.8,300.00                                                                                                                                                                                                                 

20 rows selected.

SQL> SELECT SALARY , TO_CHAR(SALARY,'U90,909.99') FROM EMPLOYEES;

    SALARY TO_CHAR(SALARY,'U90,                                                                                                                                                                                                                 
---------- --------------------                                                                                                                                                                                                                 
     24000           ~24,000.00                                                                                                                                                                                                                 
     17000           ~17,000.00                                                                                                                                                                                                                 
     17000           ~17,000.00                                                                                                                                                                                                                 
      9000            ~9,000.00                                                                                                                                                                                                                 
      6000            ~6,000.00                                                                                                                                                                                                                 
      4200            ~4,200.00                                                                                                                                                                                                                 
      5800            ~5,800.00                                                                                                                                                                                                                 
      3500            ~3,500.00                                                                                                                                                                                                                 
      3100            ~3,100.00                                                                                                                                                                                                                 
      2600            ~2,600.00                                                                                                                                                                                                                 
      2500            ~2,500.00                                                                                                                                                                                                                 
     10500           ~10,500.00                                                                                                                                                                                                                 
     11000           ~11,000.00                                                                                                                                                                                                                 
      8600            ~8,600.00                                                                                                                                                                                                                 
      7000            ~7,000.00                                                                                                                                                                                                                 
      4400            ~4,400.00                                                                                                                                                                                                                 
     13000           ~13,000.00                                                                                                                                                                                                                 
      6000            ~6,000.00                                                                                                                                                                                                                 
     12000           ~12,000.00                                                                                                                                                                                                                 
      8300            ~8,300.00                                                                                                                                                                                                                 

20 rows selected.

SQL> ALTER SESSION SET NLS_NUMERIC_CHARACTERS= '!#';

Session altered.

SQL> 
SQL> SELECT SALARY , TO_CHAR(SALARY,'l90G909D99') FROM EMPLOYEES;

    SALARY TO_CHAR(SALARY,'L90G                                                                                                                                                                                                                 
---------- --------------------                                                                                                                                                                                                                 
     24000         Rs.24#000!00                                                                                                                                                                                                                 
     17000         Rs.17#000!00                                                                                                                                                                                                                 
     17000         Rs.17#000!00                                                                                                                                                                                                                 
      9000          Rs.9#000!00                                                                                                                                                                                                                 
      6000          Rs.6#000!00                                                                                                                                                                                                                 
      4200          Rs.4#200!00                                                                                                                                                                                                                 
      5800          Rs.5#800!00                                                                                                                                                                                                                 
      3500          Rs.3#500!00                                                                                                                                                                                                                 
      3100          Rs.3#100!00                                                                                                                                                                                                                 
      2600          Rs.2#600!00                                                                                                                                                                                                                 
      2500          Rs.2#500!00                                                                                                                                                                                                                 
     10500         Rs.10#500!00                                                                                                                                                                                                                 
     11000         Rs.11#000!00                                                                                                                                                                                                                 
      8600          Rs.8#600!00                                                                                                                                                                                                                 
      7000          Rs.7#000!00                                                                                                                                                                                                                 
      4400          Rs.4#400!00                                                                                                                                                                                                                 
     13000         Rs.13#000!00                                                                                                                                                                                                                 
      6000          Rs.6#000!00                                                                                                                                                                                                                 
     12000         Rs.12#000!00                                                                                                                                                                                                                 
      8300          Rs.8#300!00                                                                                                                                                                                                                 

20 rows selected.

SQL> SELECT SALARY , TO_CHAR(SALARY,'99.99EEEE') FROM EMPLOYEES;

    SALARY TO_CHAR(SA                                                                                                                                                                                                                           
---------- ----------                                                                                                                                                                                                                           
     24000   2.40E+04                                                                                                                                                                                                                           
     17000   1.70E+04                                                                                                                                                                                                                           
     17000   1.70E+04                                                                                                                                                                                                                           
      9000   9.00E+03                                                                                                                                                                                                                           
      6000   6.00E+03                                                                                                                                                                                                                           
      4200   4.20E+03                                                                                                                                                                                                                           
      5800   5.80E+03                                                                                                                                                                                                                           
      3500   3.50E+03                                                                                                                                                                                                                           
      3100   3.10E+03                                                                                                                                                                                                                           
      2600   2.60E+03                                                                                                                                                                                                                           
      2500   2.50E+03                                                                                                                                                                                                                           
     10500   1.05E+04                                                                                                                                                                                                                           
     11000   1.10E+04                                                                                                                                                                                                                           
      8600   8.60E+03                                                                                                                                                                                                                           
      7000   7.00E+03                                                                                                                                                                                                                           
      4400   4.40E+03                                                                                                                                                                                                                           
     13000   1.30E+04                                                                                                                                                                                                                           
      6000   6.00E+03                                                                                                                                                                                                                           
     12000   1.20E+04                                                                                                                                                                                                                           
      8300   8.30E+03                                                                                                                                                                                                                           

20 rows selected.

SQL> REM EXPONENT FORMAT/SCIENTIFIC NOTATION                    ....EEEE IS USED TO FOR WRINTING IN EXPONENTIAL FORM LIKE 2.04E+04 IS SAID AS 2.4 RAISE TO 4
SQL> 
SQL> SELECT SALARY , TO_CHAR(SALARY,'99.99eeee') FROM EMPLOYEES;

    SALARY TO_CHAR(SA                                                                                                                                                                                                                           
---------- ----------                                                                                                                                                                                                                           
     24000   2.40E+04                                                                                                                                                                                                                           
     17000   1.70E+04                                                                                                                                                                                                                           
     17000   1.70E+04                                                                                                                                                                                                                           
      9000   9.00E+03                                                                                                                                                                                                                           
      6000   6.00E+03                                                                                                                                                                                                                           
      4200   4.20E+03                                                                                                                                                                                                                           
      5800   5.80E+03                                                                                                                                                                                                                           
      3500   3.50E+03                                                                                                                                                                                                                           
      3100   3.10E+03                                                                                                                                                                                                                           
      2600   2.60E+03                                                                                                                                                                                                                           
      2500   2.50E+03                                                                                                                                                                                                                           
     10500   1.05E+04                                                                                                                                                                                                                           
     11000   1.10E+04                                                                                                                                                                                                                           
      8600   8.60E+03                                                                                                                                                                                                                           
      7000   7.00E+03                                                                                                                                                                                                                           
      4400   4.40E+03                                                                                                                                                                                                                           
     13000   1.30E+04                                                                                                                                                                                                                           
      6000   6.00E+03                                                                                                                                                                                                                           
     12000   1.20E+04                                                                                                                                                                                                                           
      8300   8.30E+03                                                                                                                                                                                                                           

20 rows selected.

SQL> SELECT SALARY , TO_CHAR(SALARY,'99.99eee') FROM EMPLOYEES;
SELECT SALARY , TO_CHAR(SALARY,'99.99eee') FROM EMPLOYEES
                               *
ERROR at line 1:
ORA-01481: invalid number format model 


SQL> SELECT SALARY , TO_CHAR(SALARY,'99.99eeeee') FROM EMPLOYEES;
SELECT SALARY , TO_CHAR(SALARY,'99.99eeeee') FROM EMPLOYEES
                               *
ERROR at line 1:
ORA-01481: invalid number format model 


SQL> SELECT SALARY , TO_CHAR(SALARY,'99.99EEee') FROM EMPLOYEES;
SELECT SALARY , TO_CHAR(SALARY,'99.99EEee') FROM EMPLOYEES
                               *
ERROR at line 1:
ORA-01481: invalid number format model 


SQL> SELECT 2.4 * POWER(10,4) FROM DUAL;

2.4*POWER(10,4)                                                                                                                                                                                                                                 
---------------                                                                                                                                                                                                                                 
          24000                                                                                                                                                                                                                                 

SQL> SELECT * FROM POSNEGNO;

        NO                                                                                                                                                                                                                                      
----------                                                                                                                                                                                                                                      
        12                                                                                                                                                                                                                                      
                                                                                                                                                                                                                                                
         0                                                                                                                                                                                                                                      
       -12                                                                                                                                                                                                                                      

SQL> SELECT NO , TO_CHAR(NO,'S99.99') FROM POSNEGNO;

        NO TO_CHA                                                                                                                                                                                                                               
---------- ------                                                                                                                                                                                                                               
        12 +12.00                                                                                                                                                                                                                               
                                                                                                                                                                                                                                                
         0   +.00                                                                                                                                                                                                                               
       -12 -12.00                                                                                                                                                                                                                               
SQL> REM S LAKHO TO SIGN SAATHE AAVSE
SQL> SELECT NO , TO_CHAR(NO,'99.99S') FROM POSNEGNO;

        NO TO_CHA                                                                                                                                                                                                                               
---------- ------                                                                                                                                                                                                                               
        12 12.00+                                                                                                                                                                                                                               
                                                                                                                                                                                                                                                
         0   .00+                                                                                                                                                                                                                               
       -12 12.00-                                                                                                                                                                                                                               

SQL> SELECT NO , TO_CHAR(NO,'99.99MI') FROM POSNEGNO;

        NO TO_CHA                                                                                                                                                                                                                               
---------- ------                                                                                                                                                                                                                               
        12 12.00                                                                                                                                                                                                                                
                                                                                                                                                                                                                                                
         0   .00                                                                                                                                                                                                                                
       -12 12.00-                                                                                                                                                                                                                               

SQL> SELECT NO , TO_CHAR(NO,'MI99.99') FROM POSNEGNO;
SELECT NO , TO_CHAR(NO,'MI99.99') FROM POSNEGNO
                       *
ERROR at line 1:
ORA-01481: invalid number format model 


SQL> SELECT NO , TO_CHAR(NO,'99.99PR') FROM POSNEGNO;

        NO TO_CHAR                                                                                                                                                                                                                              
---------- -------                                                                                                                                                                                                                              
        12  12.00                                                                                                                                                                                                                               
                                                                                                                                                                                                                                                
         0    .00                                                                                                                                                                                                                               
       -12 <12.00>                                                                                                                                                                                                                              

SQL> SELECT NO , TO_CHAR(NO,'PR99.99') FROM POSNEGNO;
SELECT NO , TO_CHAR(NO,'PR99.99') FROM POSNEGNO
                       *
ERROR at line 1:
ORA-01481: invalid number format model 


SQL> SELECT NO , TO_CHAR(NO,'99S.99') FROM POSNEGNO;
SELECT NO , TO_CHAR(NO,'99S.99') FROM POSNEGNO
                       *
ERROR at line 1:
ORA-01481: invalid number format model 


SQL> SELECT TO_CHAR(345,'999V9999999') FROM DUAL;

TO_CHAR(345                                                                                                                                                                                                                                     
-----------                                                                                                                                                                                                                                     
 3450000000                                                                                                                                                                                                                                     

SQL> SELECT TO_CHAR(345,'999V000') FROM DUAL;

TO_CHAR                                                                                                                                                                                                                                         
-------                                                                                                                                                                                                                                         
 345000                                                                                                                                                                                                                                         

SQL> SELECT TO_CHAR(3.45,'999V000') FROM DUAL;

TO_CHAR                                                                                                                                                                                                                                         
-------                                                                                                                                                                                                                                         
   3450                                                                                                                                                                                                                                         

SQL> SELECT TO_CHAR(3.45,'999V00000') FROM DUAL;

TO_CHAR(3                                                                                                                                                                                                                                       
---------                                                                                                                                                                                                                                       
   345000                                                                                                                                                                                                                                       

SQL> SELECT TO_CHAR(3.45,'9V00000') FROM DUAL;

TO_CHAR                                                                                                                                                                                                                                         
-------                                                                                                                                                                                                                                         
 345000                                                                                                                                                                                                                                         

SQL> SELECT TO_CHAR(345,'9V9999999') FROM DUAL;

TO_CHAR(3                                                                                                                                                                                                                                       
---------                                                                                                                                                                                                                                       
#########                                                                                                                                                                                                                                       

SQL> SELECT TO_CHAR(345,'999V9999999') FROM DUAL;

TO_CHAR(345                                                                                                                                                                                                                                     
-----------                                                                                                                                                                                                                                     
 3450000000                                                                                                                                                                                                                                     

SQL> REM DATE FORMAT CHARACTERS : D DD DDD DY MM J SP YEAR RRRR RR MONTH MON DAY Y YY YYY YYYY HH SS MI SSSSS HH12 HH24 WW W AM PM RM Q FX FM TH
SQL> \
SP2-0042: unknown command "\" - rest of line ignored.
SQL> REM NUMBER FORMAT CHARACTERS : 0 9 EEEE $ L U V G D . , S PR MI
SQL> 
SQL> 
SQL> SELECT HIRE_DATE , REPLACE(HIRE_DATE,'JAN','jan') FROM EMPLOYEES;

HIRE_DATE   REPLACE(HIRE_DATE,'JAN','JAN')                                                                                                                                                                                                      
----------- ------------------------------------------------------------                                                                                                                                                                        
17-JUL-1987 17-JUL-1987                                                                                                                                                                                                                         
21-SEP-1989 21-SEP-1989                                                                                                                                                                                                                         
13-JAN-1993 13-jan-1993                                                                                                                                                                                                                         
03-JAN-1990 03-jan-1990                                                                                                                                                                                                                         
21-MAY-1991 21-MAY-1991                                                                                                                                                                                                                         
07-FEB-1999 07-FEB-1999                                                                                                                                                                                                                         
16-NOV-1999 16-NOV-1999                                                                                                                                                                                                                         
17-OCT-1995 17-OCT-1995                                                                                                                                                                                                                         
29-JAN-1997 29-jan-1997                                                                                                                                                                                                                         
15-MAR-1998 15-MAR-1998                                                                                                                                                                                                                         
09-JUL-1998 09-JUL-1998                                                                                                                                                                                                                         
29-JAN-2000 29-jan-2000                                                                                                                                                                                                                         
11-MAY-1996 11-MAY-1996                                                                                                                                                                                                                         
24-MAR-1998 24-MAR-1998                                                                                                                                                                                                                         
24-MAY-1999 24-MAY-1999                                                                                                                                                                                                                         
17-SEP-1987 17-SEP-1987                                                                                                                                                                                                                         
17-FEB-1996 17-FEB-1996                                                                                                                                                                                                                         
17-AUG-1997 17-AUG-1997                                                                                                                                                                                                                         
07-JUN-1994 07-JUN-1994                                                                                                                                                                                                                         
07-JUN-1994 07-JUN-1994                                                                                                                                                                                                                         

20 rows selected.

SQL> SELECT HIRE_DATE , TRANSLATE(HIRE_DATE,'JAN','jan') FROM EMPLOYEES;

HIRE_DATE   TRANSLATE(HIRE_DATE,'JAN','JAN')                                                                                                                                                                                                    
----------- --------------------------------------------------------------------------------                                                                                                                                                    
17-JUL-1987 17-jUL-1987                                                                                                                                                                                                                         
21-SEP-1989 21-SEP-1989                                                                                                                                                                                                                         
13-JAN-1993 13-jan-1993                                                                                                                                                                                                                         
03-JAN-1990 03-jan-1990                                                                                                                                                                                                                         
21-MAY-1991 21-MaY-1991                                                                                                                                                                                                                         
07-FEB-1999 07-FEB-1999                                                                                                                                                                                                                         
16-NOV-1999 16-nOV-1999                                                                                                                                                                                                                         
17-OCT-1995 17-OCT-1995                                                                                                                                                                                                                         
29-JAN-1997 29-jan-1997                                                                                                                                                                                                                         
15-MAR-1998 15-MaR-1998                                                                                                                                                                                                                         
09-JUL-1998 09-jUL-1998                                                                                                                                                                                                                         
29-JAN-2000 29-jan-2000                                                                                                                                                                                                                         
11-MAY-1996 11-MaY-1996                                                                                                                                                                                                                         
24-MAR-1998 24-MaR-1998                                                                                                                                                                                                                         
24-MAY-1999 24-MaY-1999                                                                                                                                                                                                                         
17-SEP-1987 17-SEP-1987                                                                                                                                                                                                                         
17-FEB-1996 17-FEB-1996                                                                                                                                                                                                                         
17-AUG-1997 17-aUG-1997                                                                                                                                                                                                                         
07-JUN-1994 07-jUn-1994                                                                                                                                                                                                                         
07-JUN-1994 07-jUn-1994                                                                                                                                                                                                                         

20 rows selected.

SQL> REM March 6 2021
SQL> 
SQL> SELECT TO_CHAR(SYSDATE,'MONTH DD RRRR') FROM DUAL;

TO_CHAR(SYSDATE,'MONTHDDRRRR')                                                                                                                                                                                                                  
--------------------------------------------                                                                                                                                                                                                    
MARCH     06 2021                                                                                                                                                                                                                               

SQL> SELECT TO_CHAR(SYSDATE,'mONTH DD RRRR') FROM DUAL;

TO_CHAR(SYSDATE,'MONTHDDRRRR')                                                                                                                                                                                                                  
--------------------------------------------                                                                                                                                                                                                    
march     06 2021                                                                                                                                                                                                                               

SQL> SELECT TO_CHAR(SYSDATE,'Month DD RRRR') FROM DUAL;

TO_CHAR(SYSDATE,'MONTHDDRRRR')                                                                                                                                                                                                                  
--------------------------------------------                                                                                                                                                                                                    
March     06 2021                                                                                                                                                                                                                               

SQL> SELECT TO_CHAR(SYSDATE,'fmMonth DD RRRR') FROM DUAL;

TO_CHAR(SYSDATE,'FMMONTHDDRRRR')                                                                                                                                                                                                                
--------------------------------------------                                                                                                                                                                                                    
March 6 2021                                                                                                                                                                                                                                    

SQL> REM Sixth March Twenty Twenty-One
SQL> 
SQL> 
SQL> SELECT TO_CHAR(SYSDATE,'DdTHSP FMMonth RRRRsp') FROM DUAL;

TO_CHAR(SYSDATE,'DDTHSPFMMONTHRRRRSP')                                                                                                                                                                                                          
----------------------------------------------------------------------------------------------                                                                                                                                                  
Sixth March TWO THOUSAND TWENTY-ONE                                                                                                                                                                                                             

SQL> SELECT TO_CHAR(SYSDATE,'DdTHSP FMMonth YEAR') FROM DUAL;

TO_CHAR(SYSDATE,'DDTHSPFMMONTHYEAR')                                                                                                                                                                                                            
----------------------------------------------------------------------------------------------                                                                                                                                                  
Sixth March TWENTY TWENTY-ONE                                                                                                                                                                                                                   

SQL> SELECT TO_CHAR(SYSDATE,'DdTHSP FMMonth Year') FROM DUAL;

TO_CHAR(SYSDATE,'DDTHSPFMMONTHYEAR')                                                                                                                                                                                                            
----------------------------------------------------------------------------------------------                                                                                                                                                  
Sixth March Twenty Twenty-One                                                                                                                                                                                                                   

SQL> REM Rs.09,000.00
SQL> 
SQL> SELECT TO_CHAR(SALARY,'Rs.09,000.00') FROM DUAL;
SELECT TO_CHAR(SALARY,'Rs.09,000.00') FROM DUAL
               *
ERROR at line 1:
ORA-00904: "SALARY": invalid identifier 


SQL> SELECT TO_CHAR(SALARY,'Rs.09,000.00') FROM EMPLOYEES;
SELECT TO_CHAR(SALARY,'Rs.09,000.00') FROM EMPLOYEES
                      *
ERROR at line 1:
ORA-01481: invalid number format model 


SQL> SELECT TO_CHAR(SALARY,'L09,000.00') FROM EMPLOYEES;

TO_CHAR(SALARY,'L09,                                                                                                                                                                                                                            
--------------------                                                                                                                                                                                                                            
        Rs.24,000.00                                                                                                                                                                                                                            
        Rs.17,000.00                                                                                                                                                                                                                            
        Rs.17,000.00                                                                                                                                                                                                                            
        Rs.09,000.00                                                                                                                                                                                                                            
        Rs.06,000.00                                                                                                                                                                                                                            
        Rs.04,200.00                                                                                                                                                                                                                            
        Rs.05,800.00                                                                                                                                                                                                                            
        Rs.03,500.00                                                                                                                                                                                                                            
        Rs.03,100.00                                                                                                                                                                                                                            
        Rs.02,600.00                                                                                                                                                                                                                            
        Rs.02,500.00                                                                                                                                                                                                                            
        Rs.10,500.00                                                                                                                                                                                                                            
        Rs.11,000.00                                                                                                                                                                                                                            
        Rs.08,600.00                                                                                                                                                                                                                            
        Rs.07,000.00                                                                                                                                                                                                                            
        Rs.04,400.00                                                                                                                                                                                                                            
        Rs.13,000.00                                                                                                                                                                                                                            
        Rs.06,000.00                                                                                                                                                                                                                            
        Rs.12,000.00                                                                                                                                                                                                                            
        Rs.08,300.00                                                                                                                                                                                                                            

20 rows selected.

SQL> conn scott/TIGER
Connected.
SQL> R
  1* SELECT TO_CHAR(SALARY,'L09,000.00') FROM EMPLOYEES

TO_CHAR(SALARY,'L09,                                                                                                                                                                                                                            
--------------------                                                                                                                                                                                                                            
          $24,000.00                                                                                                                                                                                                                            
          $17,000.00                                                                                                                                                                                                                            
          $17,000.00                                                                                                                                                                                                                            
          $09,000.00                                                                                                                                                                                                                            
          $06,000.00                                                                                                                                                                                                                            
          $04,200.00                                                                                                                                                                                                                            
          $05,800.00                                                                                                                                                                                                                            
          $03,500.00                                                                                                                                                                                                                            
          $03,100.00                                                                                                                                                                                                                            
          $02,600.00                                                                                                                                                                                                                            
          $02,500.00                                                                                                                                                                                                                            
          $10,500.00                                                                                                                                                                                                                            
          $11,000.00                                                                                                                                                                                                                            
          $08,600.00                                                                                                                                                                                                                            
          $07,000.00                                                                                                                                                                                                                            
          $04,400.00                                                                                                                                                                                                                            
          $13,000.00                                                                                                                                                                                                                            
          $06,000.00                                                                                                                                                                                                                            
          $12,000.00                                                                                                                                                                                                                            
          $08,300.00                                                                                                                                                                                                                            

20 rows selected.

SQL> ALTER SESSION SET NLS_CURRENCY = 'Rs.';

Session altered.

SQL> 
SQL> SELECT TO_CHAR(SALARY,'L09,000.00') FROM EMPLOYEES;

TO_CHAR(SALARY,'L09,                                                                                                                                                                                                                            
--------------------                                                                                                                                                                                                                            
        Rs.24,000.00                                                                                                                                                                                                                            
        Rs.17,000.00                                                                                                                                                                                                                            
        Rs.17,000.00                                                                                                                                                                                                                            
        Rs.09,000.00                                                                                                                                                                                                                            
        Rs.06,000.00                                                                                                                                                                                                                            
        Rs.04,200.00                                                                                                                                                                                                                            
        Rs.05,800.00                                                                                                                                                                                                                            
        Rs.03,500.00                                                                                                                                                                                                                            
        Rs.03,100.00                                                                                                                                                                                                                            
        Rs.02,600.00                                                                                                                                                                                                                            
        Rs.02,500.00                                                                                                                                                                                                                            
        Rs.10,500.00                                                                                                                                                                                                                            
        Rs.11,000.00                                                                                                                                                                                                                            
        Rs.08,600.00                                                                                                                                                                                                                            
        Rs.07,000.00                                                                                                                                                                                                                            
        Rs.04,400.00                                                                                                                                                                                                                            
        Rs.13,000.00                                                                                                                                                                                                                            
        Rs.06,000.00                                                                                                                                                                                                                            
        Rs.12,000.00                                                                                                                                                                                                                            
        Rs.08,300.00                                                                                                                                                                                                                            

20 rows selected.

SQL> REM @24#000!00
SQL> 
SQL> ALTER SESSION SET NLS_CURRENCY = '@';

Session altered.

SQL> ALTER SESSION SET NLS_NUMERIC_CHARACTERS = '#!';

Session altered.

SQL> SELECT TO_CHAR(SALARY,'L90,999.99') FROM EMPLOYEES;

TO_CHAR(SALARY,'L90,                                                                                                                                                                                                                            
--------------------                                                                                                                                                                                                                            
          @24,000.00                                                                                                                                                                                                                            
          @17,000.00                                                                                                                                                                                                                            
          @17,000.00                                                                                                                                                                                                                            
           @9,000.00                                                                                                                                                                                                                            
           @6,000.00                                                                                                                                                                                                                            
           @4,200.00                                                                                                                                                                                                                            
           @5,800.00                                                                                                                                                                                                                            
           @3,500.00                                                                                                                                                                                                                            
           @3,100.00                                                                                                                                                                                                                            
           @2,600.00                                                                                                                                                                                                                            
           @2,500.00                                                                                                                                                                                                                            
          @10,500.00                                                                                                                                                                                                                            
          @11,000.00                                                                                                                                                                                                                            
           @8,600.00                                                                                                                                                                                                                            
           @7,000.00                                                                                                                                                                                                                            
           @4,400.00                                                                                                                                                                                                                            
          @13,000.00                                                                                                                                                                                                                            
           @6,000.00                                                                                                                                                                                                                            
          @12,000.00                                                                                                                                                                                                                            
           @8,300.00                                                                                                                                                                                                                            

20 rows selected.

SQL> REM @24#000!00
SQL> 
SQL> SELECT TO_CHAR(SALARY,'L09#000!00') FROM EMPLOYEES;
SELECT TO_CHAR(SALARY,'L09#000!00') FROM EMPLOYEES
                      *
ERROR at line 1:
ORA-01481: invalid number format model 


SQL> SELECT TO_CHAR(SALARY,'L09G000D00') FROM EMPLOYEES;

TO_CHAR(SALARY,'L09G                                                                                                                                                                                                                            
--------------------                                                                                                                                                                                                                            
          @24!000#00                                                                                                                                                                                                                            
          @17!000#00                                                                                                                                                                                                                            
          @17!000#00                                                                                                                                                                                                                            
          @09!000#00                                                                                                                                                                                                                            
          @06!000#00                                                                                                                                                                                                                            
          @04!200#00                                                                                                                                                                                                                            
          @05!800#00                                                                                                                                                                                                                            
          @03!500#00                                                                                                                                                                                                                            
          @03!100#00                                                                                                                                                                                                                            
          @02!600#00                                                                                                                                                                                                                            
          @02!500#00                                                                                                                                                                                                                            
          @10!500#00                                                                                                                                                                                                                            
          @11!000#00                                                                                                                                                                                                                            
          @08!600#00                                                                                                                                                                                                                            
          @07!000#00                                                                                                                                                                                                                            
          @04!400#00                                                                                                                                                                                                                            
          @13!000#00                                                                                                                                                                                                                            
          @06!000#00                                                                                                                                                                                                                            
          @12!000#00                                                                                                                                                                                                                            
          @08!300#00                                                                                                                                                                                                                            

20 rows selected.

SQL> REM @24#000!00
SQL> ALTER SESSION SET NLS_NUMERIC_CHARACTERS = '!#';

Session altered.

SQL> 
SQL> SELECT TO_CHAR(SALARY,'L09G000D00') FROM EMPLOYEES;

TO_CHAR(SALARY,'L09G                                                                                                                                                                                                                            
--------------------                                                                                                                                                                                                                            
          @24#000!00                                                                                                                                                                                                                            
          @17#000!00                                                                                                                                                                                                                            
          @17#000!00                                                                                                                                                                                                                            
          @09#000!00                                                                                                                                                                                                                            
          @06#000!00                                                                                                                                                                                                                            
          @04#200!00                                                                                                                                                                                                                            
          @05#800!00                                                                                                                                                                                                                            
          @03#500!00                                                                                                                                                                                                                            
          @03#100!00                                                                                                                                                                                                                            
          @02#600!00                                                                                                                                                                                                                            
          @02#500!00                                                                                                                                                                                                                            
          @10#500!00                                                                                                                                                                                                                            
          @11#000!00                                                                                                                                                                                                                            
          @08#600!00                                                                                                                                                                                                                            
          @07#000!00                                                                                                                                                                                                                            
          @04#400!00                                                                                                                                                                                                                            
          @13#000!00                                                                                                                                                                                                                            
          @06#000!00                                                                                                                                                                                                                            
          @12#000!00                                                                                                                                                                                                                            
          @08#300!00                                                                                                                                                                                                                            

20 rows selected.

SQL> SPOOL OFF
